Archive member included to satisfy reference by file (symbol)

Middlewares/ST/STM32_Audio/Addons/PDM/Lib/libPDMFilter_CM4_GCC.a(pdm_filter.o)
                              build/pdm2pcm.o (PDM_Filter_Init)
/usr/bin/../lib/gcc/arm-none-eabi/7.3.1/../../../../arm-none-eabi/lib/thumb/v7e-m/fpv4-sp/hard/libc_nano.a(lib_a-exit.o)
                              /usr/bin/../lib/gcc/arm-none-eabi/7.3.1/../../../../arm-none-eabi/lib/thumb/v7e-m/fpv4-sp/hard/crt0.o (exit)
/usr/bin/../lib/gcc/arm-none-eabi/7.3.1/../../../../arm-none-eabi/lib/thumb/v7e-m/fpv4-sp/hard/libc_nano.a(lib_a-impure.o)
                              /usr/bin/../lib/gcc/arm-none-eabi/7.3.1/../../../../arm-none-eabi/lib/thumb/v7e-m/fpv4-sp/hard/libc_nano.a(lib_a-exit.o) (_global_impure_ptr)
/usr/bin/../lib/gcc/arm-none-eabi/7.3.1/../../../../arm-none-eabi/lib/thumb/v7e-m/fpv4-sp/hard/libc_nano.a(lib_a-init.o)
                              /usr/bin/../lib/gcc/arm-none-eabi/7.3.1/../../../../arm-none-eabi/lib/thumb/v7e-m/fpv4-sp/hard/crt0.o (__libc_init_array)
/usr/bin/../lib/gcc/arm-none-eabi/7.3.1/../../../../arm-none-eabi/lib/thumb/v7e-m/fpv4-sp/hard/libc_nano.a(lib_a-memset.o)
                              /usr/bin/../lib/gcc/arm-none-eabi/7.3.1/../../../../arm-none-eabi/lib/thumb/v7e-m/fpv4-sp/hard/crt0.o (memset)
/usr/bin/../lib/gcc/arm-none-eabi/7.3.1/../../../../arm-none-eabi/lib/thumb/v7e-m/fpv4-sp/hard/libm.a(lib_a-s_round.o)
                              Middlewares/ST/STM32_Audio/Addons/PDM/Lib/libPDMFilter_CM4_GCC.a(pdm_filter.o) (round)
/usr/bin/../lib/gcc/arm-none-eabi/7.3.1/../../../../arm-none-eabi/lib/thumb/v7e-m/fpv4-sp/hard/libm.a(lib_a-wf_pow.o)
                              Middlewares/ST/STM32_Audio/Addons/PDM/Lib/libPDMFilter_CM4_GCC.a(pdm_filter.o) (powf)
/usr/bin/../lib/gcc/arm-none-eabi/7.3.1/../../../../arm-none-eabi/lib/thumb/v7e-m/fpv4-sp/hard/libm.a(lib_a-ef_pow.o)
                              /usr/bin/../lib/gcc/arm-none-eabi/7.3.1/../../../../arm-none-eabi/lib/thumb/v7e-m/fpv4-sp/hard/libm.a(lib_a-wf_pow.o) (__ieee754_powf)
/usr/bin/../lib/gcc/arm-none-eabi/7.3.1/../../../../arm-none-eabi/lib/thumb/v7e-m/fpv4-sp/hard/libm.a(lib_a-ef_sqrt.o)
                              /usr/bin/../lib/gcc/arm-none-eabi/7.3.1/../../../../arm-none-eabi/lib/thumb/v7e-m/fpv4-sp/hard/libm.a(lib_a-ef_pow.o) (__ieee754_sqrtf)
/usr/bin/../lib/gcc/arm-none-eabi/7.3.1/../../../../arm-none-eabi/lib/thumb/v7e-m/fpv4-sp/hard/libm.a(lib_a-s_lib_ver.o)
                              /usr/bin/../lib/gcc/arm-none-eabi/7.3.1/../../../../arm-none-eabi/lib/thumb/v7e-m/fpv4-sp/hard/libm.a(lib_a-wf_pow.o) (__fdlib_version)
/usr/bin/../lib/gcc/arm-none-eabi/7.3.1/../../../../arm-none-eabi/lib/thumb/v7e-m/fpv4-sp/hard/libm.a(lib_a-s_matherr.o)
                              /usr/bin/../lib/gcc/arm-none-eabi/7.3.1/../../../../arm-none-eabi/lib/thumb/v7e-m/fpv4-sp/hard/libm.a(lib_a-wf_pow.o) (matherr)
/usr/bin/../lib/gcc/arm-none-eabi/7.3.1/../../../../arm-none-eabi/lib/thumb/v7e-m/fpv4-sp/hard/libm.a(lib_a-sf_fabs.o)
                              /usr/bin/../lib/gcc/arm-none-eabi/7.3.1/../../../../arm-none-eabi/lib/thumb/v7e-m/fpv4-sp/hard/libm.a(lib_a-ef_pow.o) (fabsf)
/usr/bin/../lib/gcc/arm-none-eabi/7.3.1/../../../../arm-none-eabi/lib/thumb/v7e-m/fpv4-sp/hard/libm.a(lib_a-sf_finite.o)
                              /usr/bin/../lib/gcc/arm-none-eabi/7.3.1/../../../../arm-none-eabi/lib/thumb/v7e-m/fpv4-sp/hard/libm.a(lib_a-wf_pow.o) (finitef)
/usr/bin/../lib/gcc/arm-none-eabi/7.3.1/../../../../arm-none-eabi/lib/thumb/v7e-m/fpv4-sp/hard/libm.a(lib_a-sf_nan.o)
                              /usr/bin/../lib/gcc/arm-none-eabi/7.3.1/../../../../arm-none-eabi/lib/thumb/v7e-m/fpv4-sp/hard/libm.a(lib_a-ef_pow.o) (nanf)
/usr/bin/../lib/gcc/arm-none-eabi/7.3.1/../../../../arm-none-eabi/lib/thumb/v7e-m/fpv4-sp/hard/libm.a(lib_a-sf_rint.o)
                              /usr/bin/../lib/gcc/arm-none-eabi/7.3.1/../../../../arm-none-eabi/lib/thumb/v7e-m/fpv4-sp/hard/libm.a(lib_a-wf_pow.o) (rintf)
/usr/bin/../lib/gcc/arm-none-eabi/7.3.1/../../../../arm-none-eabi/lib/thumb/v7e-m/fpv4-sp/hard/libm.a(lib_a-sf_scalbn.o)
                              /usr/bin/../lib/gcc/arm-none-eabi/7.3.1/../../../../arm-none-eabi/lib/thumb/v7e-m/fpv4-sp/hard/libm.a(lib_a-ef_pow.o) (scalbnf)
/usr/bin/../lib/gcc/arm-none-eabi/7.3.1/../../../../arm-none-eabi/lib/thumb/v7e-m/fpv4-sp/hard/libm.a(lib_a-sf_copysign.o)
                              /usr/bin/../lib/gcc/arm-none-eabi/7.3.1/../../../../arm-none-eabi/lib/thumb/v7e-m/fpv4-sp/hard/libm.a(lib_a-sf_scalbn.o) (copysignf)
/usr/bin/../lib/gcc/arm-none-eabi/7.3.1/../../../../arm-none-eabi/lib/thumb/v7e-m/fpv4-sp/hard/libnosys.a(_exit.o)
                              /usr/bin/../lib/gcc/arm-none-eabi/7.3.1/../../../../arm-none-eabi/lib/thumb/v7e-m/fpv4-sp/hard/libc_nano.a(lib_a-exit.o) (_exit)
/usr/bin/../lib/gcc/arm-none-eabi/7.3.1/thumb/v7e-m/fpv4-sp/hard/libgcc.a(_arm_addsubdf3.o)
[...]
Memory Configuration

Name             Origin             Length             Attributes
RAM              0x0000000020000000 0x0000000000020000 xrw
CCMRAM           0x0000000010000000 0x0000000000010000 rw
FLASH            0x0000000008000000 0x0000000000100000 xr
*default*        0x0000000000000000 0xffffffffffffffff

Linker script and memory map

LOAD /usr/bin/../lib/gcc/arm-none-eabi/7.3.1/thumb/v7e-m/fpv4-sp/hard/crti.o
LOAD /usr/bin/../lib/gcc/arm-none-eabi/7.3.1/thumb/v7e-m/fpv4-sp/hard/crtbegin.o
LOAD /usr/bin/../lib/gcc/arm-none-eabi/7.3.1/../../../../arm-none-eabi/lib/thumb/v7e-m/fpv4-sp/hard/crt0.o
LOAD build/main.o
LOAD build/stm32f4xx_it.o
LOAD build/stm32f4xx_hal_msp.o
LOAD build/stm32f4xx_hal_i2s.o
LOAD build/stm32f4xx_hal_i2s_ex.o
LOAD build/stm32f4xx_hal_spi.o
LOAD build/stm32f4xx_hal_tim.o
LOAD build/stm32f4xx_hal_tim_ex.o
LOAD build/stm32f4xx_hal_uart.o
LOAD build/stm32f4xx_hal_rcc.o
LOAD build/stm32f4xx_hal_rcc_ex.o
LOAD build/stm32f4xx_hal_flash.o
LOAD build/stm32f4xx_hal_flash_ex.o
LOAD build/stm32f4xx_hal_flash_ramfunc.o
LOAD build/stm32f4xx_hal_gpio.o
LOAD build/stm32f4xx_hal_dma_ex.o
LOAD build/stm32f4xx_hal_dma.o
LOAD build/stm32f4xx_hal_pwr.o
LOAD build/stm32f4xx_hal_pwr_ex.o
LOAD build/stm32f4xx_hal_cortex.o
LOAD build/stm32f4xx_hal.o
LOAD build/system_stm32f4xx.o
LOAD build/pdm2pcm.o
LOAD build/stm32f4xx_hal_crc.o
LOAD build/startup_stm32f407xx.o
LOAD Middlewares/ST/STM32_Audio/Addons/PDM/Lib/libPDMFilter_CM4_GCC.a
LOAD /usr/bin/../lib/gcc/arm-none-eabi/7.3.1/../../../../arm-none-eabi/lib/thumb/v7e-m/fpv4-sp/hard/libc_nano.a
LOAD /usr/bin/../lib/gcc/arm-none-eabi/7.3.1/../../../../arm-none-eabi/lib/thumb/v7e-m/fpv4-sp/hard/libm.a
LOAD /usr/bin/../lib/gcc/arm-none-eabi/7.3.1/../../../../arm-none-eabi/lib/thumb/v7e-m/fpv4-sp/hard/libnosys.a
START GROUP
LOAD /usr/bin/../lib/gcc/arm-none-eabi/7.3.1/thumb/v7e-m/fpv4-sp/hard/libgcc.a
LOAD /usr/bin/../lib/gcc/arm-none-eabi/7.3.1/../../../../arm-none-eabi/lib/thumb/v7e-m/fpv4-sp/hard/libc_nano.a
END GROUP
START GROUP
LOAD /usr/bin/../lib/gcc/arm-none-eabi/7.3.1/thumb/v7e-m/fpv4-sp/hard/libgcc.a
LOAD /usr/bin/../lib/gcc/arm-none-eabi/7.3.1/../../../../arm-none-eabi/lib/thumb/v7e-m/fpv4-sp/hard/libc_nano.a
END GROUP
LOAD /usr/bin/../lib/gcc/arm-none-eabi/7.3.1/thumb/v7e-m/fpv4-sp/hard/crtend.o
LOAD /usr/bin/../lib/gcc/arm-none-eabi/7.3.1/thumb/v7e-m/fpv4-sp/hard/crtn.o
                0x0000000020020000                _estack = 0x20020000
                0x0000000000000200                _Min_Heap_Size = 0x200
                0x0000000000000400                _Min_Stack_Size = 0x400

.isr_vector     0x0000000008000000      0x188
                0x0000000008000000                . = ALIGN (0x4)
 *(.isr_vector)
 .isr_vector    0x0000000008000000      0x188 build/startup_stm32f407xx.o
                0x0000000008000000                g_pfnVectors
                0x0000000008000188                . = ALIGN (0x4)

.text           0x0000000008000188     0x4de0
                0x0000000008000188                . = ALIGN (0x4)
 *(.text)
 .text          0x0000000008000188       0x40 /usr/bin/../lib/gcc/arm-none-eabi/7.3.1/thumb/v7e-m/fpv4-sp/hard/crtbegin.o
 .text          0x00000000080001c8      0x378 /usr/bin/../lib/gcc/arm-none-eabi/7.3.1/thumb/v7e-m/fpv4-sp/hard/libgcc.a(_arm_addsubdf3.o)
                0x00000000080001c8                __aeabi_drsub
                0x00000000080001d0                __aeabi_dsub
                0x00000000080001d0                __subdf3
                0x00000000080001d4                __adddf3
                0x00000000080001d4                __aeabi_dadd
                0x000000000800044c                __aeabi_ui2d
                0x000000000800044c                __floatunsidf
                0x000000000800046c                __floatsidf
                0x000000000800046c                __aeabi_i2d
                0x0000000008000490                __extendsfdf2
                0x0000000008000490                __aeabi_f2d
                0x00000000080004d4                __aeabi_ul2d
                0x00000000080004d4                __floatundidf
                0x00000000080004e4                __floatdidf
                0x00000000080004e4                __aeabi_l2d
 .text          0x0000000008000540       0x40 /usr/bin/../lib/gcc/arm-none-eabi/7.3.1/thumb/v7e-m/fpv4-sp/hard/libgcc.a(_arm_fixunsdfsi.o)
                0x0000000008000540                __fixunsdfsi
                0x0000000008000540                __aeabi_d2uiz
 .text          0x0000000008000580       0xa0 /usr/bin/../lib/gcc/arm-none-eabi/7.3.1/thumb/v7e-m/fpv4-sp/hard/libgcc.a(_arm_truncdfsf2.o)
                0x0000000008000580                __aeabi_d2f
                0x0000000008000580                __truncdfsf2
 .text          0x0000000008000620       0x30 /usr/bin/../lib/gcc/arm-none-eabi/7.3.1/thumb/v7e-m/fpv4-sp/hard/libgcc.a(_aeabi_uldivmod.o)
                0x0000000008000620                __aeabi_uldivmod
 .text          0x0000000008000650      0x2cc /usr/bin/../lib/gcc/arm-none-eabi/7.3.1/thumb/v7e-m/fpv4-sp/hard/libgcc.a(_udivmoddi4.o)
                0x0000000008000650                __udivmoddi4
 .text          0x000000000800091c        0x4 /usr/bin/../lib/gcc/arm-none-eabi/7.3.1/thumb/v7e-m/fpv4-sp/hard/libgcc.a(_dvmd_tls.o)
                0x000000000800091c                __aeabi_ldiv0
                0x000000000800091c                __aeabi_idiv0
 *(.text*)
 .text.MX_GPIO_Init
                0x0000000008000920      0x13c build/main.o
 .text._Error_Handler
                0x0000000008000a5c        0x2 build/main.o
                0x0000000008000a5c                _Error_Handler
 *fill*         0x0000000008000a5e        0x2 
 .text.MX_SPI1_Init
                0x0000000008000a60       0x48 build/main.o
 .text.MX_USART2_UART_Init
                0x0000000008000aa8       0x3c build/main.o
 .text.MX_I2S2_Init
                0x0000000008000ae4       0x44 build/main.o
 .text.MX_CRC_Init
                0x0000000008000b28       0x30 build/main.o
 .text.SystemClock_Config
                0x0000000008000b58       0xe0 build/main.o
                0x0000000008000b58                SystemClock_Config
 .text.main     0x0000000008000c38       0x74 build/main.o
                0x0000000008000c38                main
 .text.NMI_Handler
                0x0000000008000cac        0x2 build/stm32f4xx_it.o
                0x0000000008000cac                NMI_Handler
 *fill*         0x0000000008000cae        0x2 
 .text.HardFault_Handler
                0x0000000008000cb0       0x24 build/stm32f4xx_it.o
                0x0000000008000cb0                HardFault_Handler
 .text.MemManage_Handler
                0x0000000008000cd4        0x2 build/stm32f4xx_it.o
                0x0000000008000cd4                MemManage_Handler
 .text.BusFault_Handler
                0x0000000008000cd6        0x2 build/stm32f4xx_it.o
                0x0000000008000cd6                BusFault_Handler
 .text.UsageFault_Handler
                0x0000000008000cd8        0x2 build/stm32f4xx_it.o
                0x0000000008000cd8                UsageFault_Handler
 .text.SVC_Handler
                0x0000000008000cda        0x2 build/stm32f4xx_it.o
                0x0000000008000cda                SVC_Handler
 .text.DebugMon_Handler
                0x0000000008000cdc        0x2 build/stm32f4xx_it.o
                0x0000000008000cdc                DebugMon_Handler
 .text.PendSV_Handler
                0x0000000008000cde        0x2 build/stm32f4xx_it.o
                0x0000000008000cde                PendSV_Handler
 .text.SysTick_Handler
                0x0000000008000ce0        0xc build/stm32f4xx_it.o
                0x0000000008000ce0                SysTick_Handler
 .text.SPI2_IRQHandler
                0x0000000008000cec       0x10 build/stm32f4xx_it.o
                0x0000000008000cec                SPI2_IRQHandler
 .text.HAL_MspInit
                0x0000000008000cfc       0x94 build/stm32f4xx_hal_msp.o
                0x0000000008000cfc                HAL_MspInit
 .text.HAL_CRC_MspInit
                0x0000000008000d90       0x30 build/stm32f4xx_hal_msp.o
                0x0000000008000d90                HAL_CRC_MspInit
 .text.HAL_I2S_MspInit
                0x0000000008000dc0       0x78 build/stm32f4xx_hal_msp.o
                0x0000000008000dc0                HAL_I2S_MspInit
 .text.HAL_SPI_MspInit
                0x0000000008000e38       0x50 build/stm32f4xx_hal_msp.o
                0x0000000008000e38                HAL_SPI_MspInit
 .text.HAL_UART_MspInit
                0x0000000008000e88       0x54 build/stm32f4xx_hal_msp.o
                0x0000000008000e88                HAL_UART_MspInit
 .text.HAL_I2S_Receive_IT
                0x0000000008000edc       0x82 build/stm32f4xx_hal_i2s.o
                0x0000000008000edc                HAL_I2S_Receive_IT
 .text.HAL_I2S_IRQHandler
                0x0000000008000f5e        0x8 build/stm32f4xx_hal_i2s.o
                0x0000000008000f5e                HAL_I2S_IRQHandler
 .text.HAL_I2S_TxCpltCallback
                0x0000000008000f66        0x2 build/stm32f4xx_hal_i2s.o
                0x0000000008000f66                HAL_I2S_TxCpltCallback
 .text.I2S_Transmit_IT
                0x0000000008000f68       0x38 build/stm32f4xx_hal_i2s.o
 .text.HAL_I2S_RxCpltCallback
                0x0000000008000fa0        0x2 build/stm32f4xx_hal_i2s.o
                0x0000000008000fa0                HAL_I2S_RxCpltCallback
 .text.I2S_Receive_IT
                0x0000000008000fa2       0x38 build/stm32f4xx_hal_i2s.o
 .text.HAL_I2S_ErrorCallback
                0x0000000008000fda        0x2 build/stm32f4xx_hal_i2s.o
                0x0000000008000fda                HAL_I2S_ErrorCallback
 .text.HAL_I2S_Init
                0x0000000008000fdc      0x194 build/stm32f4xx_hal_i2s.o
                0x0000000008000fdc                HAL_I2S_Init
 .text.I2S_IRQHandler
                0x0000000008001170       0xd8 build/stm32f4xx_hal_i2s.o
 .text.HAL_I2SEx_TxRxCpltCallback
                0x0000000008001248        0x2 build/stm32f4xx_hal_i2s_ex.o
                0x0000000008001248                HAL_I2SEx_TxRxCpltCallback
 *fill*         0x000000000800124a        0x2 
 .text.I2SEx_FullDuplexTx_IT
                0x000000000800124c       0xa0 build/stm32f4xx_hal_i2s_ex.o
 .text.I2SEx_FullDuplexRx_IT
                0x00000000080012ec       0xa0 build/stm32f4xx_hal_i2s_ex.o
 .text.HAL_I2SEx_FullDuplex_IRQHandler
                0x000000000800138c      0x208 build/stm32f4xx_hal_i2s_ex.o
                0x000000000800138c                HAL_I2SEx_FullDuplex_IRQHandler
 .text.HAL_SPI_Init
                0x0000000008001594       0x80 build/stm32f4xx_hal_spi.o
                0x0000000008001594                HAL_SPI_Init
 .text.UART_SetConfig
                0x0000000008001614      0x334 build/stm32f4xx_hal_uart.o
 .text.HAL_UART_Init
                0x0000000008001948       0x5e build/stm32f4xx_hal_uart.o
                0x0000000008001948                HAL_UART_Init
 *fill*         0x00000000080019a6        0x2 
 .text.HAL_RCC_OscConfig
                0x00000000080019a8      0x398 build/stm32f4xx_hal_rcc.o
                0x00000000080019a8                HAL_RCC_OscConfig
 .text.HAL_RCC_GetSysClockFreq
                0x0000000008001d40       0xd8 build/stm32f4xx_hal_rcc.o
                0x0000000008001d40                HAL_RCC_GetSysClockFreq
 .text.HAL_RCC_ClockConfig
                0x0000000008001e18      0x158 build/stm32f4xx_hal_rcc.o
                0x0000000008001e18                HAL_RCC_ClockConfig
 .text.HAL_RCC_GetHCLKFreq
                0x0000000008001f70        0xc build/stm32f4xx_hal_rcc.o
                0x0000000008001f70                HAL_RCC_GetHCLKFreq
 .text.HAL_RCC_GetPCLK1Freq
                0x0000000008001f7c       0x20 build/stm32f4xx_hal_rcc.o
                0x0000000008001f7c                HAL_RCC_GetPCLK1Freq
 .text.HAL_RCC_GetPCLK2Freq
                0x0000000008001f9c       0x20 build/stm32f4xx_hal_rcc.o
                0x0000000008001f9c                HAL_RCC_GetPCLK2Freq
 .text.HAL_RCCEx_PeriphCLKConfig
                0x0000000008001fbc      0x154 build/stm32f4xx_hal_rcc_ex.o
                0x0000000008001fbc                HAL_RCCEx_PeriphCLKConfig
 .text.HAL_RCCEx_GetPeriphCLKFreq
                0x0000000008002110       0x74 build/stm32f4xx_hal_rcc_ex.o
                0x0000000008002110                HAL_RCCEx_GetPeriphCLKFreq
 .text.HAL_GPIO_Init
                0x0000000008002184      0x1c8 build/stm32f4xx_hal_gpio.o
                0x0000000008002184                HAL_GPIO_Init
 .text.HAL_GPIO_WritePin
                0x000000000800234c        0xc build/stm32f4xx_hal_gpio.o
                0x000000000800234c                HAL_GPIO_WritePin
 .text.HAL_GPIO_TogglePin
                0x0000000008002358        0x8 build/stm32f4xx_hal_gpio.o
                0x0000000008002358                HAL_GPIO_TogglePin
 .text.HAL_NVIC_SetPriorityGrouping
                0x0000000008002360       0x24 build/stm32f4xx_hal_cortex.o
                0x0000000008002360                HAL_NVIC_SetPriorityGrouping
 .text.HAL_NVIC_SetPriority
                0x0000000008002384       0x68 build/stm32f4xx_hal_cortex.o
                0x0000000008002384                HAL_NVIC_SetPriority
 .text.HAL_NVIC_EnableIRQ
                0x00000000080023ec       0x18 build/stm32f4xx_hal_cortex.o
                0x00000000080023ec                HAL_NVIC_EnableIRQ
 .text.HAL_SYSTICK_Config
                0x0000000008002404       0x2c build/stm32f4xx_hal_cortex.o
                0x0000000008002404                HAL_SYSTICK_Config
 .text.HAL_SYSTICK_CLKSourceConfig
                0x0000000008002430       0x20 build/stm32f4xx_hal_cortex.o
                0x0000000008002430                HAL_SYSTICK_CLKSourceConfig
 .text.HAL_SYSTICK_Callback
                0x0000000008002450        0x2 build/stm32f4xx_hal_cortex.o
                0x0000000008002450                HAL_SYSTICK_Callback
 .text.HAL_SYSTICK_IRQHandler
                0x0000000008002452        0x8 build/stm32f4xx_hal_cortex.o
                0x0000000008002452                HAL_SYSTICK_IRQHandler
 *fill*         0x000000000800245a        0x2 
 .text.HAL_InitTick
                0x000000000800245c       0x4c build/stm32f4xx_hal.o
                0x000000000800245c                HAL_InitTick
 .text.HAL_Init
                0x00000000080024a8       0x34 build/stm32f4xx_hal.o
                0x00000000080024a8                HAL_Init
 .text.HAL_IncTick
                0x00000000080024dc       0x18 build/stm32f4xx_hal.o
                0x00000000080024dc                HAL_IncTick
 .text.HAL_GetTick
                0x00000000080024f4        0xc build/stm32f4xx_hal.o
                0x00000000080024f4                HAL_GetTick
 .text.HAL_Delay
                0x0000000008002500       0x28 build/stm32f4xx_hal.o
                0x0000000008002500                HAL_Delay
 .text.SystemInit
                0x0000000008002528       0x4c build/system_stm32f4xx.o
                0x0000000008002528                SystemInit
 .text.MX_PDM2PCM_Init
                0x0000000008002574       0x3c build/pdm2pcm.o
                0x0000000008002574                MX_PDM2PCM_Init
 .text.HAL_CRC_Init
                0x00000000080025b0       0x22 build/stm32f4xx_hal_crc.o
                0x00000000080025b0                HAL_CRC_Init
 *fill*         0x00000000080025d2        0x2 
 .text.Reset_Handler
                0x00000000080025d4       0x50 build/startup_stm32f407xx.o
                0x00000000080025d4                Reset_Handler
 .text.Default_Handler
                0x0000000008002624        0x2 build/startup_stm32f407xx.o
                0x0000000008002624                RTC_Alarm_IRQHandler
                0x0000000008002624                HASH_RNG_IRQHandler
                0x0000000008002624                EXTI2_IRQHandler
                0x0000000008002624                TIM8_CC_IRQHandler
                0x0000000008002624                TIM1_CC_IRQHandler
                0x0000000008002624                DMA2_Stream5_IRQHandler
                0x0000000008002624                DMA1_Stream5_IRQHandler
                0x0000000008002624                PVD_IRQHandler
                0x0000000008002624                SDIO_IRQHandler
                0x0000000008002624                TAMP_STAMP_IRQHandler
                0x0000000008002624                CAN2_RX1_IRQHandler
                0x0000000008002624                EXTI3_IRQHandler
                0x0000000008002624                TIM8_TRG_COM_TIM14_IRQHandler
                0x0000000008002624                TIM1_UP_TIM10_IRQHandler
                0x0000000008002624                TIM8_UP_TIM13_IRQHandler
                0x0000000008002624                I2C3_ER_IRQHandler
                0x0000000008002624                EXTI0_IRQHandler
                0x0000000008002624                I2C2_EV_IRQHandler
                0x0000000008002624                DMA1_Stream2_IRQHandler
                0x0000000008002624                CAN1_RX0_IRQHandler
                0x0000000008002624                FPU_IRQHandler
                0x0000000008002624                OTG_HS_WKUP_IRQHandler
                0x0000000008002624                CAN2_SCE_IRQHandler
                0x0000000008002624                DMA2_Stream2_IRQHandler
                0x0000000008002624                SPI1_IRQHandler
                0x0000000008002624                TIM6_DAC_IRQHandler
                0x0000000008002624                TIM1_BRK_TIM9_IRQHandler
                0x0000000008002624                DCMI_IRQHandler
                0x0000000008002624                CAN2_RX0_IRQHandler
                0x0000000008002624                DMA2_Stream3_IRQHandler
                0x0000000008002624                USART6_IRQHandler
                0x0000000008002624                USART3_IRQHandler
                0x0000000008002624                CAN1_RX1_IRQHandler
                0x0000000008002624                UART5_IRQHandler
                0x0000000008002624                DMA2_Stream0_IRQHandler
                0x0000000008002624                TIM4_IRQHandler
                0x0000000008002624                I2C1_EV_IRQHandler
                0x0000000008002624                DMA1_Stream6_IRQHandler
                0x0000000008002624                DMA1_Stream1_IRQHandler
                0x0000000008002624                UART4_IRQHandler
                0x0000000008002624                TIM3_IRQHandler
                0x0000000008002624                RCC_IRQHandler
                0x0000000008002624                TIM8_BRK_TIM12_IRQHandler
                0x0000000008002624                Default_Handler
                0x0000000008002624                EXTI15_10_IRQHandler
                0x0000000008002624                ADC_IRQHandler
                0x0000000008002624                DMA1_Stream7_IRQHandler
                0x0000000008002624                TIM7_IRQHandler
                0x0000000008002624                CAN2_TX_IRQHandler
                0x0000000008002624                TIM5_IRQHandler
                0x0000000008002624                DMA2_Stream7_IRQHandler
                0x0000000008002624                I2C3_EV_IRQHandler
                0x0000000008002624                EXTI9_5_IRQHandler
                0x0000000008002624                RTC_WKUP_IRQHandler
                0x0000000008002624                ETH_WKUP_IRQHandler
                0x0000000008002624                OTG_HS_EP1_IN_IRQHandler
                0x0000000008002624                DMA1_Stream0_IRQHandler
                0x0000000008002624                CAN1_TX_IRQHandler
                0x0000000008002624                EXTI4_IRQHandler
                0x0000000008002624                FSMC_IRQHandler
                0x0000000008002624                ETH_IRQHandler
                0x0000000008002624                OTG_HS_EP1_OUT_IRQHandler
                0x0000000008002624                WWDG_IRQHandler
                0x0000000008002624                TIM2_IRQHandler
                0x0000000008002624                OTG_FS_WKUP_IRQHandler
                0x0000000008002624                TIM1_TRG_COM_TIM11_IRQHandler
                0x0000000008002624                OTG_HS_IRQHandler
                0x0000000008002624                EXTI1_IRQHandler
                0x0000000008002624                USART2_IRQHandler
                0x0000000008002624                I2C2_ER_IRQHandler
                0x0000000008002624                DMA2_Stream1_IRQHandler
                0x0000000008002624                CAN1_SCE_IRQHandler
                0x0000000008002624                FLASH_IRQHandler
                0x0000000008002624                DMA2_Stream4_IRQHandler
                0x0000000008002624                USART1_IRQHandler
                0x0000000008002624                OTG_FS_IRQHandler
                0x0000000008002624                SPI3_IRQHandler
                0x0000000008002624                DMA1_Stream4_IRQHandler
                0x0000000008002624                I2C1_ER_IRQHandler
                0x0000000008002624                DMA2_Stream6_IRQHandler
                0x0000000008002624                DMA1_Stream3_IRQHandler
 *fill*         0x0000000008002626        0x2 
 .text.D16_GENERIC
                0x0000000008002628      0x110 Middlewares/ST/STM32_Audio/Addons/PDM/Lib/libPDMFilter_CM4_GCC.a(pdm_filter.o)
 .text.D24_GENERIC
                0x0000000008002738      0x188 Middlewares/ST/STM32_Audio/Addons/PDM/Lib/libPDMFilter_CM4_GCC.a(pdm_filter.o)
 .text.D32_GENERIC
                0x00000000080028c0      0x184 Middlewares/ST/STM32_Audio/Addons/PDM/Lib/libPDMFilter_CM4_GCC.a(pdm_filter.o)
 .text.D48_GENERIC
                0x0000000008002a44      0x1e4 Middlewares/ST/STM32_Audio/Addons/PDM/Lib/libPDMFilter_CM4_GCC.a(pdm_filter.o)
 .text.D64_GENERIC
                0x0000000008002c28      0x21c Middlewares/ST/STM32_Audio/Addons/PDM/Lib/libPDMFilter_CM4_GCC.a(pdm_filter.o)
 .text.D80_GENERIC
                0x0000000008002e44      0x29c Middlewares/ST/STM32_Audio/Addons/PDM/Lib/libPDMFilter_CM4_GCC.a(pdm_filter.o)
 .text.D128_GENERIC
                0x00000000080030e0      0x3e8 Middlewares/ST/STM32_Audio/Addons/PDM/Lib/libPDMFilter_CM4_GCC.a(pdm_filter.o)
 .text.D16_1CH_HTONS_VOL_HP
                0x00000000080034c8       0xd4 Middlewares/ST/STM32_Audio/Addons/PDM/Lib/libPDMFilter_CM4_GCC.a(pdm_filter.o)
 .text.D24_1CH_HTONS_VOL_HP
                0x000000000800359c      0x134 Middlewares/ST/STM32_Audio/Addons/PDM/Lib/libPDMFilter_CM4_GCC.a(pdm_filter.o)
 .text.D32_1CH_HTONS_VOL_HP
                0x00000000080036d0      0x130 Middlewares/ST/STM32_Audio/Addons/PDM/Lib/libPDMFilter_CM4_GCC.a(pdm_filter.o)
 .text.D48_1CH_HTONS_VOL_HP
                0x0000000008003800      0x164 Middlewares/ST/STM32_Audio/Addons/PDM/Lib/libPDMFilter_CM4_GCC.a(pdm_filter.o)
 .text.D64_1CH_HTONS_VOL_HP
                0x0000000008003964      0x1a8 Middlewares/ST/STM32_Audio/Addons/PDM/Lib/libPDMFilter_CM4_GCC.a(pdm_filter.o)
 .text.D80_1CH_HTONS_VOL_HP
                0x0000000008003b0c      0x208 Middlewares/ST/STM32_Audio/Addons/PDM/Lib/libPDMFilter_CM4_GCC.a(pdm_filter.o)
 .text.D128_1CH_HTONS_VOL_HP
                0x0000000008003d14      0x320 Middlewares/ST/STM32_Audio/Addons/PDM/Lib/libPDMFilter_CM4_GCC.a(pdm_filter.o)
 .text.PDM_Filter_Init
                0x0000000008004034      0x134 Middlewares/ST/STM32_Audio/Addons/PDM/Lib/libPDMFilter_CM4_GCC.a(pdm_filter.o)
                0x0000000008004034                PDM_Filter_Init
 .text.PDM_Filter_setConfig
                0x0000000008004168      0x1f4 Middlewares/ST/STM32_Audio/Addons/PDM/Lib/libPDMFilter_CM4_GCC.a(pdm_filter.o)
                0x0000000008004168                PDM_Filter_setConfig
 .text.__libc_init_array
                0x000000000800435c       0x48 /usr/bin/../lib/gcc/arm-none-eabi/7.3.1/../../../../arm-none-eabi/lib/thumb/v7e-m/fpv4-sp/hard/libc_nano.a(lib_a-init.o)
                0x000000000800435c                __libc_init_array
 .text.memset   0x00000000080043a4       0x10 /usr/bin/../lib/gcc/arm-none-eabi/7.3.1/../../../../arm-none-eabi/lib/thumb/v7e-m/fpv4-sp/hard/libc_nano.a(lib_a-memset.o)
                0x00000000080043a4                memset
 .text.round    0x00000000080043b4       0xa4 /usr/bin/../lib/gcc/arm-none-eabi/7.3.1/../../../../arm-none-eabi/lib/thumb/v7e-m/fpv4-sp/hard/libm.a(lib_a-s_round.o)
                0x00000000080043b4                round
 .text.powf     0x0000000008004458      0x324 /usr/bin/../lib/gcc/arm-none-eabi/7.3.1/../../../../arm-none-eabi/lib/thumb/v7e-m/fpv4-sp/hard/libm.a(lib_a-wf_pow.o)
                0x0000000008004458                powf
 .text.__ieee754_powf
                0x000000000800477c      0x5e4 /usr/bin/../lib/gcc/arm-none-eabi/7.3.1/../../../../arm-none-eabi/lib/thumb/v7e-m/fpv4-sp/hard/libm.a(lib_a-ef_pow.o)
                0x000000000800477c                __ieee754_powf
 .text.__ieee754_sqrtf
                0x0000000008004d60        0x8 /usr/bin/../lib/gcc/arm-none-eabi/7.3.1/../../../../arm-none-eabi/lib/thumb/v7e-m/fpv4-sp/hard/libm.a(lib_a-ef_sqrt.o)
                0x0000000008004d60                __ieee754_sqrtf
 .text.matherr  0x0000000008004d68        0x4 /usr/bin/../lib/gcc/arm-none-eabi/7.3.1/../../../../arm-none-eabi/lib/thumb/v7e-m/fpv4-sp/hard/libm.a(lib_a-s_matherr.o)
                0x0000000008004d68                matherr
 .text.fabsf    0x0000000008004d6c       0x10 /usr/bin/../lib/gcc/arm-none-eabi/7.3.1/../../../../arm-none-eabi/lib/thumb/v7e-m/fpv4-sp/hard/libm.a(lib_a-sf_fabs.o)
                0x0000000008004d6c                fabsf
 .text.finitef  0x0000000008004d7c       0x14 /usr/bin/../lib/gcc/arm-none-eabi/7.3.1/../../../../arm-none-eabi/lib/thumb/v7e-m/fpv4-sp/hard/libm.a(lib_a-sf_finite.o)
                0x0000000008004d7c                finitef
 .text.nanf     0x0000000008004d90        0xc /usr/bin/../lib/gcc/arm-none-eabi/7.3.1/../../../../arm-none-eabi/lib/thumb/v7e-m/fpv4-sp/hard/libm.a(lib_a-sf_nan.o)
                0x0000000008004d90                nanf
 .text.rintf    0x0000000008004d9c       0xc0 /usr/bin/../lib/gcc/arm-none-eabi/7.3.1/../../../../arm-none-eabi/lib/thumb/v7e-m/fpv4-sp/hard/libm.a(lib_a-sf_rint.o)
                0x0000000008004d9c                rintf
 .text.scalbnf  0x0000000008004e5c       0xd0 /usr/bin/../lib/gcc/arm-none-eabi/7.3.1/../../../../arm-none-eabi/lib/thumb/v7e-m/fpv4-sp/hard/libm.a(lib_a-sf_scalbn.o)
                0x0000000008004e5c                scalbnf
 .text.copysignf
                0x0000000008004f2c       0x18 /usr/bin/../lib/gcc/arm-none-eabi/7.3.1/../../../../arm-none-eabi/lib/thumb/v7e-m/fpv4-sp/hard/libm.a(lib_a-sf_copysign.o)
                0x0000000008004f2c                copysignf
 .text.__errno  0x0000000008004f44        0xc /usr/bin/../lib/gcc/arm-none-eabi/7.3.1/../../../../arm-none-eabi/lib/thumb/v7e-m/fpv4-sp/hard/libc_nano.a(lib_a-errno.o)
                0x0000000008004f44                __errno
 *(.glue_7)
 .glue_7        0x0000000008004f50        0x0 linker stubs
 *(.glue_7t)
 .glue_7t       0x0000000008004f50        0x0 linker stubs
 *(.eh_frame)
 .eh_frame      0x0000000008004f50        0x0 /usr/bin/../lib/gcc/arm-none-eabi/7.3.1/thumb/v7e-m/fpv4-sp/hard/crtbegin.o
 *(.init)
 .init          0x0000000008004f50        0x4 /usr/bin/../lib/gcc/arm-none-eabi/7.3.1/thumb/v7e-m/fpv4-sp/hard/crti.o
                0x0000000008004f50                _init
 .init          0x0000000008004f54        0x8 /usr/bin/../lib/gcc/arm-none-eabi/7.3.1/thumb/v7e-m/fpv4-sp/hard/crtn.o
 *(.fini)
 .fini          0x0000000008004f5c        0x4 /usr/bin/../lib/gcc/arm-none-eabi/7.3.1/thumb/v7e-m/fpv4-sp/hard/crti.o
                0x0000000008004f5c                _fini
 .fini          0x0000000008004f60        0x8 /usr/bin/../lib/gcc/arm-none-eabi/7.3.1/thumb/v7e-m/fpv4-sp/hard/crtn.o
                0x0000000008004f68                . = ALIGN (0x4)
                0x0000000008004f68                _etext = .

.vfp11_veneer   0x0000000008004f68        0x0
 .vfp11_veneer  0x0000000008004f68        0x0 linker stubs

.v4_bx          0x0000000008004f68        0x0
 .v4_bx         0x0000000008004f68        0x0 linker stubs

.iplt           0x0000000008004f68        0x0
 .iplt          0x0000000008004f68        0x0 /usr/bin/../lib/gcc/arm-none-eabi/7.3.1/thumb/v7e-m/fpv4-sp/hard/crtbegin.o

.rodata         0x0000000008004f68       0x6c
                0x0000000008004f68                . = ALIGN (0x4)
 *(.rodata)
 .rodata        0x0000000008004f68       0x38 Middlewares/ST/STM32_Audio/Addons/PDM/Lib/libPDMFilter_CM4_GCC.a(pdm_filter.o)
 *(.rodata*)
 .rodata.MX_SPI1_Init.str1.4
                0x0000000008004fa0        0xb build/main.o
 *fill*         0x0000000008004fab        0x1 
 .rodata.AHBPrescTable
                0x0000000008004fac       0x10 build/system_stm32f4xx.o
                0x0000000008004fac                AHBPrescTable
 .rodata.APBPrescTable
                0x0000000008004fbc        0x8 build/system_stm32f4xx.o
                0x0000000008004fbc                APBPrescTable
 .rodata.powf.str1.4
                0x0000000008004fc4        0x5 /usr/bin/../lib/gcc/arm-none-eabi/7.3.1/../../../../arm-none-eabi/lib/thumb/v7e-m/fpv4-sp/hard/libm.a(lib_a-wf_pow.o)
 .rodata.__ieee754_powf.str1.4
                0x0000000008004fc9        0x8 /usr/bin/../lib/gcc/arm-none-eabi/7.3.1/../../../../arm-none-eabi/lib/thumb/v7e-m/fpv4-sp/hard/libm.a(lib_a-ef_pow.o)
                                          0x1 (size before relaxing)
 *fill*         0x0000000008004fc9        0x3 
 .rodata.TWO23  0x0000000008004fcc        0x8 /usr/bin/../lib/gcc/arm-none-eabi/7.3.1/../../../../arm-none-eabi/lib/thumb/v7e-m/fpv4-sp/hard/libm.a(lib_a-sf_rint.o)
                0x0000000008004fd4                . = ALIGN (0x4)

.ARM.extab
 *(.ARM.extab* .gnu.linkonce.armextab.*)

.ARM            0x0000000008004fd4        0x8
                0x0000000008004fd4                __exidx_start = .
 *(.ARM.exidx*)
 .ARM.exidx     0x0000000008004fd4        0x8 /usr/bin/../lib/gcc/arm-none-eabi/7.3.1/thumb/v7e-m/fpv4-sp/hard/libgcc.a(_udivmoddi4.o)
                0x0000000008004fdc                __exidx_end = .

.rel.dyn        0x0000000008004fdc        0x0
 .rel.iplt      0x0000000008004fdc        0x0 /usr/bin/../lib/gcc/arm-none-eabi/7.3.1/thumb/v7e-m/fpv4-sp/hard/crtbegin.o

.preinit_array  0x0000000008004fdc        0x0
                0x0000000008004fdc                PROVIDE (__preinit_array_start = .)
 *(.preinit_array*)
                0x0000000008004fdc                PROVIDE (__preinit_array_end = .)

.init_array     0x0000000008004fdc        0x4
                0x0000000008004fdc                PROVIDE (__init_array_start = .)
 *(SORT_BY_NAME(.init_array.*))
 *(.init_array*)
 .init_array    0x0000000008004fdc        0x4 /usr/bin/../lib/gcc/arm-none-eabi/7.3.1/thumb/v7e-m/fpv4-sp/hard/crtbegin.o
                0x0000000008004fe0                PROVIDE (__init_array_end = .)

.fini_array     0x0000000008004fe0        0x4
                [!provide]                        PROVIDE (__fini_array_start = .)
 *(SORT_BY_NAME(.fini_array.*))
 *(.fini_array*)
 .fini_array    0x0000000008004fe0        0x4 /usr/bin/../lib/gcc/arm-none-eabi/7.3.1/thumb/v7e-m/fpv4-sp/hard/crtbegin.o
                [!provide]                        PROVIDE (__fini_array_end = .)
                0x0000000008004fe4                _sidata = LOADADDR (.data)

.data           0x0000000020000000      0x474 load address 0x0000000008004fe4
                0x0000000020000000                . = ALIGN (0x4)
                0x0000000020000000                _sdata = .
 *(.data)
 .data          0x0000000020000000      0x400 Middlewares/ST/STM32_Audio/Addons/PDM/Lib/libPDMFilter_CM4_GCC.a(pdm_filter.o)
 *(.data*)
 .data.uwTickFreq
                0x0000000020000400        0x1 build/stm32f4xx_hal.o
                0x0000000020000400                uwTickFreq
 *fill*         0x0000000020000401        0x3 
 .data.uwTickPrio
                0x0000000020000404        0x4 build/stm32f4xx_hal.o
                0x0000000020000404                uwTickPrio
 .data.SystemCoreClock
                0x0000000020000408        0x4 build/system_stm32f4xx.o
                0x0000000020000408                SystemCoreClock
 .data._impure_ptr
                0x000000002000040c        0x4 /usr/bin/../lib/gcc/arm-none-eabi/7.3.1/../../../../arm-none-eabi/lib/thumb/v7e-m/fpv4-sp/hard/libc_nano.a(lib_a-impure.o)
                0x000000002000040c                _impure_ptr
 .data.impure_data
                0x0000000020000410       0x60 /usr/bin/../lib/gcc/arm-none-eabi/7.3.1/../../../../arm-none-eabi/lib/thumb/v7e-m/fpv4-sp/hard/libc_nano.a(lib_a-impure.o)
 .data.__fdlib_version
                0x0000000020000470        0x1 /usr/bin/../lib/gcc/arm-none-eabi/7.3.1/../../../../arm-none-eabi/lib/thumb/v7e-m/fpv4-sp/hard/libm.a(lib_a-s_lib_ver.o)
                0x0000000020000470                __fdlib_version
                0x0000000020000474                . = ALIGN (0x4)
 *fill*         0x0000000020000471        0x3 
                0x0000000020000474                _edata = .
                0x0000000008005458                _siccmram = LOADADDR (.ccmram)

.igot.plt       0x0000000020000474        0x0 load address 0x0000000008005458
 .igot.plt      0x0000000020000474        0x0 /usr/bin/../lib/gcc/arm-none-eabi/7.3.1/thumb/v7e-m/fpv4-sp/hard/crtbegin.o

.ccmram         0x0000000010000000        0x0 load address 0x0000000008005458
                0x0000000010000000                . = ALIGN (0x4)
                0x0000000010000000                _sccmram = .
 *(.ccmram)
 *(.ccmram*)
                0x0000000010000000                . = ALIGN (0x4)
                0x0000000010000000                _eccmram = .
                0x0000000010000000                . = ALIGN (0x4)

.bss            0x0000000020000474      0x960
                0x0000000020000474                _sbss = .
                0x0000000020000474                __bss_start__ = _sbss
 *(.bss)
 .bss           0x0000000020000474       0x1c /usr/bin/../lib/gcc/arm-none-eabi/7.3.1/thumb/v7e-m/fpv4-sp/hard/crtbegin.o
 .bss           0x0000000020000490        0x1 Middlewares/ST/STM32_Audio/Addons/PDM/Lib/libPDMFilter_CM4_GCC.a(pdm_filter.o)
 *(.bss*)
 *(COMMON)
 *fill*         0x0000000020000491        0x3 
 COMMON         0x0000000020000494      0x8e8 build/main.o
                0x0000000020000494                hcrc
                0x000000002000049c                dataBuffer
                0x0000000020000c9c                hspi1
                0x0000000020000cf4                huart2
                0x0000000020000d34                hi2s2
 COMMON         0x0000000020000d7c        0x4 build/stm32f4xx_hal.o
                0x0000000020000d7c                uwTick
 COMMON         0x0000000020000d80       0x54 build/pdm2pcm.o
                0x0000000020000d80                PDM1_filter_config
                0x0000000020000d88                PDM1_filter_handler
                0x0000000020000dd4                . = ALIGN (0x4)
                0x0000000020000dd4                _ebss = .
                0x0000000020000dd4                __bss_end__ = _ebss

._user_heap_stack
                0x0000000020000dd4      0x604
                0x0000000020000dd8                . = ALIGN (0x8)
 *fill*         0x0000000020000dd4        0x4 
                [!provide]                        PROVIDE (end = .)
                [!provide]                        PROVIDE (_end = .)
                0x0000000020000fd8                . = (. + _Min_Heap_Size)
 *fill*         0x0000000020000dd8      0x200 
                0x00000000200013d8                . = (. + _Min_Stack_Size)
 *fill*         0x0000000020000fd8      0x400 
                0x00000000200013d8                . = ALIGN (0x8)

/DISCARD/
 libc.a(*)
 libm.a(*)
 libgcc.a(*)

.ARM.attributes
                0x0000000000000000       0x30
 *(.ARM.attributes)
 .ARM.attributes
                0x0000000000000000       0x22 /usr/bin/../lib/gcc/arm-none-eabi/7.3.1/thumb/v7e-m/fpv4-sp/hard/crti.o
 .ARM.attributes
                0x0000000000000022       0x34 /usr/bin/../lib/gcc/arm-none-eabi/7.3.1/thumb/v7e-m/fpv4-sp/hard/crtbegin.o
 .ARM.attributes
                0x0000000000000056       0x39 build/main.o
 .ARM.attributes
                0x000000000000008f       0x39 build/stm32f4xx_it.o
 .ARM.attributes
                0x00000000000000c8       0x39 build/stm32f4xx_hal_msp.o
 .ARM.attributes
                0x0000000000000101       0x39 build/stm32f4xx_hal_i2s.o
 .ARM.attributes
                0x000000000000013a       0x39 build/stm32f4xx_hal_i2s_ex.o
 .ARM.attributes
                0x0000000000000173       0x39 build/stm32f4xx_hal_spi.o
 .ARM.attributes
                0x00000000000001ac       0x39 build/stm32f4xx_hal_uart.o
 .ARM.attributes
                0x00000000000001e5       0x39 build/stm32f4xx_hal_rcc.o
 .ARM.attributes
                0x000000000000021e       0x39 build/stm32f4xx_hal_rcc_ex.o
 .ARM.attributes
                0x0000000000000257       0x39 build/stm32f4xx_hal_gpio.o
 .ARM.attributes
                0x0000000000000290       0x39 build/stm32f4xx_hal_cortex.o
 .ARM.attributes
                0x00000000000002c9       0x39 build/stm32f4xx_hal.o
 .ARM.attributes
                0x0000000000000302       0x39 build/system_stm32f4xx.o
 .ARM.attributes
                0x000000000000033b       0x39 build/pdm2pcm.o
 .ARM.attributes
                0x0000000000000374       0x39 build/stm32f4xx_hal_crc.o
 .ARM.attributes
                0x00000000000003ad       0x21 build/startup_stm32f407xx.o
 .ARM.attributes
                0x00000000000003ce       0x39 Middlewares/ST/STM32_Audio/Addons/PDM/Lib/libPDMFilter_CM4_GCC.a(pdm_filter.o)
 .ARM.attributes
                0x0000000000000407       0x34 /usr/bin/../lib/gcc/arm-none-eabi/7.3.1/../../../../arm-none-eabi/lib/thumb/v7e-m/fpv4-sp/hard/libc_nano.a(lib_a-impure.o)
 .ARM.attributes
                0x000000000000043b       0x34 /usr/bin/../lib/gcc/arm-none-eabi/7.3.1/../../../../arm-none-eabi/lib/thumb/v7e-m/fpv4-sp/hard/libc_nano.a(lib_a-init.o)
 .ARM.attributes
                0x000000000000046f       0x34 /usr/bin/../lib/gcc/arm-none-eabi/7.3.1/../../../../arm-none-eabi/lib/thumb/v7e-m/fpv4-sp/hard/libc_nano.a(lib_a-memset.o)
 .ARM.attributes
                0x00000000000004a3       0x34 /usr/bin/../lib/gcc/arm-none-eabi/7.3.1/../../../../arm-none-eabi/lib/thumb/v7e-m/fpv4-sp/hard/libm.a(lib_a-s_round.o)
 .ARM.attributes
                0x00000000000004d7       0x34 /usr/bin/../lib/gcc/arm-none-eabi/7.3.1/../../../../arm-none-eabi/lib/thumb/v7e-m/fpv4-sp/hard/libm.a(lib_a-wf_pow.o)
 .ARM.attributes
                0x000000000000050b       0x34 /usr/bin/../lib/gcc/arm-none-eabi/7.3.1/../../../../arm-none-eabi/lib/thumb/v7e-m/fpv4-sp/hard/libm.a(lib_a-ef_pow.o)
 .ARM.attributes
                0x000000000000053f       0x34 /usr/bin/../lib/gcc/arm-none-eabi/7.3.1/../../../../arm-none-eabi/lib/thumb/v7e-m/fpv4-sp/hard/libm.a(lib_a-ef_sqrt.o)
 .ARM.attributes
                0x0000000000000573       0x34 /usr/bin/../lib/gcc/arm-none-eabi/7.3.1/../../../../arm-none-eabi/lib/thumb/v7e-m/fpv4-sp/hard/libm.a(lib_a-s_lib_ver.o)
 .ARM.attributes
                0x00000000000005a7       0x34 /usr/bin/../lib/gcc/arm-none-eabi/7.3.1/../../../../arm-none-eabi/lib/thumb/v7e-m/fpv4-sp/hard/libm.a(lib_a-s_matherr.o)
 .ARM.attributes
                0x00000000000005db       0x34 /usr/bin/../lib/gcc/arm-none-eabi/7.3.1/../../../../arm-none-eabi/lib/thumb/v7e-m/fpv4-sp/hard/libm.a(lib_a-sf_fabs.o)
 .ARM.attributes
                0x000000000000060f       0x34 /usr/bin/../lib/gcc/arm-none-eabi/7.3.1/../../../../arm-none-eabi/lib/thumb/v7e-m/fpv4-sp/hard/libm.a(lib_a-sf_finite.o)
 .ARM.attributes
                0x0000000000000643       0x34 /usr/bin/../lib/gcc/arm-none-eabi/7.3.1/../../../../arm-none-eabi/lib/thumb/v7e-m/fpv4-sp/hard/libm.a(lib_a-sf_nan.o)
 .ARM.attributes
                0x0000000000000677       0x34 /usr/bin/../lib/gcc/arm-none-eabi/7.3.1/../../../../arm-none-eabi/lib/thumb/v7e-m/fpv4-sp/hard/libm.a(lib_a-sf_rint.o)
 .ARM.attributes
                0x00000000000006ab       0x34 /usr/bin/../lib/gcc/arm-none-eabi/7.3.1/../../../../arm-none-eabi/lib/thumb/v7e-m/fpv4-sp/hard/libm.a(lib_a-sf_scalbn.o)
 .ARM.attributes
                0x00000000000006df       0x34 /usr/bin/../lib/gcc/arm-none-eabi/7.3.1/../../../../arm-none-eabi/lib/thumb/v7e-m/fpv4-sp/hard/libm.a(lib_a-sf_copysign.o)
 .ARM.attributes
                0x0000000000000713       0x22 /usr/bin/../lib/gcc/arm-none-eabi/7.3.1/thumb/v7e-m/fpv4-sp/hard/libgcc.a(_arm_addsubdf3.o)
 .ARM.attributes
                0x0000000000000735       0x22 /usr/bin/../lib/gcc/arm-none-eabi/7.3.1/thumb/v7e-m/fpv4-sp/hard/libgcc.a(_arm_fixunsdfsi.o)
 .ARM.attributes
                0x0000000000000757       0x22 /usr/bin/../lib/gcc/arm-none-eabi/7.3.1/thumb/v7e-m/fpv4-sp/hard/libgcc.a(_arm_truncdfsf2.o)
 .ARM.attributes
                0x0000000000000779       0x22 /usr/bin/../lib/gcc/arm-none-eabi/7.3.1/thumb/v7e-m/fpv4-sp/hard/libgcc.a(_aeabi_uldivmod.o)
 .ARM.attributes
                0x000000000000079b       0x34 /usr/bin/../lib/gcc/arm-none-eabi/7.3.1/thumb/v7e-m/fpv4-sp/hard/libgcc.a(_udivmoddi4.o)
 .ARM.attributes
                0x00000000000007cf       0x22 /usr/bin/../lib/gcc/arm-none-eabi/7.3.1/thumb/v7e-m/fpv4-sp/hard/libgcc.a(_dvmd_tls.o)
 .ARM.attributes
                0x00000000000007f1       0x34 /usr/bin/../lib/gcc/arm-none-eabi/7.3.1/../../../../arm-none-eabi/lib/thumb/v7e-m/fpv4-sp/hard/libc_nano.a(lib_a-errno.o)
 .ARM.attributes
                0x0000000000000825       0x22 /usr/bin/../lib/gcc/arm-none-eabi/7.3.1/thumb/v7e-m/fpv4-sp/hard/crtn.o
OUTPUT(build/ToneLock_Discovery.elf elf32-littlearm)

.debug_info     0x0000000000000000    0x14af2
 .debug_info    0x0000000000000000     0x2437 build/main.o
 .debug_info    0x0000000000002437     0x1192 build/stm32f4xx_it.o
 .debug_info    0x00000000000035c9     0x1e09 build/stm32f4xx_hal_msp.o
 .debug_info    0x00000000000053d2     0x19df build/stm32f4xx_hal_i2s.o
 .debug_info    0x0000000000006db1     0x179c build/stm32f4xx_hal_i2s_ex.o
 .debug_info    0x000000000000854d     0x2464 build/stm32f4xx_hal_spi.o
 .debug_info    0x000000000000a9b1     0x2172 build/stm32f4xx_hal_uart.o
 .debug_info    0x000000000000cb23     0x1418 build/stm32f4xx_hal_rcc.o
 .debug_info    0x000000000000df3b      0xfdf build/stm32f4xx_hal_rcc_ex.o
 .debug_info    0x000000000000ef1a     0x110f build/stm32f4xx_hal_gpio.o
 .debug_info    0x0000000000010029     0x1915 build/stm32f4xx_hal_cortex.o
 .debug_info    0x000000000001193e     0x138f build/stm32f4xx_hal.o
 .debug_info    0x0000000000012ccd      0xe82 build/system_stm32f4xx.o
 .debug_info    0x0000000000013b4f      0x254 build/pdm2pcm.o
 .debug_info    0x0000000000013da3      0xd2d build/stm32f4xx_hal_crc.o
 .debug_info    0x0000000000014ad0       0x22 build/startup_stm32f407xx.o

.debug_abbrev   0x0000000000000000     0x29a5
 .debug_abbrev  0x0000000000000000      0x316 build/main.o
 .debug_abbrev  0x0000000000000316      0x228 build/stm32f4xx_it.o
 .debug_abbrev  0x000000000000053e      0x2a1 build/stm32f4xx_hal_msp.o
 .debug_abbrev  0x00000000000007df      0x345 build/stm32f4xx_hal_i2s.o
 .debug_abbrev  0x0000000000000b24      0x31a build/stm32f4xx_hal_i2s_ex.o
 .debug_abbrev  0x0000000000000e3e      0x323 build/stm32f4xx_hal_spi.o
 .debug_abbrev  0x0000000000001161      0x375 build/stm32f4xx_hal_uart.o
 .debug_abbrev  0x00000000000014d6      0x32f build/stm32f4xx_hal_rcc.o
 .debug_abbrev  0x0000000000001805      0x279 build/stm32f4xx_hal_rcc_ex.o
 .debug_abbrev  0x0000000000001a7e      0x2be build/stm32f4xx_hal_gpio.o
 .debug_abbrev  0x0000000000001d3c      0x3dc build/stm32f4xx_hal_cortex.o
 .debug_abbrev  0x0000000000002118      0x2e1 build/stm32f4xx_hal.o
 .debug_abbrev  0x00000000000023f9      0x1e6 build/system_stm32f4xx.o
 .debug_abbrev  0x00000000000025df      0x118 build/pdm2pcm.o
 .debug_abbrev  0x00000000000026f7      0x29c build/stm32f4xx_hal_crc.o
 .debug_abbrev  0x0000000000002993       0x12 build/startup_stm32f407xx.o

.debug_loc      0x0000000000000000     0x7797
 .debug_loc     0x0000000000000000      0x160 build/main.o
 .debug_loc     0x0000000000000160       0x60 build/stm32f4xx_it.o
 .debug_loc     0x00000000000001c0      0x27d build/stm32f4xx_hal_msp.o
 .debug_loc     0x000000000000043d     0x1205 build/stm32f4xx_hal_i2s.o
 .debug_loc     0x0000000000001642      0xd91 build/stm32f4xx_hal_i2s_ex.o
 .debug_loc     0x00000000000023d3     0x1ffb build/stm32f4xx_hal_spi.o
 .debug_loc     0x00000000000043ce     0x1a3f build/stm32f4xx_hal_uart.o
 .debug_loc     0x0000000000005e0d      0x555 build/stm32f4xx_hal_rcc.o
 .debug_loc     0x0000000000006362      0x36b build/stm32f4xx_hal_rcc_ex.o
 .debug_loc     0x00000000000066cd      0x531 build/stm32f4xx_hal_gpio.o
 .debug_loc     0x0000000000006bfe      0x65e build/stm32f4xx_hal_cortex.o
 .debug_loc     0x000000000000725c      0x19d build/stm32f4xx_hal.o
 .debug_loc     0x00000000000073f9      0x13e build/system_stm32f4xx.o
 .debug_loc     0x0000000000007537       0x41 build/pdm2pcm.o
 .debug_loc     0x0000000000007578      0x21f build/stm32f4xx_hal_crc.o

.debug_aranges  0x0000000000000000      0x9b8
 .debug_aranges
                0x0000000000000000       0x60 build/main.o
 .debug_aranges
                0x0000000000000060       0x68 build/stm32f4xx_it.o
 .debug_aranges
                0x00000000000000c8       0x60 build/stm32f4xx_hal_msp.o
 .debug_aranges
                0x0000000000000128      0x108 build/stm32f4xx_hal_i2s.o
 .debug_aranges
                0x0000000000000230       0x78 build/stm32f4xx_hal_i2s_ex.o
 .debug_aranges
                0x00000000000002a8      0x1c8 build/stm32f4xx_hal_spi.o
 .debug_aranges
                0x0000000000000470      0x1d0 build/stm32f4xx_hal_uart.o
 .debug_aranges
                0x0000000000000640       0x88 build/stm32f4xx_hal_rcc.o
 .debug_aranges
                0x00000000000006c8       0x48 build/stm32f4xx_hal_rcc_ex.o
 .debug_aranges
                0x0000000000000710       0x58 build/stm32f4xx_hal_gpio.o
 .debug_aranges
                0x0000000000000768       0xa8 build/stm32f4xx_hal_cortex.o
 .debug_aranges
                0x0000000000000810       0xe0 build/stm32f4xx_hal.o
 .debug_aranges
                0x00000000000008f0       0x28 build/system_stm32f4xx.o
 .debug_aranges
                0x0000000000000918       0x28 build/pdm2pcm.o
 .debug_aranges
                0x0000000000000940       0x50 build/stm32f4xx_hal_crc.o
 .debug_aranges
                0x0000000000000990       0x28 build/startup_stm32f407xx.o

.debug_ranges   0x0000000000000000      0x950
 .debug_ranges  0x0000000000000000       0x50 build/main.o
 .debug_ranges  0x0000000000000050       0x58 build/stm32f4xx_it.o
 .debug_ranges  0x00000000000000a8       0x50 build/stm32f4xx_hal_msp.o
 .debug_ranges  0x00000000000000f8       0xf8 build/stm32f4xx_hal_i2s.o
 .debug_ranges  0x00000000000001f0       0x80 build/stm32f4xx_hal_i2s_ex.o
 .debug_ranges  0x0000000000000270      0x1b8 build/stm32f4xx_hal_spi.o
 .debug_ranges  0x0000000000000428      0x1c0 build/stm32f4xx_hal_uart.o
 .debug_ranges  0x00000000000005e8       0x90 build/stm32f4xx_hal_rcc.o
 .debug_ranges  0x0000000000000678       0x38 build/stm32f4xx_hal_rcc_ex.o
 .debug_ranges  0x00000000000006b0       0x48 build/stm32f4xx_hal_gpio.o
 .debug_ranges  0x00000000000006f8       0xf8 build/stm32f4xx_hal_cortex.o
 .debug_ranges  0x00000000000007f0       0xd0 build/stm32f4xx_hal.o
 .debug_ranges  0x00000000000008c0       0x18 build/system_stm32f4xx.o
 .debug_ranges  0x00000000000008d8       0x18 build/pdm2pcm.o
 .debug_ranges  0x00000000000008f0       0x40 build/stm32f4xx_hal_crc.o
 .debug_ranges  0x0000000000000930       0x20 build/startup_stm32f407xx.o

.debug_line     0x0000000000000000     0x49f6
 .debug_line    0x0000000000000000      0x3e5 build/main.o
 .debug_line    0x00000000000003e5      0x2b8 build/stm32f4xx_it.o
 .debug_line    0x000000000000069d      0x333 build/stm32f4xx_hal_msp.o
 .debug_line    0x00000000000009d0      0x7e7 build/stm32f4xx_hal_i2s.o
 .debug_line    0x00000000000011b7      0x819 build/stm32f4xx_hal_i2s_ex.o
 .debug_line    0x00000000000019d0      0xbfe build/stm32f4xx_hal_spi.o
 .debug_line    0x00000000000025ce      0xb2e build/stm32f4xx_hal_uart.o
 .debug_line    0x00000000000030fc      0x49d build/stm32f4xx_hal_rcc.o
 .debug_line    0x0000000000003599      0x312 build/stm32f4xx_hal_rcc_ex.o
 .debug_line    0x00000000000038ab      0x365 build/stm32f4xx_hal_gpio.o
 .debug_line    0x0000000000003c10      0x417 build/stm32f4xx_hal_cortex.o
 .debug_line    0x0000000000004027      0x3d7 build/stm32f4xx_hal.o
 .debug_line    0x00000000000043fe      0x1aa build/system_stm32f4xx.o
 .debug_line    0x00000000000045a8      0x10b build/pdm2pcm.o
 .debug_line    0x00000000000046b3      0x2cf build/stm32f4xx_hal_crc.o
 .debug_line    0x0000000000004982       0x74 build/startup_stm32f407xx.o

.debug_str      0x0000000000000000     0x3249
 .debug_str     0x0000000000000000     0x177c build/main.o
                                       0x1866 (size before relaxing)
 .debug_str     0x000000000000177c       0xe9 build/stm32f4xx_it.o
                                        0xb50 (size before relaxing)
 .debug_str     0x0000000000001865      0x10d build/stm32f4xx_hal_msp.o
                                       0x14bd (size before relaxing)
 .debug_str     0x0000000000001972      0x27b build/stm32f4xx_hal_i2s.o
                                        0xd44 (size before relaxing)
 .debug_str     0x0000000000001bed      0x1ce build/stm32f4xx_hal_i2s_ex.o
                                        0xc78 (size before relaxing)
 .debug_str     0x0000000000001dbb      0x499 build/stm32f4xx_hal_spi.o
                                        0xf9e (size before relaxing)
 .debug_str     0x0000000000002254      0x52c build/stm32f4xx_hal_uart.o
                                       0x1016 (size before relaxing)
 .debug_str     0x0000000000002780      0x18c build/stm32f4xx_hal_rcc.o
                                        0xae7 (size before relaxing)
 .debug_str     0x000000000000290c       0xdb build/stm32f4xx_hal_rcc_ex.o
                                        0x8e0 (size before relaxing)
 .debug_str     0x00000000000029e7      0x112 build/stm32f4xx_hal_gpio.o
                                        0x914 (size before relaxing)
 .debug_str     0x0000000000002af9      0x38a build/stm32f4xx_hal_cortex.o
                                       0x103e (size before relaxing)
 .debug_str     0x0000000000002e83      0x277 build/stm32f4xx_hal.o
                                        0xf67 (size before relaxing)
 .debug_str     0x00000000000030fa       0x42 build/system_stm32f4xx.o
                                        0x778 (size before relaxing)
 .debug_str     0x000000000000313c       0x54 build/pdm2pcm.o
                                        0x2fc (size before relaxing)
 .debug_str     0x0000000000003190       0x95 build/stm32f4xx_hal_crc.o
                                        0x7d2 (size before relaxing)
 .debug_str     0x0000000000003225       0x24 build/startup_stm32f407xx.o
                                         0x5e (size before relaxing)

.comment        0x0000000000000000       0xed
 .comment       0x0000000000000000       0x7f build/main.o
                                         0x80 (size before relaxing)
 .comment       0x000000000000007f       0x80 build/stm32f4xx_it.o
 .comment       0x000000000000007f       0x80 build/stm32f4xx_hal_msp.o
 .comment       0x000000000000007f       0x80 build/stm32f4xx_hal_i2s.o
 .comment       0x000000000000007f       0x80 build/stm32f4xx_hal_i2s_ex.o
 .comment       0x000000000000007f       0x80 build/stm32f4xx_hal_spi.o
 .comment       0x000000000000007f       0x80 build/stm32f4xx_hal_uart.o
 .comment       0x000000000000007f       0x80 build/stm32f4xx_hal_rcc.o
 .comment       0x000000000000007f       0x80 build/stm32f4xx_hal_rcc_ex.o
 .comment       0x000000000000007f       0x80 build/stm32f4xx_hal_gpio.o
 .comment       0x000000000000007f       0x80 build/stm32f4xx_hal_cortex.o
 .comment       0x000000000000007f       0x80 build/stm32f4xx_hal.o
 .comment       0x000000000000007f       0x80 build/system_stm32f4xx.o
 .comment       0x000000000000007f       0x80 build/pdm2pcm.o
 .comment       0x000000000000007f       0x80 build/stm32f4xx_hal_crc.o
 .comment       0x000000000000007f       0x6e Middlewares/ST/STM32_Audio/Addons/PDM/Lib/libPDMFilter_CM4_GCC.a(pdm_filter.o)
                                         0x6f (size before relaxing)

.debug_frame    0x0000000000000000     0x1f74
 .debug_frame   0x0000000000000000      0x118 build/main.o
 .debug_frame   0x0000000000000118       0xd4 build/stm32f4xx_it.o
 .debug_frame   0x00000000000001ec      0x10c build/stm32f4xx_hal_msp.o
 .debug_frame   0x00000000000002f8      0x364 build/stm32f4xx_hal_i2s.o
 .debug_frame   0x000000000000065c      0x1c0 build/stm32f4xx_hal_i2s_ex.o
 .debug_frame   0x000000000000081c      0x5ec build/stm32f4xx_hal_spi.o
 .debug_frame   0x0000000000000e08      0x57c build/stm32f4xx_hal_uart.o
 .debug_frame   0x0000000000001384      0x1c4 build/stm32f4xx_hal_rcc.o
 .debug_frame   0x0000000000001548       0xb4 build/stm32f4xx_hal_rcc_ex.o
 .debug_frame   0x00000000000015fc       0xec build/stm32f4xx_hal_gpio.o
 .debug_frame   0x00000000000016e8      0x16c build/stm32f4xx_hal_cortex.o
 .debug_frame   0x0000000000001854      0x1e0 build/stm32f4xx_hal.o
 .debug_frame   0x0000000000001a34       0x30 build/system_stm32f4xx.o
 .debug_frame   0x0000000000001a64       0x40 build/pdm2pcm.o
 .debug_frame   0x0000000000001aa4       0xc0 build/stm32f4xx_hal_crc.o
 .debug_frame   0x0000000000001b64       0x2c /usr/bin/../lib/gcc/arm-none-eabi/7.3.1/../../../../arm-none-eabi/lib/thumb/v7e-m/fpv4-sp/hard/libc_nano.a(lib_a-init.o)
 .debug_frame   0x0000000000001b90       0x20 /usr/bin/../lib/gcc/arm-none-eabi/7.3.1/../../../../arm-none-eabi/lib/thumb/v7e-m/fpv4-sp/hard/libc_nano.a(lib_a-memset.o)
 .debug_frame   0x0000000000001bb0       0x2c /usr/bin/../lib/gcc/arm-none-eabi/7.3.1/../../../../arm-none-eabi/lib/thumb/v7e-m/fpv4-sp/hard/libm.a(lib_a-s_round.o)
 .debug_frame   0x0000000000001bdc       0x68 /usr/bin/../lib/gcc/arm-none-eabi/7.3.1/../../../../arm-none-eabi/lib/thumb/v7e-m/fpv4-sp/hard/libm.a(lib_a-wf_pow.o)
 .debug_frame   0x0000000000001c44       0x80 /usr/bin/../lib/gcc/arm-none-eabi/7.3.1/../../../../arm-none-eabi/lib/thumb/v7e-m/fpv4-sp/hard/libm.a(lib_a-ef_pow.o)
 .debug_frame   0x0000000000001cc4       0x20 /usr/bin/../lib/gcc/arm-none-eabi/7.3.1/../../../../arm-none-eabi/lib/thumb/v7e-m/fpv4-sp/hard/libm.a(lib_a-ef_sqrt.o)
 .debug_frame   0x0000000000001ce4       0x20 /usr/bin/../lib/gcc/arm-none-eabi/7.3.1/../../../../arm-none-eabi/lib/thumb/v7e-m/fpv4-sp/hard/libm.a(lib_a-s_matherr.o)
 .debug_frame   0x0000000000001d04       0x20 /usr/bin/../lib/gcc/arm-none-eabi/7.3.1/../../../../arm-none-eabi/lib/thumb/v7e-m/fpv4-sp/hard/libm.a(lib_a-sf_fabs.o)
 .debug_frame   0x0000000000001d24       0x20 /usr/bin/../lib/gcc/arm-none-eabi/7.3.1/../../../../arm-none-eabi/lib/thumb/v7e-m/fpv4-sp/hard/libm.a(lib_a-sf_finite.o)
 .debug_frame   0x0000000000001d44       0x20 /usr/bin/../lib/gcc/arm-none-eabi/7.3.1/../../../../arm-none-eabi/lib/thumb/v7e-m/fpv4-sp/hard/libm.a(lib_a-sf_nan.o)
 .debug_frame   0x0000000000001d64       0x38 /usr/bin/../lib/gcc/arm-none-eabi/7.3.1/../../../../arm-none-eabi/lib/thumb/v7e-m/fpv4-sp/hard/libm.a(lib_a-sf_rint.o)
 .debug_frame   0x0000000000001d9c       0x44 /usr/bin/../lib/gcc/arm-none-eabi/7.3.1/../../../../arm-none-eabi/lib/thumb/v7e-m/fpv4-sp/hard/libm.a(lib_a-sf_scalbn.o)
 .debug_frame   0x0000000000001de0       0x20 /usr/bin/../lib/gcc/arm-none-eabi/7.3.1/../../../../arm-none-eabi/lib/thumb/v7e-m/fpv4-sp/hard/libm.a(lib_a-sf_copysign.o)
 .debug_frame   0x0000000000001e00       0xac /usr/bin/../lib/gcc/arm-none-eabi/7.3.1/thumb/v7e-m/fpv4-sp/hard/libgcc.a(_arm_addsubdf3.o)
 .debug_frame   0x0000000000001eac       0x24 /usr/bin/../lib/gcc/arm-none-eabi/7.3.1/thumb/v7e-m/fpv4-sp/hard/libgcc.a(_arm_fixunsdfsi.o)
 .debug_frame   0x0000000000001ed0       0x24 /usr/bin/../lib/gcc/arm-none-eabi/7.3.1/thumb/v7e-m/fpv4-sp/hard/libgcc.a(_arm_truncdfsf2.o)
 .debug_frame   0x0000000000001ef4       0x2c /usr/bin/../lib/gcc/arm-none-eabi/7.3.1/thumb/v7e-m/fpv4-sp/hard/libgcc.a(_aeabi_uldivmod.o)
 .debug_frame   0x0000000000001f20       0x34 /usr/bin/../lib/gcc/arm-none-eabi/7.3.1/thumb/v7e-m/fpv4-sp/hard/libgcc.a(_udivmoddi4.o)
 .debug_frame   0x0000000000001f54       0x20 /usr/bin/../lib/gcc/arm-none-eabi/7.3.1/../../../../arm-none-eabi/lib/thumb/v7e-m/fpv4-sp/hard/libc_nano.a(lib_a-errno.o)

Cross Reference Table

Symbol                                            File
ADC_IRQHandler                                    build/startup_stm32f407xx.o
AHBPrescTable                                     build/system_stm32f4xx.o
                                                  build/stm32f4xx_hal_rcc.o
APBPrescTable                                     build/system_stm32f4xx.o
                                                  build/stm32f4xx_hal_rcc.o
BusFault_Handler                                  build/stm32f4xx_it.o
CAN1_RX0_IRQHandler                               build/startup_stm32f407xx.o
CAN1_RX1_IRQHandler                               build/startup_stm32f407xx.o
CAN1_SCE_IRQHandler                               build/startup_stm32f407xx.o
CAN1_TX_IRQHandler                                build/startup_stm32f407xx.o
CAN2_RX0_IRQHandler                               build/startup_stm32f407xx.o
CAN2_RX1_IRQHandler                               build/startup_stm32f407xx.o
CAN2_SCE_IRQHandler                               build/startup_stm32f407xx.o
CAN2_TX_IRQHandler                                build/startup_stm32f407xx.o
DCMI_IRQHandler                                   build/startup_stm32f407xx.o
DMA1_Stream0_IRQHandler                           build/startup_stm32f407xx.o
DMA1_Stream1_IRQHandler                           build/startup_stm32f407xx.o
DMA1_Stream2_IRQHandler                           build/startup_stm32f407xx.o
DMA1_Stream3_IRQHandler                           build/startup_stm32f407xx.o
DMA1_Stream4_IRQHandler                           build/startup_stm32f407xx.o
DMA1_Stream5_IRQHandler                           build/startup_stm32f407xx.o
DMA1_Stream6_IRQHandler                           build/startup_stm32f407xx.o
DMA1_Stream7_IRQHandler                           build/startup_stm32f407xx.o
DMA2_Stream0_IRQHandler                           build/startup_stm32f407xx.o
DMA2_Stream1_IRQHandler                           build/startup_stm32f407xx.o
DMA2_Stream2_IRQHandler                           build/startup_stm32f407xx.o
DMA2_Stream3_IRQHandler                           build/startup_stm32f407xx.o
DMA2_Stream4_IRQHandler                           build/startup_stm32f407xx.o
DMA2_Stream5_IRQHandler                           build/startup_stm32f407xx.o
DMA2_Stream6_IRQHandler                           build/startup_stm32f407xx.o
DMA2_Stream7_IRQHandler                           build/startup_stm32f407xx.o
DebugMon_Handler                                  build/stm32f4xx_it.o
Default_Handler                                   build/startup_stm32f407xx.o
ETH_IRQHandler                                    build/startup_stm32f407xx.o
ETH_WKUP_IRQHandler                               build/startup_stm32f407xx.o
EXTI0_IRQHandler                                  build/startup_stm32f407xx.o
EXTI15_10_IRQHandler                              build/startup_stm32f407xx.o
EXTI1_IRQHandler                                  build/startup_stm32f407xx.o
EXTI2_IRQHandler                                  build/startup_stm32f407xx.o
EXTI3_IRQHandler                                  build/startup_stm32f407xx.o
EXTI4_IRQHandler                                  build/startup_stm32f407xx.o
EXTI9_5_IRQHandler                                build/startup_stm32f407xx.o
FLASH_Erase_Sector                                build/stm32f4xx_hal_flash_ex.o
                                                  build/stm32f4xx_hal_flash.o
FLASH_FlushCaches                                 build/stm32f4xx_hal_flash_ex.o
                                                  build/stm32f4xx_hal_flash.o
FLASH_IRQHandler                                  build/startup_stm32f407xx.o
FLASH_WaitForLastOperation                        build/stm32f4xx_hal_flash.o
                                                  build/stm32f4xx_hal_flash_ex.o
FPU_IRQHandler                                    build/startup_stm32f407xx.o
FSMC_IRQHandler                                   build/startup_stm32f407xx.o
HAL_CRC_Accumulate                                build/stm32f4xx_hal_crc.o
HAL_CRC_Calculate                                 build/stm32f4xx_hal_crc.o
HAL_CRC_DeInit                                    build/stm32f4xx_hal_crc.o
HAL_CRC_GetState                                  build/stm32f4xx_hal_crc.o
HAL_CRC_Init                                      build/stm32f4xx_hal_crc.o
                                                  build/main.o
HAL_CRC_MspDeInit                                 build/stm32f4xx_hal_msp.o
HAL_CRC_MspInit                                   build/stm32f4xx_hal_msp.o
HAL_DBGMCU_DisableDBGSleepMode                    build/stm32f4xx_hal.o
HAL_DBGMCU_DisableDBGStandbyMode                  build/stm32f4xx_hal.o
HAL_DBGMCU_DisableDBGStopMode                     build/stm32f4xx_hal.o
HAL_DBGMCU_EnableDBGSleepMode                     build/stm32f4xx_hal.o
HAL_DBGMCU_EnableDBGStandbyMode                   build/stm32f4xx_hal.o
HAL_DBGMCU_EnableDBGStopMode                      build/stm32f4xx_hal.o
HAL_DMAEx_ChangeMemory                            build/stm32f4xx_hal_dma_ex.o
HAL_DMAEx_MultiBufferStart                        build/stm32f4xx_hal_dma_ex.o
HAL_DMAEx_MultiBufferStart_IT                     build/stm32f4xx_hal_dma_ex.o
HAL_DMA_Abort                                     build/stm32f4xx_hal_dma.o
                                                  build/stm32f4xx_hal_uart.o
                                                  build/stm32f4xx_hal_spi.o
                                                  build/stm32f4xx_hal_i2s.o
HAL_DMA_Abort_IT                                  build/stm32f4xx_hal_dma.o
                                                  build/stm32f4xx_hal_uart.o
                                                  build/stm32f4xx_hal_spi.o
HAL_DMA_DeInit                                    build/stm32f4xx_hal_dma.o
HAL_DMA_GetError                                  build/stm32f4xx_hal_dma.o
HAL_DMA_GetState                                  build/stm32f4xx_hal_dma.o
HAL_DMA_IRQHandler                                build/stm32f4xx_hal_dma.o
HAL_DMA_Init                                      build/stm32f4xx_hal_dma.o
HAL_DMA_PollForTransfer                           build/stm32f4xx_hal_dma.o
HAL_DMA_RegisterCallback                          build/stm32f4xx_hal_dma.o
HAL_DMA_Start                                     build/stm32f4xx_hal_dma.o
HAL_DMA_Start_IT                                  build/stm32f4xx_hal_dma.o
                                                  build/stm32f4xx_hal_uart.o
                                                  build/stm32f4xx_hal_spi.o
                                                  build/stm32f4xx_hal_i2s_ex.o
                                                  build/stm32f4xx_hal_i2s.o
HAL_DMA_UnRegisterCallback                        build/stm32f4xx_hal_dma.o
HAL_DeInit                                        build/stm32f4xx_hal.o
HAL_Delay                                         build/stm32f4xx_hal.o
                                                  build/main.o
HAL_DisableCompensationCell                       build/stm32f4xx_hal.o
HAL_EnableCompensationCell                        build/stm32f4xx_hal.o
HAL_FLASHEx_Erase                                 build/stm32f4xx_hal_flash_ex.o
HAL_FLASHEx_Erase_IT                              build/stm32f4xx_hal_flash_ex.o
HAL_FLASHEx_OBGetConfig                           build/stm32f4xx_hal_flash_ex.o
HAL_FLASHEx_OBProgram                             build/stm32f4xx_hal_flash_ex.o
HAL_FLASH_EndOfOperationCallback                  build/stm32f4xx_hal_flash.o
HAL_FLASH_GetError                                build/stm32f4xx_hal_flash.o
HAL_FLASH_IRQHandler                              build/stm32f4xx_hal_flash.o
HAL_FLASH_Lock                                    build/stm32f4xx_hal_flash.o
HAL_FLASH_OB_Launch                               build/stm32f4xx_hal_flash.o
HAL_FLASH_OB_Lock                                 build/stm32f4xx_hal_flash.o
HAL_FLASH_OB_Unlock                               build/stm32f4xx_hal_flash.o
HAL_FLASH_OperationErrorCallback                  build/stm32f4xx_hal_flash.o
HAL_FLASH_Program                                 build/stm32f4xx_hal_flash.o
HAL_FLASH_Program_IT                              build/stm32f4xx_hal_flash.o
HAL_FLASH_Unlock                                  build/stm32f4xx_hal_flash.o
HAL_GPIO_DeInit                                   build/stm32f4xx_hal_gpio.o
                                                  build/stm32f4xx_hal_msp.o
HAL_GPIO_EXTI_Callback                            build/stm32f4xx_hal_gpio.o
HAL_GPIO_EXTI_IRQHandler                          build/stm32f4xx_hal_gpio.o
HAL_GPIO_Init                                     build/stm32f4xx_hal_gpio.o
                                                  build/stm32f4xx_hal_rcc.o
                                                  build/stm32f4xx_hal_msp.o
                                                  build/main.o
HAL_GPIO_LockPin                                  build/stm32f4xx_hal_gpio.o
HAL_GPIO_ReadPin                                  build/stm32f4xx_hal_gpio.o
HAL_GPIO_TogglePin                                build/stm32f4xx_hal_gpio.o
                                                  build/main.o
HAL_GPIO_WritePin                                 build/stm32f4xx_hal_gpio.o
                                                  build/stm32f4xx_it.o
                                                  build/main.o
HAL_GetDEVID                                      build/stm32f4xx_hal.o
HAL_GetHalVersion                                 build/stm32f4xx_hal.o
HAL_GetREVID                                      build/stm32f4xx_hal.o
HAL_GetTick                                       build/stm32f4xx_hal.o
                                                  build/stm32f4xx_hal_pwr_ex.o
                                                  build/stm32f4xx_hal_dma.o
                                                  build/stm32f4xx_hal_flash.o
                                                  build/stm32f4xx_hal_rcc_ex.o
                                                  build/stm32f4xx_hal_rcc.o
                                                  build/stm32f4xx_hal_uart.o
                                                  build/stm32f4xx_hal_spi.o
                                                  build/stm32f4xx_hal_i2s_ex.o
                                                  build/stm32f4xx_hal_i2s.o
HAL_GetTickFreq                                   build/stm32f4xx_hal.o
HAL_GetTickPrio                                   build/stm32f4xx_hal.o
HAL_GetUID                                        build/stm32f4xx_hal.o
HAL_HalfDuplex_EnableReceiver                     build/stm32f4xx_hal_uart.o
HAL_HalfDuplex_EnableTransmitter                  build/stm32f4xx_hal_uart.o
HAL_HalfDuplex_Init                               build/stm32f4xx_hal_uart.o
HAL_I2SEx_FullDuplex_IRQHandler                   build/stm32f4xx_hal_i2s_ex.o
                                                  build/stm32f4xx_hal_i2s.o
HAL_I2SEx_TransmitReceive                         build/stm32f4xx_hal_i2s_ex.o
HAL_I2SEx_TransmitReceive_DMA                     build/stm32f4xx_hal_i2s_ex.o
HAL_I2SEx_TransmitReceive_IT                      build/stm32f4xx_hal_i2s_ex.o
HAL_I2SEx_TxRxCpltCallback                        build/stm32f4xx_hal_i2s_ex.o
HAL_I2SEx_TxRxHalfCpltCallback                    build/stm32f4xx_hal_i2s_ex.o
HAL_I2S_DMAPause                                  build/stm32f4xx_hal_i2s.o
HAL_I2S_DMAResume                                 build/stm32f4xx_hal_i2s.o
HAL_I2S_DMAStop                                   build/stm32f4xx_hal_i2s.o
HAL_I2S_DeInit                                    build/stm32f4xx_hal_i2s.o
HAL_I2S_ErrorCallback                             build/stm32f4xx_hal_i2s.o
                                                  build/stm32f4xx_hal_i2s_ex.o
HAL_I2S_GetError                                  build/stm32f4xx_hal_i2s.o
HAL_I2S_GetState                                  build/stm32f4xx_hal_i2s.o
HAL_I2S_IRQHandler                                build/stm32f4xx_hal_i2s.o
                                                  build/stm32f4xx_it.o
HAL_I2S_Init                                      build/stm32f4xx_hal_i2s.o
                                                  build/main.o
HAL_I2S_MspDeInit                                 build/stm32f4xx_hal_msp.o
HAL_I2S_MspInit                                   build/stm32f4xx_hal_msp.o
HAL_I2S_Receive                                   build/stm32f4xx_hal_i2s.o
HAL_I2S_Receive_DMA                               build/stm32f4xx_hal_i2s.o
HAL_I2S_Receive_IT                                build/stm32f4xx_hal_i2s.o
                                                  build/main.o
HAL_I2S_RxCpltCallback                            build/stm32f4xx_hal_i2s.o
HAL_I2S_RxHalfCpltCallback                        build/stm32f4xx_hal_i2s.o
HAL_I2S_Transmit                                  build/stm32f4xx_hal_i2s.o
HAL_I2S_Transmit_DMA                              build/stm32f4xx_hal_i2s.o
HAL_I2S_Transmit_IT                               build/stm32f4xx_hal_i2s.o
HAL_I2S_TxCpltCallback                            build/stm32f4xx_hal_i2s.o
HAL_I2S_TxHalfCpltCallback                        build/stm32f4xx_hal_i2s.o
HAL_IncTick                                       build/stm32f4xx_hal.o
                                                  build/stm32f4xx_it.o
HAL_Init                                          build/stm32f4xx_hal.o
                                                  build/main.o
HAL_InitTick                                      build/stm32f4xx_hal.o
                                                  build/stm32f4xx_hal_rcc_ex.o
                                                  build/stm32f4xx_hal_rcc.o
HAL_LIN_Init                                      build/stm32f4xx_hal_uart.o
HAL_LIN_SendBreak                                 build/stm32f4xx_hal_uart.o
HAL_MPU_ConfigRegion                              build/stm32f4xx_hal_cortex.o
HAL_MPU_Disable                                   build/stm32f4xx_hal_cortex.o
HAL_MPU_Enable                                    build/stm32f4xx_hal_cortex.o
HAL_MspDeInit                                     build/stm32f4xx_hal.o
HAL_MspInit                                       build/stm32f4xx_hal_msp.o
HAL_MultiProcessor_EnterMuteMode                  build/stm32f4xx_hal_uart.o
HAL_MultiProcessor_ExitMuteMode                   build/stm32f4xx_hal_uart.o
HAL_MultiProcessor_Init                           build/stm32f4xx_hal_uart.o
HAL_NVIC_ClearPendingIRQ                          build/stm32f4xx_hal_cortex.o
HAL_NVIC_DisableIRQ                               build/stm32f4xx_hal_cortex.o
                                                  build/stm32f4xx_hal_msp.o
HAL_NVIC_EnableIRQ                                build/stm32f4xx_hal_cortex.o
                                                  build/stm32f4xx_hal_msp.o
HAL_NVIC_GetActive                                build/stm32f4xx_hal_cortex.o
HAL_NVIC_GetPendingIRQ                            build/stm32f4xx_hal_cortex.o
HAL_NVIC_GetPriority                              build/stm32f4xx_hal_cortex.o
HAL_NVIC_GetPriorityGrouping                      build/stm32f4xx_hal_cortex.o
HAL_NVIC_SetPendingIRQ                            build/stm32f4xx_hal_cortex.o
HAL_NVIC_SetPriority                              build/stm32f4xx_hal_cortex.o
                                                  build/stm32f4xx_hal.o
                                                  build/stm32f4xx_hal_msp.o
                                                  build/main.o
HAL_NVIC_SetPriorityGrouping                      build/stm32f4xx_hal_cortex.o
                                                  build/stm32f4xx_hal.o
                                                  build/stm32f4xx_hal_msp.o
HAL_NVIC_SystemReset                              build/stm32f4xx_hal_cortex.o
HAL_PWREx_ControlVoltageScaling                   build/stm32f4xx_hal_pwr_ex.o
HAL_PWREx_DisableBkUpReg                          build/stm32f4xx_hal_pwr_ex.o
HAL_PWREx_DisableFlashPowerDown                   build/stm32f4xx_hal_pwr_ex.o
HAL_PWREx_EnableBkUpReg                           build/stm32f4xx_hal_pwr_ex.o
HAL_PWREx_EnableFlashPowerDown                    build/stm32f4xx_hal_pwr_ex.o
HAL_PWREx_GetVoltageRange                         build/stm32f4xx_hal_pwr_ex.o
HAL_PWR_ConfigPVD                                 build/stm32f4xx_hal_pwr.o
HAL_PWR_DeInit                                    build/stm32f4xx_hal_pwr.o
HAL_PWR_DisableBkUpAccess                         build/stm32f4xx_hal_pwr.o
HAL_PWR_DisablePVD                                build/stm32f4xx_hal_pwr.o
HAL_PWR_DisableSEVOnPend                          build/stm32f4xx_hal_pwr.o
HAL_PWR_DisableSleepOnExit                        build/stm32f4xx_hal_pwr.o
HAL_PWR_DisableWakeUpPin                          build/stm32f4xx_hal_pwr.o
HAL_PWR_EnableBkUpAccess                          build/stm32f4xx_hal_pwr.o
HAL_PWR_EnablePVD                                 build/stm32f4xx_hal_pwr.o
HAL_PWR_EnableSEVOnPend                           build/stm32f4xx_hal_pwr.o
HAL_PWR_EnableSleepOnExit                         build/stm32f4xx_hal_pwr.o
HAL_PWR_EnableWakeUpPin                           build/stm32f4xx_hal_pwr.o
HAL_PWR_EnterSLEEPMode                            build/stm32f4xx_hal_pwr.o
HAL_PWR_EnterSTANDBYMode                          build/stm32f4xx_hal_pwr.o
HAL_PWR_EnterSTOPMode                             build/stm32f4xx_hal_pwr.o
HAL_PWR_PVDCallback                               build/stm32f4xx_hal_pwr.o
HAL_PWR_PVD_IRQHandler                            build/stm32f4xx_hal_pwr.o
HAL_RCCEx_DisablePLLI2S                           build/stm32f4xx_hal_rcc_ex.o
HAL_RCCEx_EnablePLLI2S                            build/stm32f4xx_hal_rcc_ex.o
HAL_RCCEx_GetPeriphCLKConfig                      build/stm32f4xx_hal_rcc_ex.o
HAL_RCCEx_GetPeriphCLKFreq                        build/stm32f4xx_hal_rcc_ex.o
                                                  build/stm32f4xx_hal_i2s.o
HAL_RCCEx_PeriphCLKConfig                         build/stm32f4xx_hal_rcc_ex.o
                                                  build/main.o
HAL_RCC_CSSCallback                               build/stm32f4xx_hal_rcc.o
HAL_RCC_ClockConfig                               build/stm32f4xx_hal_rcc.o
                                                  build/main.o
HAL_RCC_DeInit                                    build/stm32f4xx_hal_rcc_ex.o
                                                  build/stm32f4xx_hal_rcc.o
HAL_RCC_DisableCSS                                build/stm32f4xx_hal_rcc.o
HAL_RCC_EnableCSS                                 build/stm32f4xx_hal_rcc.o
HAL_RCC_GetClockConfig                            build/stm32f4xx_hal_rcc.o
HAL_RCC_GetHCLKFreq                               build/stm32f4xx_hal_rcc.o
                                                  build/main.o
HAL_RCC_GetOscConfig                              build/stm32f4xx_hal_rcc.o
HAL_RCC_GetPCLK1Freq                              build/stm32f4xx_hal_rcc.o
                                                  build/stm32f4xx_hal_uart.o
HAL_RCC_GetPCLK2Freq                              build/stm32f4xx_hal_rcc.o
                                                  build/stm32f4xx_hal_uart.o
HAL_RCC_GetSysClockFreq                           build/stm32f4xx_hal_rcc.o
HAL_RCC_MCOConfig                                 build/stm32f4xx_hal_rcc.o
HAL_RCC_NMI_IRQHandler                            build/stm32f4xx_hal_rcc.o
HAL_RCC_OscConfig                                 build/stm32f4xx_hal_rcc.o
                                                  build/main.o
HAL_ResumeTick                                    build/stm32f4xx_hal.o
HAL_SPI_Abort                                     build/stm32f4xx_hal_spi.o
HAL_SPI_AbortCpltCallback                         build/stm32f4xx_hal_spi.o
HAL_SPI_Abort_IT                                  build/stm32f4xx_hal_spi.o
HAL_SPI_DMAPause                                  build/stm32f4xx_hal_spi.o
HAL_SPI_DMAResume                                 build/stm32f4xx_hal_spi.o
HAL_SPI_DMAStop                                   build/stm32f4xx_hal_spi.o
HAL_SPI_DeInit                                    build/stm32f4xx_hal_spi.o
HAL_SPI_ErrorCallback                             build/stm32f4xx_hal_spi.o
HAL_SPI_GetError                                  build/stm32f4xx_hal_spi.o
HAL_SPI_GetState                                  build/stm32f4xx_hal_spi.o
HAL_SPI_IRQHandler                                build/stm32f4xx_hal_spi.o
HAL_SPI_Init                                      build/stm32f4xx_hal_spi.o
                                                  build/main.o
HAL_SPI_MspDeInit                                 build/stm32f4xx_hal_msp.o
HAL_SPI_MspInit                                   build/stm32f4xx_hal_msp.o
HAL_SPI_Receive                                   build/stm32f4xx_hal_spi.o
HAL_SPI_Receive_DMA                               build/stm32f4xx_hal_spi.o
HAL_SPI_Receive_IT                                build/stm32f4xx_hal_spi.o
HAL_SPI_RxCpltCallback                            build/main.o
HAL_SPI_RxHalfCpltCallback                        build/stm32f4xx_hal_spi.o
HAL_SPI_Transmit                                  build/stm32f4xx_hal_spi.o
HAL_SPI_TransmitReceive                           build/stm32f4xx_hal_spi.o
HAL_SPI_TransmitReceive_DMA                       build/stm32f4xx_hal_spi.o
HAL_SPI_TransmitReceive_IT                        build/stm32f4xx_hal_spi.o
HAL_SPI_Transmit_DMA                              build/stm32f4xx_hal_spi.o
HAL_SPI_Transmit_IT                               build/stm32f4xx_hal_spi.o
HAL_SPI_TxCpltCallback                            build/stm32f4xx_hal_spi.o
HAL_SPI_TxHalfCpltCallback                        build/stm32f4xx_hal_spi.o
HAL_SPI_TxRxCpltCallback                          build/stm32f4xx_hal_spi.o
HAL_SPI_TxRxHalfCpltCallback                      build/stm32f4xx_hal_spi.o
HAL_SYSTICK_CLKSourceConfig                       build/stm32f4xx_hal_cortex.o
                                                  build/main.o
HAL_SYSTICK_Callback                              build/stm32f4xx_hal_cortex.o
HAL_SYSTICK_Config                                build/stm32f4xx_hal_cortex.o
                                                  build/stm32f4xx_hal.o
                                                  build/main.o
HAL_SYSTICK_IRQHandler                            build/stm32f4xx_hal_cortex.o
                                                  build/stm32f4xx_it.o
HAL_SetTickFreq                                   build/stm32f4xx_hal.o
HAL_SuspendTick                                   build/stm32f4xx_hal.o
HAL_UART_Abort                                    build/stm32f4xx_hal_uart.o
HAL_UART_AbortCpltCallback                        build/stm32f4xx_hal_uart.o
HAL_UART_AbortReceive                             build/stm32f4xx_hal_uart.o
HAL_UART_AbortReceiveCpltCallback                 build/stm32f4xx_hal_uart.o
HAL_UART_AbortReceive_IT                          build/stm32f4xx_hal_uart.o
HAL_UART_AbortTransmit                            build/stm32f4xx_hal_uart.o
HAL_UART_AbortTransmitCpltCallback                build/stm32f4xx_hal_uart.o
HAL_UART_AbortTransmit_IT                         build/stm32f4xx_hal_uart.o
HAL_UART_Abort_IT                                 build/stm32f4xx_hal_uart.o
HAL_UART_DMAPause                                 build/stm32f4xx_hal_uart.o
HAL_UART_DMAResume                                build/stm32f4xx_hal_uart.o
HAL_UART_DMAStop                                  build/stm32f4xx_hal_uart.o
HAL_UART_DeInit                                   build/stm32f4xx_hal_uart.o
HAL_UART_ErrorCallback                            build/stm32f4xx_hal_uart.o
HAL_UART_GetError                                 build/stm32f4xx_hal_uart.o
HAL_UART_GetState                                 build/stm32f4xx_hal_uart.o
HAL_UART_IRQHandler                               build/stm32f4xx_hal_uart.o
HAL_UART_Init                                     build/stm32f4xx_hal_uart.o
                                                  build/main.o
HAL_UART_MspDeInit                                build/stm32f4xx_hal_msp.o
HAL_UART_MspInit                                  build/stm32f4xx_hal_msp.o
HAL_UART_Receive                                  build/stm32f4xx_hal_uart.o
HAL_UART_Receive_DMA                              build/stm32f4xx_hal_uart.o
HAL_UART_Receive_IT                               build/stm32f4xx_hal_uart.o
HAL_UART_RxCpltCallback                           build/stm32f4xx_hal_uart.o
HAL_UART_RxHalfCpltCallback                       build/stm32f4xx_hal_uart.o
HAL_UART_Transmit                                 build/stm32f4xx_hal_uart.o
HAL_UART_Transmit_DMA                             build/stm32f4xx_hal_uart.o
HAL_UART_Transmit_IT                              build/stm32f4xx_hal_uart.o
HAL_UART_TxCpltCallback                           build/stm32f4xx_hal_uart.o
HAL_UART_TxHalfCpltCallback                       build/stm32f4xx_hal_uart.o
HASH_RNG_IRQHandler                               build/startup_stm32f407xx.o
HardFault_Handler                                 build/stm32f4xx_it.o
I2C1_ER_IRQHandler                                build/startup_stm32f407xx.o
I2C1_EV_IRQHandler                                build/startup_stm32f407xx.o
I2C2_ER_IRQHandler                                build/startup_stm32f407xx.o
I2C2_EV_IRQHandler                                build/startup_stm32f407xx.o
I2C3_ER_IRQHandler                                build/startup_stm32f407xx.o
I2C3_EV_IRQHandler                                build/startup_stm32f407xx.o
MX_PDM2PCM_Init                                   build/pdm2pcm.o
                                                  build/main.o
MX_PDM2PCM_Process                                build/pdm2pcm.o
MemManage_Handler                                 build/stm32f4xx_it.o
NMI_Handler                                       build/stm32f4xx_it.o
OTG_FS_IRQHandler                                 build/startup_stm32f407xx.o
OTG_FS_WKUP_IRQHandler                            build/startup_stm32f407xx.o
OTG_HS_EP1_IN_IRQHandler                          build/startup_stm32f407xx.o
OTG_HS_EP1_OUT_IRQHandler                         build/startup_stm32f407xx.o
OTG_HS_IRQHandler                                 build/startup_stm32f407xx.o
OTG_HS_WKUP_IRQHandler                            build/startup_stm32f407xx.o
PDM1_filter_config                                build/pdm2pcm.o
PDM1_filter_handler                               build/pdm2pcm.o
PDM_Filter                                        Middlewares/ST/STM32_Audio/Addons/PDM/Lib/libPDMFilter_CM4_GCC.a(pdm_filter.o)
PDM_Filter_Init                                   Middlewares/ST/STM32_Audio/Addons/PDM/Lib/libPDMFilter_CM4_GCC.a(pdm_filter.o)
                                                  build/pdm2pcm.o
PDM_Filter_getConfig                              Middlewares/ST/STM32_Audio/Addons/PDM/Lib/libPDMFilter_CM4_GCC.a(pdm_filter.o)
PDM_Filter_setConfig                              Middlewares/ST/STM32_Audio/Addons/PDM/Lib/libPDMFilter_CM4_GCC.a(pdm_filter.o)
                                                  build/pdm2pcm.o
PVD_IRQHandler                                    build/startup_stm32f407xx.o
PendSV_Handler                                    build/stm32f4xx_it.o
RCC_IRQHandler                                    build/startup_stm32f407xx.o
RTC_Alarm_IRQHandler                              build/startup_stm32f407xx.o
RTC_WKUP_IRQHandler                               build/startup_stm32f407xx.o
Reset_Handler                                     build/startup_stm32f407xx.o
SDIO_IRQHandler                                   build/startup_stm32f407xx.o
SPI1_IRQHandler                                   build/startup_stm32f407xx.o
SPI2_IRQHandler                                   build/stm32f4xx_it.o
SPI3_IRQHandler                                   build/startup_stm32f407xx.o
SVC_Handler                                       build/stm32f4xx_it.o
SysTick_Handler                                   build/stm32f4xx_it.o
SystemClock_Config                                build/main.o
SystemCoreClock                                   build/system_stm32f4xx.o
                                                  build/stm32f4xx_hal.o
                                                  build/stm32f4xx_hal_dma.o
                                                  build/stm32f4xx_hal_rcc_ex.o
                                                  build/stm32f4xx_hal_rcc.o
                                                  build/stm32f4xx_hal_spi.o
SystemCoreClockUpdate                             build/system_stm32f4xx.o
SystemInit                                        build/system_stm32f4xx.o
                                                  build/startup_stm32f407xx.o
TAMP_STAMP_IRQHandler                             build/startup_stm32f407xx.o
TIM1_BRK_TIM9_IRQHandler                          build/startup_stm32f407xx.o
TIM1_CC_IRQHandler                                build/startup_stm32f407xx.o
TIM1_TRG_COM_TIM11_IRQHandler                     build/startup_stm32f407xx.o
TIM1_UP_TIM10_IRQHandler                          build/startup_stm32f407xx.o
TIM2_IRQHandler                                   build/startup_stm32f407xx.o
TIM3_IRQHandler                                   build/startup_stm32f407xx.o
TIM4_IRQHandler                                   build/startup_stm32f407xx.o
TIM5_IRQHandler                                   build/startup_stm32f407xx.o
TIM6_DAC_IRQHandler                               build/startup_stm32f407xx.o
TIM7_IRQHandler                                   build/startup_stm32f407xx.o
TIM8_BRK_TIM12_IRQHandler                         build/startup_stm32f407xx.o
TIM8_CC_IRQHandler                                build/startup_stm32f407xx.o
TIM8_TRG_COM_TIM14_IRQHandler                     build/startup_stm32f407xx.o
TIM8_UP_TIM13_IRQHandler                          build/startup_stm32f407xx.o
UART4_IRQHandler                                  build/startup_stm32f407xx.o
UART5_IRQHandler                                  build/startup_stm32f407xx.o
USART1_IRQHandler                                 build/startup_stm32f407xx.o
USART2_IRQHandler                                 build/startup_stm32f407xx.o
USART3_IRQHandler                                 build/startup_stm32f407xx.o
USART6_IRQHandler                                 build/startup_stm32f407xx.o
UsageFault_Handler                                build/stm32f4xx_it.o
WWDG_IRQHandler                                   build/startup_stm32f407xx.o
_Error_Handler                                    build/main.o
__adddf3                                          /usr/bin/../lib/gcc/arm-none-eabi/7.3.1/thumb/v7e-m/fpv4-sp/hard/libgcc.a(_arm_addsubdf3.o)
__aeabi_d2f                                       /usr/bin/../lib/gcc/arm-none-eabi/7.3.1/thumb/v7e-m/fpv4-sp/hard/libgcc.a(_arm_truncdfsf2.o)
                                                  /usr/bin/../lib/gcc/arm-none-eabi/7.3.1/../../../../arm-none-eabi/lib/thumb/v7e-m/fpv4-sp/hard/libm.a(lib_a-wf_pow.o)
__aeabi_d2uiz                                     /usr/bin/../lib/gcc/arm-none-eabi/7.3.1/thumb/v7e-m/fpv4-sp/hard/libgcc.a(_arm_fixunsdfsi.o)
                                                  Middlewares/ST/STM32_Audio/Addons/PDM/Lib/libPDMFilter_CM4_GCC.a(pdm_filter.o)
__aeabi_dadd                                      /usr/bin/../lib/gcc/arm-none-eabi/7.3.1/thumb/v7e-m/fpv4-sp/hard/libgcc.a(_arm_addsubdf3.o)
                                                  /usr/bin/../lib/gcc/arm-none-eabi/7.3.1/../../../../arm-none-eabi/lib/thumb/v7e-m/fpv4-sp/hard/libm.a(lib_a-s_round.o)
__aeabi_drsub                                     /usr/bin/../lib/gcc/arm-none-eabi/7.3.1/thumb/v7e-m/fpv4-sp/hard/libgcc.a(_arm_addsubdf3.o)
__aeabi_dsub                                      /usr/bin/../lib/gcc/arm-none-eabi/7.3.1/thumb/v7e-m/fpv4-sp/hard/libgcc.a(_arm_addsubdf3.o)
__aeabi_f2d                                       /usr/bin/../lib/gcc/arm-none-eabi/7.3.1/thumb/v7e-m/fpv4-sp/hard/libgcc.a(_arm_addsubdf3.o)
                                                  /usr/bin/../lib/gcc/arm-none-eabi/7.3.1/../../../../arm-none-eabi/lib/thumb/v7e-m/fpv4-sp/hard/libm.a(lib_a-wf_pow.o)
                                                  Middlewares/ST/STM32_Audio/Addons/PDM/Lib/libPDMFilter_CM4_GCC.a(pdm_filter.o)
__aeabi_i2d                                       /usr/bin/../lib/gcc/arm-none-eabi/7.3.1/thumb/v7e-m/fpv4-sp/hard/libgcc.a(_arm_addsubdf3.o)
__aeabi_idiv0                                     /usr/bin/../lib/gcc/arm-none-eabi/7.3.1/thumb/v7e-m/fpv4-sp/hard/libgcc.a(_dvmd_tls.o)
__aeabi_l2d                                       /usr/bin/../lib/gcc/arm-none-eabi/7.3.1/thumb/v7e-m/fpv4-sp/hard/libgcc.a(_arm_addsubdf3.o)
__aeabi_ldiv0                                     /usr/bin/../lib/gcc/arm-none-eabi/7.3.1/thumb/v7e-m/fpv4-sp/hard/libgcc.a(_dvmd_tls.o)
                                                  /usr/bin/../lib/gcc/arm-none-eabi/7.3.1/thumb/v7e-m/fpv4-sp/hard/libgcc.a(_aeabi_uldivmod.o)
__aeabi_ui2d                                      /usr/bin/../lib/gcc/arm-none-eabi/7.3.1/thumb/v7e-m/fpv4-sp/hard/libgcc.a(_arm_addsubdf3.o)
__aeabi_ul2d                                      /usr/bin/../lib/gcc/arm-none-eabi/7.3.1/thumb/v7e-m/fpv4-sp/hard/libgcc.a(_arm_addsubdf3.o)
__aeabi_uldivmod                                  /usr/bin/../lib/gcc/arm-none-eabi/7.3.1/thumb/v7e-m/fpv4-sp/hard/libgcc.a(_aeabi_uldivmod.o)
                                                  build/stm32f4xx_hal_rcc.o
__bss_end__                                       /usr/bin/../lib/gcc/arm-none-eabi/7.3.1/../../../../arm-none-eabi/lib/thumb/v7e-m/fpv4-sp/hard/crt0.o
__bss_start__                                     /usr/bin/../lib/gcc/arm-none-eabi/7.3.1/../../../../arm-none-eabi/lib/thumb/v7e-m/fpv4-sp/hard/crt0.o
__call_exitprocs                                  /usr/bin/../lib/gcc/arm-none-eabi/7.3.1/../../../../arm-none-eabi/lib/thumb/v7e-m/fpv4-sp/hard/libc_nano.a(lib_a-exit.o)
__deregister_frame_info                           /usr/bin/../lib/gcc/arm-none-eabi/7.3.1/thumb/v7e-m/fpv4-sp/hard/crtbegin.o
__dso_handle                                      /usr/bin/../lib/gcc/arm-none-eabi/7.3.1/thumb/v7e-m/fpv4-sp/hard/crtbegin.o
__errno                                           /usr/bin/../lib/gcc/arm-none-eabi/7.3.1/../../../../arm-none-eabi/lib/thumb/v7e-m/fpv4-sp/hard/libc_nano.a(lib_a-errno.o)
                                                  /usr/bin/../lib/gcc/arm-none-eabi/7.3.1/../../../../arm-none-eabi/lib/thumb/v7e-m/fpv4-sp/hard/libm.a(lib_a-wf_pow.o)
__extendsfdf2                                     /usr/bin/../lib/gcc/arm-none-eabi/7.3.1/thumb/v7e-m/fpv4-sp/hard/libgcc.a(_arm_addsubdf3.o)
__fdlib_version                                   /usr/bin/../lib/gcc/arm-none-eabi/7.3.1/../../../../arm-none-eabi/lib/thumb/v7e-m/fpv4-sp/hard/libm.a(lib_a-s_lib_ver.o)
                                                  /usr/bin/../lib/gcc/arm-none-eabi/7.3.1/../../../../arm-none-eabi/lib/thumb/v7e-m/fpv4-sp/hard/libm.a(lib_a-wf_pow.o)
__fixunsdfsi                                      /usr/bin/../lib/gcc/arm-none-eabi/7.3.1/thumb/v7e-m/fpv4-sp/hard/libgcc.a(_arm_fixunsdfsi.o)
__floatdidf                                       /usr/bin/../lib/gcc/arm-none-eabi/7.3.1/thumb/v7e-m/fpv4-sp/hard/libgcc.a(_arm_addsubdf3.o)
__floatsidf                                       /usr/bin/../lib/gcc/arm-none-eabi/7.3.1/thumb/v7e-m/fpv4-sp/hard/libgcc.a(_arm_addsubdf3.o)
__floatundidf                                     /usr/bin/../lib/gcc/arm-none-eabi/7.3.1/thumb/v7e-m/fpv4-sp/hard/libgcc.a(_arm_addsubdf3.o)
__floatunsidf                                     /usr/bin/../lib/gcc/arm-none-eabi/7.3.1/thumb/v7e-m/fpv4-sp/hard/libgcc.a(_arm_addsubdf3.o)
__ieee754_powf                                    /usr/bin/../lib/gcc/arm-none-eabi/7.3.1/../../../../arm-none-eabi/lib/thumb/v7e-m/fpv4-sp/hard/libm.a(lib_a-ef_pow.o)
                                                  /usr/bin/../lib/gcc/arm-none-eabi/7.3.1/../../../../arm-none-eabi/lib/thumb/v7e-m/fpv4-sp/hard/libm.a(lib_a-wf_pow.o)
__ieee754_sqrtf                                   /usr/bin/../lib/gcc/arm-none-eabi/7.3.1/../../../../arm-none-eabi/lib/thumb/v7e-m/fpv4-sp/hard/libm.a(lib_a-ef_sqrt.o)
                                                  /usr/bin/../lib/gcc/arm-none-eabi/7.3.1/../../../../arm-none-eabi/lib/thumb/v7e-m/fpv4-sp/hard/libm.a(lib_a-ef_pow.o)
__init_array_end                                  /usr/bin/../lib/gcc/arm-none-eabi/7.3.1/../../../../arm-none-eabi/lib/thumb/v7e-m/fpv4-sp/hard/libc_nano.a(lib_a-init.o)
__init_array_start                                /usr/bin/../lib/gcc/arm-none-eabi/7.3.1/../../../../arm-none-eabi/lib/thumb/v7e-m/fpv4-sp/hard/libc_nano.a(lib_a-init.o)
__libc_fini_array                                 /usr/bin/../lib/gcc/arm-none-eabi/7.3.1/../../../../arm-none-eabi/lib/thumb/v7e-m/fpv4-sp/hard/crt0.o
__libc_init_array                                 /usr/bin/../lib/gcc/arm-none-eabi/7.3.1/../../../../arm-none-eabi/lib/thumb/v7e-m/fpv4-sp/hard/libc_nano.a(lib_a-init.o)
                                                  build/startup_stm32f407xx.o
                                                  /usr/bin/../lib/gcc/arm-none-eabi/7.3.1/../../../../arm-none-eabi/lib/thumb/v7e-m/fpv4-sp/hard/crt0.o