Archive member included to satisfy reference by file (symbol)

Middlewares/ST/STM32_Audio/Addons/PDM/Lib/libPDMFilter_CM4_GCC.a(pdm_filter.o)
                              build/pdm2pcm.o (PDM_Filter_Init)
/usr/bin/../lib/gcc/arm-none-eabi/7.3.1/../../../../arm-none-eabi/lib/thumb/v7e-m/fpv4-sp/hard/libc_nano.a(lib_a-exit.o)
                              /usr/bin/../lib/gcc/arm-none-eabi/7.3.1/../../../../arm-none-eabi/lib/thumb/v7e-m/fpv4-sp/hard/crt0.o (exit)
/usr/bin/../lib/gcc/arm-none-eabi/7.3.1/../../../../arm-none-eabi/lib/thumb/v7e-m/fpv4-sp/hard/libc_nano.a(lib_a-impure.o)
                              /usr/bin/../lib/gcc/arm-none-eabi/7.3.1/../../../../arm-none-eabi/lib/thumb/v7e-m/fpv4-sp/hard/libc_nano.a(lib_a-exit.o) (_global_impure_ptr)
/usr/bin/../lib/gcc/arm-none-eabi/7.3.1/../../../../arm-none-eabi/lib/thumb/v7e-m/fpv4-sp/hard/libc_nano.a(lib_a-init.o)
                              /usr/bin/../lib/gcc/arm-none-eabi/7.3.1/../../../../arm-none-eabi/lib/thumb/v7e-m/fpv4-sp/hard/crt0.o (__libc_init_array)
/usr/bin/../lib/gcc/arm-none-eabi/7.3.1/../../../../arm-none-eabi/lib/thumb/v7e-m/fpv4-sp/hard/libc_nano.a(lib_a-memset.o)
                              /usr/bin/../lib/gcc/arm-none-eabi/7.3.1/../../../../arm-none-eabi/lib/thumb/v7e-m/fpv4-sp/hard/crt0.o (memset)
/usr/bin/../lib/gcc/arm-none-eabi/7.3.1/../../../../arm-none-eabi/lib/thumb/v7e-m/fpv4-sp/hard/libm.a(lib_a-s_round.o)
                              Middlewares/ST/STM32_Audio/Addons/PDM/Lib/libPDMFilter_CM4_GCC.a(pdm_filter.o) (round)
/usr/bin/../lib/gcc/arm-none-eabi/7.3.1/../../../../arm-none-eabi/lib/thumb/v7e-m/fpv4-sp/hard/libm.a(lib_a-wf_pow.o)
                              Middlewares/ST/STM32_Audio/Addons/PDM/Lib/libPDMFilter_CM4_GCC.a(pdm_filter.o) (powf)
/usr/bin/../lib/gcc/arm-none-eabi/7.3.1/../../../../arm-none-eabi/lib/thumb/v7e-m/fpv4-sp/hard/libm.a(lib_a-ef_pow.o)
                              /usr/bin/../lib/gcc/arm-none-eabi/7.3.1/../../../../arm-none-eabi/lib/thumb/v7e-m/fpv4-sp/hard/libm.a(lib_a-wf_pow.o) (__ieee754_powf)
/usr/bin/../lib/gcc/arm-none-eabi/7.3.1/../../../../arm-none-eabi/lib/thumb/v7e-m/fpv4-sp/hard/libm.a(lib_a-ef_sqrt.o)
                              /usr/bin/../lib/gcc/arm-none-eabi/7.3.1/../../../../arm-none-eabi/lib/thumb/v7e-m/fpv4-sp/hard/libm.a(lib_a-ef_pow.o) (__ieee754_sqrtf)
/usr/bin/../lib/gcc/arm-none-eabi/7.3.1/../../../../arm-none-eabi/lib/thumb/v7e-m/fpv4-sp/hard/libm.a(lib_a-s_lib_ver.o)
                              /usr/bin/../lib/gcc/arm-none-eabi/7.3.1/../../../../arm-none-eabi/lib/thumb/v7e-m/fpv4-sp/hard/libm.a(lib_a-wf_pow.o) (__fdlib_version)
/usr/bin/../lib/gcc/arm-none-eabi/7.3.1/../../../../arm-none-eabi/lib/thumb/v7e-m/fpv4-sp/hard/libm.a(lib_a-s_matherr.o)
                              /usr/bin/../lib/gcc/arm-none-eabi/7.3.1/../../../../arm-none-eabi/lib/thumb/v7e-m/fpv4-sp/hard/libm.a(lib_a-wf_pow.o) (matherr)
/usr/bin/../lib/gcc/arm-none-eabi/7.3.1/../../../../arm-none-eabi/lib/thumb/v7e-m/fpv4-sp/hard/libm.a(lib_a-sf_fabs.o)
                              /usr/bin/../lib/gcc/arm-none-eabi/7.3.1/../../../../arm-none-eabi/lib/thumb/v7e-m/fpv4-sp/hard/libm.a(lib_a-ef_pow.o) (fabsf)
/usr/bin/../lib/gcc/arm-none-eabi/7.3.1/../../../../arm-none-eabi/lib/thumb/v7e-m/fpv4-sp/hard/libm.a(lib_a-sf_finite.o)
                              /usr/bin/../lib/gcc/arm-none-eabi/7.3.1/../../../../arm-none-eabi/lib/thumb/v7e-m/fpv4-sp/hard/libm.a(lib_a-wf_pow.o) (finitef)
/usr/bin/../lib/gcc/arm-none-eabi/7.3.1/../../../../arm-none-eabi/lib/thumb/v7e-m/fpv4-sp/hard/libm.a(lib_a-sf_nan.o)
                              /usr/bin/../lib/gcc/arm-none-eabi/7.3.1/../../../../arm-none-eabi/lib/thumb/v7e-m/fpv4-sp/hard/libm.a(lib_a-ef_pow.o) (nanf)
/usr/bin/../lib/gcc/arm-none-eabi/7.3.1/../../../../arm-none-eabi/lib/thumb/v7e-m/fpv4-sp/hard/libm.a(lib_a-sf_rint.o)
                              /usr/bin/../lib/gcc/arm-none-eabi/7.3.1/../../../../arm-none-eabi/lib/thumb/v7e-m/fpv4-sp/hard/libm.a(lib_a-wf_pow.o) (rintf)
/usr/bin/../lib/gcc/arm-none-eabi/7.3.1/../../../../arm-none-eabi/lib/thumb/v7e-m/fpv4-sp/hard/libm.a(lib_a-sf_scalbn.o)
                              /usr/bin/../lib/gcc/arm-none-eabi/7.3.1/../../../../arm-none-eabi/lib/thumb/v7e-m/fpv4-sp/hard/libm.a(lib_a-ef_pow.o) (scalbnf)
/usr/bin/../lib/gcc/arm-none-eabi/7.3.1/../../../../arm-none-eabi/lib/thumb/v7e-m/fpv4-sp/hard/libm.a(lib_a-sf_copysign.o)
                              /usr/bin/../lib/gcc/arm-none-eabi/7.3.1/../../../../arm-none-eabi/lib/thumb/v7e-m/fpv4-sp/hard/libm.a(lib_a-sf_scalbn.o) (copysignf)
/usr/bin/../lib/gcc/arm-none-eabi/7.3.1/../../../../arm-none-eabi/lib/thumb/v7e-m/fpv4-sp/hard/libnosys.a(_exit.o)
                              /usr/bin/../lib/gcc/arm-none-eabi/7.3.1/../../../../arm-none-eabi/lib/thumb/v7e-m/fpv4-sp/hard/libc_nano.a(lib_a-exit.o) (_exit)
Drivers/CMSIS/Lib/GCC/libarm_cortexM4lf_math.a(arm_max_f32.o)
                              build/main.o (arm_max_f32)
[...]
Memory Configuration

Name             Origin             Length             Attributes
RAM              0x0000000020000000 0x0000000000020000 xrw
CCMRAM           0x0000000010000000 0x0000000000010000 rw
FLASH            0x0000000008000000 0x0000000000100000 xr
*default*        0x0000000000000000 0xffffffffffffffff

Linker script and memory map

LOAD /usr/bin/../lib/gcc/arm-none-eabi/7.3.1/thumb/v7e-m/fpv4-sp/hard/crti.o
LOAD /usr/bin/../lib/gcc/arm-none-eabi/7.3.1/thumb/v7e-m/fpv4-sp/hard/crtbegin.o
LOAD /usr/bin/../lib/gcc/arm-none-eabi/7.3.1/../../../../arm-none-eabi/lib/thumb/v7e-m/fpv4-sp/hard/crt0.o
LOAD build/main.o
LOAD build/stm32f4xx_it.o
LOAD build/stm32f4xx_hal_msp.o
LOAD build/stm32f4xx_hal_i2s.o
LOAD build/stm32f4xx_hal_i2s_ex.o
LOAD build/stm32f4xx_hal_spi.o
LOAD build/stm32f4xx_hal_tim.o
LOAD build/stm32f4xx_hal_tim_ex.o
LOAD build/stm32f4xx_hal_uart.o
LOAD build/stm32f4xx_hal_rcc.o
LOAD build/stm32f4xx_hal_rcc_ex.o
LOAD build/stm32f4xx_hal_flash.o
LOAD build/stm32f4xx_hal_flash_ex.o
LOAD build/stm32f4xx_hal_flash_ramfunc.o
LOAD build/stm32f4xx_hal_gpio.o
LOAD build/stm32f4xx_hal_dma_ex.o
LOAD build/stm32f4xx_hal_dma.o
LOAD build/stm32f4xx_hal_pwr.o
LOAD build/stm32f4xx_hal_pwr_ex.o
LOAD build/stm32f4xx_hal_cortex.o
LOAD build/stm32f4xx_hal.o
LOAD build/stm32f4xx_hal_crc.o
LOAD build/system_stm32f4xx.o
LOAD build/pdm2pcm.o
LOAD build/startup_stm32f407xx.o
LOAD Middlewares/ST/STM32_Audio/Addons/PDM/Lib/libPDMFilter_CM4_GCC.a
LOAD /usr/bin/../lib/gcc/arm-none-eabi/7.3.1/../../../../arm-none-eabi/lib/thumb/v7e-m/fpv4-sp/hard/libc_nano.a
LOAD /usr/bin/../lib/gcc/arm-none-eabi/7.3.1/../../../../arm-none-eabi/lib/thumb/v7e-m/fpv4-sp/hard/libm.a
LOAD /usr/bin/../lib/gcc/arm-none-eabi/7.3.1/../../../../arm-none-eabi/lib/thumb/v7e-m/fpv4-sp/hard/libnosys.a
LOAD Drivers/CMSIS/Lib/GCC/libarm_cortexM4lf_math.a
START GROUP
LOAD /usr/bin/../lib/gcc/arm-none-eabi/7.3.1/thumb/v7e-m/fpv4-sp/hard/libgcc.a
LOAD /usr/bin/../lib/gcc/arm-none-eabi/7.3.1/../../../../arm-none-eabi/lib/thumb/v7e-m/fpv4-sp/hard/libc_nano.a
END GROUP
START GROUP
LOAD /usr/bin/../lib/gcc/arm-none-eabi/7.3.1/thumb/v7e-m/fpv4-sp/hard/libgcc.a
LOAD /usr/bin/../lib/gcc/arm-none-eabi/7.3.1/../../../../arm-none-eabi/lib/thumb/v7e-m/fpv4-sp/hard/libc_nano.a
END GROUP
LOAD /usr/bin/../lib/gcc/arm-none-eabi/7.3.1/thumb/v7e-m/fpv4-sp/hard/crtend.o
LOAD /usr/bin/../lib/gcc/arm-none-eabi/7.3.1/thumb/v7e-m/fpv4-sp/hard/crtn.o
                0x0000000020020000                _estack = 0x20020000
                0x0000000000000200                _Min_Heap_Size = 0x200
                0x0000000000000400                _Min_Stack_Size = 0x400

.isr_vector     0x0000000008000000      0x188
                0x0000000008000000                . = ALIGN (0x4)
 *(.isr_vector)
 .isr_vector    0x0000000008000000      0x188 build/startup_stm32f407xx.o
                0x0000000008000000                g_pfnVectors
                0x0000000008000188                . = ALIGN (0x4)

.text           0x0000000008000188     0x5ee8
                0x0000000008000188                . = ALIGN (0x4)
 *(.text)
 .text          0x0000000008000188       0x40 /usr/bin/../lib/gcc/arm-none-eabi/7.3.1/thumb/v7e-m/fpv4-sp/hard/crtbegin.o
 .text          0x00000000080001c8      0x378 /usr/bin/../lib/gcc/arm-none-eabi/7.3.1/thumb/v7e-m/fpv4-sp/hard/libgcc.a(_arm_addsubdf3.o)
                0x00000000080001c8                __aeabi_drsub
                0x00000000080001d0                __aeabi_dsub
                0x00000000080001d0                __subdf3
                0x00000000080001d4                __adddf3
                0x00000000080001d4                __aeabi_dadd
                0x000000000800044c                __aeabi_ui2d
                0x000000000800044c                __floatunsidf
                0x000000000800046c                __floatsidf
                0x000000000800046c                __aeabi_i2d
                0x0000000008000490                __extendsfdf2
                0x0000000008000490                __aeabi_f2d
                0x00000000080004d4                __aeabi_ul2d
                0x00000000080004d4                __floatundidf
                0x00000000080004e4                __floatdidf
                0x00000000080004e4                __aeabi_l2d
 .text          0x0000000008000540       0x40 /usr/bin/../lib/gcc/arm-none-eabi/7.3.1/thumb/v7e-m/fpv4-sp/hard/libgcc.a(_arm_fixunsdfsi.o)
                0x0000000008000540                __fixunsdfsi
                0x0000000008000540                __aeabi_d2uiz
 .text          0x0000000008000580       0xa0 /usr/bin/../lib/gcc/arm-none-eabi/7.3.1/thumb/v7e-m/fpv4-sp/hard/libgcc.a(_arm_truncdfsf2.o)
                0x0000000008000580                __aeabi_d2f
                0x0000000008000580                __truncdfsf2
 .text          0x0000000008000620       0x30 /usr/bin/../lib/gcc/arm-none-eabi/7.3.1/thumb/v7e-m/fpv4-sp/hard/libgcc.a(_aeabi_uldivmod.o)
                0x0000000008000620                __aeabi_uldivmod
 .text          0x0000000008000650      0x2cc /usr/bin/../lib/gcc/arm-none-eabi/7.3.1/thumb/v7e-m/fpv4-sp/hard/libgcc.a(_udivmoddi4.o)
                0x0000000008000650                __udivmoddi4
 .text          0x000000000800091c        0x4 /usr/bin/../lib/gcc/arm-none-eabi/7.3.1/thumb/v7e-m/fpv4-sp/hard/libgcc.a(_dvmd_tls.o)
                0x000000000800091c                __aeabi_ldiv0
                0x000000000800091c                __aeabi_idiv0
 .text          0x0000000008000920      0x424 /usr/bin/../lib/gcc/arm-none-eabi/7.3.1/thumb/v7e-m/fpv4-sp/hard/libgcc.a(_arm_muldivdf3.o)
                0x0000000008000920                __aeabi_dmul
                0x0000000008000920                __muldf3
                0x0000000008000b74                __aeabi_ddiv
                0x0000000008000b74                __divdf3
 *(.text*)
 .text.SystemClock_Config
                0x0000000008000d44       0xbc build/main.o
                0x0000000008000d44                SystemClock_Config
 .text.startup.main
                0x0000000008000e00      0x2ec build/main.o
                0x0000000008000e00                main
 .text.HAL_I2S_RxCpltCallback
                0x00000000080010ec       0xac build/main.o
                0x00000000080010ec                HAL_I2S_RxCpltCallback
 .text.NMI_Handler
                0x0000000008001198        0x2 build/stm32f4xx_it.o
                0x0000000008001198                NMI_Handler
 *fill*         0x000000000800119a        0x2 
 .text.HardFault_Handler
                0x000000000800119c       0x20 build/stm32f4xx_it.o
                0x000000000800119c                HardFault_Handler
 .text.MemManage_Handler
                0x00000000080011bc        0x2 build/stm32f4xx_it.o
                0x00000000080011bc                MemManage_Handler
 .text.BusFault_Handler
                0x00000000080011be        0x2 build/stm32f4xx_it.o
                0x00000000080011be                BusFault_Handler
 .text.UsageFault_Handler
                0x00000000080011c0        0x2 build/stm32f4xx_it.o
                0x00000000080011c0                UsageFault_Handler
 .text.SVC_Handler
                0x00000000080011c2        0x2 build/stm32f4xx_it.o
                0x00000000080011c2                SVC_Handler
 .text.DebugMon_Handler
                0x00000000080011c4        0x2 build/stm32f4xx_it.o
                0x00000000080011c4                DebugMon_Handler
 .text.PendSV_Handler
                0x00000000080011c6        0x2 build/stm32f4xx_it.o
                0x00000000080011c6                PendSV_Handler
 .text.SysTick_Handler
                0x00000000080011c8        0xe build/stm32f4xx_it.o
                0x00000000080011c8                SysTick_Handler
 *fill*         0x00000000080011d6        0x2 
 .text.SPI2_IRQHandler
                0x00000000080011d8       0xa8 build/stm32f4xx_it.o
                0x00000000080011d8                SPI2_IRQHandler
 .text.HAL_MspInit
                0x0000000008001280       0x94 build/stm32f4xx_hal_msp.o
                0x0000000008001280                HAL_MspInit
 .text.HAL_CRC_MspInit
                0x0000000008001314       0x30 build/stm32f4xx_hal_msp.o
                0x0000000008001314                HAL_CRC_MspInit
 .text.HAL_I2S_MspInit
                0x0000000008001344       0x74 build/stm32f4xx_hal_msp.o
                0x0000000008001344                HAL_I2S_MspInit
 .text.HAL_SPI_MspInit
                0x00000000080013b8       0x4c build/stm32f4xx_hal_msp.o
                0x00000000080013b8                HAL_SPI_MspInit
 .text.HAL_UART_MspInit
                0x0000000008001404       0x50 build/stm32f4xx_hal_msp.o
                0x0000000008001404                HAL_UART_MspInit
 .text.HAL_I2S_Receive_IT
                0x0000000008001454       0x66 build/stm32f4xx_hal_i2s.o
                0x0000000008001454                HAL_I2S_Receive_IT
 .text.HAL_I2S_TxCpltCallback
                0x00000000080014ba        0x2 build/stm32f4xx_hal_i2s.o
                0x00000000080014ba                HAL_I2S_TxCpltCallback
 .text.HAL_I2S_ErrorCallback
                0x00000000080014bc        0x2 build/stm32f4xx_hal_i2s.o
                0x00000000080014bc                HAL_I2S_ErrorCallback
 *fill*         0x00000000080014be        0x2 
 .text.HAL_I2S_Init
                0x00000000080014c0      0x120 build/stm32f4xx_hal_i2s.o
                0x00000000080014c0                HAL_I2S_Init
 .text.I2S_IRQHandler
                0x00000000080015e0      0x10c build/stm32f4xx_hal_i2s.o
 .text.HAL_I2SEx_TxRxCpltCallback
                0x00000000080016ec        0x2 build/stm32f4xx_hal_i2s_ex.o
                0x00000000080016ec                HAL_I2SEx_TxRxCpltCallback
 *fill*         0x00000000080016ee        0x2 
 .text.HAL_I2SEx_FullDuplex_IRQHandler
                0x00000000080016f0      0x264 build/stm32f4xx_hal_i2s_ex.o
                0x00000000080016f0                HAL_I2SEx_FullDuplex_IRQHandler
 .text.HAL_SPI_Init
                0x0000000008001954       0x7a build/stm32f4xx_hal_spi.o
                0x0000000008001954                HAL_SPI_Init
 *fill*         0x00000000080019ce        0x2 
 .text.UART_SetConfig
                0x00000000080019d0      0x234 build/stm32f4xx_hal_uart.o
 .text.UART_WaitOnFlagUntilTimeout.constprop.3
                0x0000000008001c04       0x50 build/stm32f4xx_hal_uart.o
 .text.HAL_UART_Init
                0x0000000008001c54       0x5c build/stm32f4xx_hal_uart.o
                0x0000000008001c54                HAL_UART_Init
 .text.HAL_UART_Transmit
                0x0000000008001cb0       0xb4 build/stm32f4xx_hal_uart.o
                0x0000000008001cb0                HAL_UART_Transmit
 .text.HAL_RCC_OscConfig
                0x0000000008001d64      0x304 build/stm32f4xx_hal_rcc.o
                0x0000000008001d64                HAL_RCC_OscConfig
 .text.HAL_RCC_GetSysClockFreq
                0x0000000008002068       0x5c build/stm32f4xx_hal_rcc.o
                0x0000000008002068                HAL_RCC_GetSysClockFreq
 .text.HAL_RCC_ClockConfig
                0x00000000080020c4      0x130 build/stm32f4xx_hal_rcc.o
                0x00000000080020c4                HAL_RCC_ClockConfig
 .text.HAL_RCC_GetHCLKFreq
                0x00000000080021f4        0xc build/stm32f4xx_hal_rcc.o
                0x00000000080021f4                HAL_RCC_GetHCLKFreq
 .text.HAL_RCC_GetPCLK1Freq
                0x0000000008002200       0x20 build/stm32f4xx_hal_rcc.o
                0x0000000008002200                HAL_RCC_GetPCLK1Freq
 .text.HAL_RCC_GetPCLK2Freq
                0x0000000008002220       0x20 build/stm32f4xx_hal_rcc.o
                0x0000000008002220                HAL_RCC_GetPCLK2Freq
 .text.HAL_RCCEx_PeriphCLKConfig
                0x0000000008002240      0x130 build/stm32f4xx_hal_rcc_ex.o
                0x0000000008002240                HAL_RCCEx_PeriphCLKConfig
 .text.HAL_RCCEx_GetPeriphCLKFreq
                0x0000000008002370       0x5c build/stm32f4xx_hal_rcc_ex.o
                0x0000000008002370                HAL_RCCEx_GetPeriphCLKFreq
 .text.HAL_GPIO_Init
                0x00000000080023cc      0x1c0 build/stm32f4xx_hal_gpio.o
                0x00000000080023cc                HAL_GPIO_Init
 .text.HAL_GPIO_WritePin
                0x000000000800258c        0xa build/stm32f4xx_hal_gpio.o
                0x000000000800258c                HAL_GPIO_WritePin
 .text.HAL_GPIO_TogglePin
                0x0000000008002596        0x8 build/stm32f4xx_hal_gpio.o
                0x0000000008002596                HAL_GPIO_TogglePin
 *fill*         0x000000000800259e        0x2 
 .text.HAL_NVIC_SetPriorityGrouping
                0x00000000080025a0       0x24 build/stm32f4xx_hal_cortex.o
                0x00000000080025a0                HAL_NVIC_SetPriorityGrouping
 .text.HAL_NVIC_SetPriority
                0x00000000080025c4       0x68 build/stm32f4xx_hal_cortex.o
                0x00000000080025c4                HAL_NVIC_SetPriority
 .text.HAL_NVIC_EnableIRQ
                0x000000000800262c       0x18 build/stm32f4xx_hal_cortex.o
                0x000000000800262c                HAL_NVIC_EnableIRQ
 .text.HAL_SYSTICK_Config
                0x0000000008002644       0x2c build/stm32f4xx_hal_cortex.o
                0x0000000008002644                HAL_SYSTICK_Config
 .text.HAL_SYSTICK_CLKSourceConfig
                0x0000000008002670       0x18 build/stm32f4xx_hal_cortex.o
                0x0000000008002670                HAL_SYSTICK_CLKSourceConfig
 .text.HAL_SYSTICK_Callback
                0x0000000008002688        0x2 build/stm32f4xx_hal_cortex.o
                0x0000000008002688                HAL_SYSTICK_Callback
 .text.HAL_SYSTICK_IRQHandler
                0x000000000800268a        0x8 build/stm32f4xx_hal_cortex.o
                0x000000000800268a                HAL_SYSTICK_IRQHandler
 *fill*         0x0000000008002692        0x2 
 .text.HAL_InitTick
                0x0000000008002694       0x48 build/stm32f4xx_hal.o
                0x0000000008002694                HAL_InitTick
 .text.HAL_Init
                0x00000000080026dc       0x34 build/stm32f4xx_hal.o
                0x00000000080026dc                HAL_Init
 .text.HAL_IncTick
                0x0000000008002710       0x18 build/stm32f4xx_hal.o
                0x0000000008002710                HAL_IncTick
 .text.HAL_GetTick
                0x0000000008002728        0xc build/stm32f4xx_hal.o
                0x0000000008002728                HAL_GetTick
 .text.HAL_Delay
                0x0000000008002734       0x28 build/stm32f4xx_hal.o
                0x0000000008002734                HAL_Delay
 .text.HAL_CRC_Init
                0x000000000800275c       0x24 build/stm32f4xx_hal_crc.o
                0x000000000800275c                HAL_CRC_Init
 .text.SystemInit
                0x0000000008002780       0x4c build/system_stm32f4xx.o
                0x0000000008002780                SystemInit
 .text.MX_PDM2PCM_Init
                0x00000000080027cc       0x44 build/pdm2pcm.o
                0x00000000080027cc                MX_PDM2PCM_Init
 .text.Reset_Handler
                0x0000000008002810       0x50 build/startup_stm32f407xx.o
                0x0000000008002810                Reset_Handler
 .text.Default_Handler
                0x0000000008002860        0x2 build/startup_stm32f407xx.o
                0x0000000008002860                RTC_Alarm_IRQHandler
                0x0000000008002860                HASH_RNG_IRQHandler
                0x0000000008002860                EXTI2_IRQHandler
                0x0000000008002860                TIM8_CC_IRQHandler
                0x0000000008002860                TIM1_CC_IRQHandler
                0x0000000008002860                DMA2_Stream5_IRQHandler
                0x0000000008002860                DMA1_Stream5_IRQHandler
                0x0000000008002860                PVD_IRQHandler
                0x0000000008002860                SDIO_IRQHandler
                0x0000000008002860                TAMP_STAMP_IRQHandler
                0x0000000008002860                CAN2_RX1_IRQHandler
                0x0000000008002860                EXTI3_IRQHandler
                0x0000000008002860                TIM8_TRG_COM_TIM14_IRQHandler
                0x0000000008002860                TIM1_UP_TIM10_IRQHandler
                0x0000000008002860                TIM8_UP_TIM13_IRQHandler
                0x0000000008002860                I2C3_ER_IRQHandler
                0x0000000008002860                EXTI0_IRQHandler
                0x0000000008002860                I2C2_EV_IRQHandler
                0x0000000008002860                DMA1_Stream2_IRQHandler
                0x0000000008002860                CAN1_RX0_IRQHandler
                0x0000000008002860                FPU_IRQHandler
                0x0000000008002860                OTG_HS_WKUP_IRQHandler
                0x0000000008002860                CAN2_SCE_IRQHandler
                0x0000000008002860                DMA2_Stream2_IRQHandler
                0x0000000008002860                SPI1_IRQHandler
                0x0000000008002860                TIM6_DAC_IRQHandler
                0x0000000008002860                TIM1_BRK_TIM9_IRQHandler
                0x0000000008002860                DCMI_IRQHandler
                0x0000000008002860                CAN2_RX0_IRQHandler
                0x0000000008002860                DMA2_Stream3_IRQHandler
                0x0000000008002860                USART6_IRQHandler
                0x0000000008002860                USART3_IRQHandler
                0x0000000008002860                CAN1_RX1_IRQHandler
                0x0000000008002860                UART5_IRQHandler
                0x0000000008002860                DMA2_Stream0_IRQHandler
                0x0000000008002860                TIM4_IRQHandler
                0x0000000008002860                I2C1_EV_IRQHandler
                0x0000000008002860                DMA1_Stream6_IRQHandler
                0x0000000008002860                DMA1_Stream1_IRQHandler
                0x0000000008002860                UART4_IRQHandler
                0x0000000008002860                TIM3_IRQHandler
                0x0000000008002860                RCC_IRQHandler
                0x0000000008002860                TIM8_BRK_TIM12_IRQHandler
                0x0000000008002860                Default_Handler
                0x0000000008002860                EXTI15_10_IRQHandler
                0x0000000008002860                ADC_IRQHandler
                0x0000000008002860                DMA1_Stream7_IRQHandler
                0x0000000008002860                TIM7_IRQHandler
                0x0000000008002860                CAN2_TX_IRQHandler
                0x0000000008002860                TIM5_IRQHandler
                0x0000000008002860                DMA2_Stream7_IRQHandler
                0x0000000008002860                I2C3_EV_IRQHandler
                0x0000000008002860                EXTI9_5_IRQHandler
                0x0000000008002860                RTC_WKUP_IRQHandler
                0x0000000008002860                ETH_WKUP_IRQHandler
                0x0000000008002860                OTG_HS_EP1_IN_IRQHandler
                0x0000000008002860                DMA1_Stream0_IRQHandler
                0x0000000008002860                CAN1_TX_IRQHandler
                0x0000000008002860                EXTI4_IRQHandler
                0x0000000008002860                FSMC_IRQHandler
                0x0000000008002860                ETH_IRQHandler
                0x0000000008002860                OTG_HS_EP1_OUT_IRQHandler
                0x0000000008002860                WWDG_IRQHandler
                0x0000000008002860                TIM2_IRQHandler
                0x0000000008002860                OTG_FS_WKUP_IRQHandler
                0x0000000008002860                TIM1_TRG_COM_TIM11_IRQHandler
                0x0000000008002860                OTG_HS_IRQHandler
                0x0000000008002860                EXTI1_IRQHandler
                0x0000000008002860                USART2_IRQHandler
                0x0000000008002860                I2C2_ER_IRQHandler
                0x0000000008002860                DMA2_Stream1_IRQHandler
                0x0000000008002860                CAN1_SCE_IRQHandler
                0x0000000008002860                FLASH_IRQHandler
                0x0000000008002860                DMA2_Stream4_IRQHandler
                0x0000000008002860                USART1_IRQHandler
                0x0000000008002860                OTG_FS_IRQHandler
                0x0000000008002860                SPI3_IRQHandler
                0x0000000008002860                DMA1_Stream4_IRQHandler
                0x0000000008002860                I2C1_ER_IRQHandler
                0x0000000008002860                DMA2_Stream6_IRQHandler
                0x0000000008002860                DMA1_Stream3_IRQHandler
 *fill*         0x0000000008002862        0x2 
 .text.D16_GENERIC
                0x0000000008002864      0x110 Middlewares/ST/STM32_Audio/Addons/PDM/Lib/libPDMFilter_CM4_GCC.a(pdm_filter.o)
 .text.D24_GENERIC
                0x0000000008002974      0x188 Middlewares/ST/STM32_Audio/Addons/PDM/Lib/libPDMFilter_CM4_GCC.a(pdm_filter.o)
 .text.D32_GENERIC
                0x0000000008002afc      0x184 Middlewares/ST/STM32_Audio/Addons/PDM/Lib/libPDMFilter_CM4_GCC.a(pdm_filter.o)
 .text.D48_GENERIC
                0x0000000008002c80      0x1e4 Middlewares/ST/STM32_Audio/Addons/PDM/Lib/libPDMFilter_CM4_GCC.a(pdm_filter.o)
 .text.D64_GENERIC
                0x0000000008002e64      0x21c Middlewares/ST/STM32_Audio/Addons/PDM/Lib/libPDMFilter_CM4_GCC.a(pdm_filter.o)
 .text.D80_GENERIC
                0x0000000008003080      0x29c Middlewares/ST/STM32_Audio/Addons/PDM/Lib/libPDMFilter_CM4_GCC.a(pdm_filter.o)
 .text.D128_GENERIC
                0x000000000800331c      0x3e8 Middlewares/ST/STM32_Audio/Addons/PDM/Lib/libPDMFilter_CM4_GCC.a(pdm_filter.o)
 .text.D16_1CH_HTONS_VOL_HP
                0x0000000008003704       0xd4 Middlewares/ST/STM32_Audio/Addons/PDM/Lib/libPDMFilter_CM4_GCC.a(pdm_filter.o)
 .text.D24_1CH_HTONS_VOL_HP
                0x00000000080037d8      0x134 Middlewares/ST/STM32_Audio/Addons/PDM/Lib/libPDMFilter_CM4_GCC.a(pdm_filter.o)
 .text.D32_1CH_HTONS_VOL_HP
                0x000000000800390c      0x130 Middlewares/ST/STM32_Audio/Addons/PDM/Lib/libPDMFilter_CM4_GCC.a(pdm_filter.o)
 .text.D48_1CH_HTONS_VOL_HP
                0x0000000008003a3c      0x164 Middlewares/ST/STM32_Audio/Addons/PDM/Lib/libPDMFilter_CM4_GCC.a(pdm_filter.o)
 .text.D64_1CH_HTONS_VOL_HP
                0x0000000008003ba0      0x1a8 Middlewares/ST/STM32_Audio/Addons/PDM/Lib/libPDMFilter_CM4_GCC.a(pdm_filter.o)
 .text.D80_1CH_HTONS_VOL_HP
                0x0000000008003d48      0x208 Middlewares/ST/STM32_Audio/Addons/PDM/Lib/libPDMFilter_CM4_GCC.a(pdm_filter.o)
 .text.D128_1CH_HTONS_VOL_HP
                0x0000000008003f50      0x320 Middlewares/ST/STM32_Audio/Addons/PDM/Lib/libPDMFilter_CM4_GCC.a(pdm_filter.o)
 .text.PDM_Filter_Init
                0x0000000008004270      0x134 Middlewares/ST/STM32_Audio/Addons/PDM/Lib/libPDMFilter_CM4_GCC.a(pdm_filter.o)
                0x0000000008004270                PDM_Filter_Init
 .text.PDM_Filter_setConfig
                0x00000000080043a4      0x1f4 Middlewares/ST/STM32_Audio/Addons/PDM/Lib/libPDMFilter_CM4_GCC.a(pdm_filter.o)
                0x00000000080043a4                PDM_Filter_setConfig
 .text.PDM_Filter
                0x0000000008004598       0x38 Middlewares/ST/STM32_Audio/Addons/PDM/Lib/libPDMFilter_CM4_GCC.a(pdm_filter.o)
                0x0000000008004598                PDM_Filter
 .text.__libc_init_array
                0x00000000080045d0       0x48 /usr/bin/../lib/gcc/arm-none-eabi/7.3.1/../../../../arm-none-eabi/lib/thumb/v7e-m/fpv4-sp/hard/libc_nano.a(lib_a-init.o)
                0x00000000080045d0                __libc_init_array
 .text.memset   0x0000000008004618       0x10 /usr/bin/../lib/gcc/arm-none-eabi/7.3.1/../../../../arm-none-eabi/lib/thumb/v7e-m/fpv4-sp/hard/libc_nano.a(lib_a-memset.o)
                0x0000000008004618                memset
 .text.round    0x0000000008004628       0xa4 /usr/bin/../lib/gcc/arm-none-eabi/7.3.1/../../../../arm-none-eabi/lib/thumb/v7e-m/fpv4-sp/hard/libm.a(lib_a-s_round.o)
                0x0000000008004628                round
 .text.powf     0x00000000080046cc      0x324 /usr/bin/../lib/gcc/arm-none-eabi/7.3.1/../../../../arm-none-eabi/lib/thumb/v7e-m/fpv4-sp/hard/libm.a(lib_a-wf_pow.o)
                0x00000000080046cc                powf
 .text.__ieee754_powf
                0x00000000080049f0      0x5e4 /usr/bin/../lib/gcc/arm-none-eabi/7.3.1/../../../../arm-none-eabi/lib/thumb/v7e-m/fpv4-sp/hard/libm.a(lib_a-ef_pow.o)
                0x00000000080049f0                __ieee754_powf
 .text.__ieee754_sqrtf
                0x0000000008004fd4        0x8 /usr/bin/../lib/gcc/arm-none-eabi/7.3.1/../../../../arm-none-eabi/lib/thumb/v7e-m/fpv4-sp/hard/libm.a(lib_a-ef_sqrt.o)
                0x0000000008004fd4                __ieee754_sqrtf
 .text.matherr  0x0000000008004fdc        0x4 /usr/bin/../lib/gcc/arm-none-eabi/7.3.1/../../../../arm-none-eabi/lib/thumb/v7e-m/fpv4-sp/hard/libm.a(lib_a-s_matherr.o)
                0x0000000008004fdc                matherr
 .text.fabsf    0x0000000008004fe0       0x10 /usr/bin/../lib/gcc/arm-none-eabi/7.3.1/../../../../arm-none-eabi/lib/thumb/v7e-m/fpv4-sp/hard/libm.a(lib_a-sf_fabs.o)
                0x0000000008004fe0                fabsf
 .text.finitef  0x0000000008004ff0       0x14 /usr/bin/../lib/gcc/arm-none-eabi/7.3.1/../../../../arm-none-eabi/lib/thumb/v7e-m/fpv4-sp/hard/libm.a(lib_a-sf_finite.o)
                0x0000000008004ff0                finitef
 .text.nanf     0x0000000008005004        0xc /usr/bin/../lib/gcc/arm-none-eabi/7.3.1/../../../../arm-none-eabi/lib/thumb/v7e-m/fpv4-sp/hard/libm.a(lib_a-sf_nan.o)
                0x0000000008005004                nanf
 .text.rintf    0x0000000008005010       0xc0 /usr/bin/../lib/gcc/arm-none-eabi/7.3.1/../../../../arm-none-eabi/lib/thumb/v7e-m/fpv4-sp/hard/libm.a(lib_a-sf_rint.o)
                0x0000000008005010                rintf
 .text.scalbnf  0x00000000080050d0       0xd0 /usr/bin/../lib/gcc/arm-none-eabi/7.3.1/../../../../arm-none-eabi/lib/thumb/v7e-m/fpv4-sp/hard/libm.a(lib_a-sf_scalbn.o)
                0x00000000080050d0                scalbnf
 .text.copysignf
                0x00000000080051a0       0x18 /usr/bin/../lib/gcc/arm-none-eabi/7.3.1/../../../../arm-none-eabi/lib/thumb/v7e-m/fpv4-sp/hard/libm.a(lib_a-sf_copysign.o)
                0x00000000080051a0                copysignf
 .text.arm_max_f32
                0x00000000080051b8       0xd0 Drivers/CMSIS/Lib/GCC/libarm_cortexM4lf_math.a(arm_max_f32.o)
                0x00000000080051b8                arm_max_f32
 .text.arm_rfft_init_f32
                0x0000000008005288       0x84 Drivers/CMSIS/Lib/GCC/libarm_cortexM4lf_math.a(arm_rfft_init_f32.o)
                0x0000000008005288                arm_rfft_init_f32
 .text.arm_split_rfft_f32
                0x000000000800530c       0xd8 Drivers/CMSIS/Lib/GCC/libarm_cortexM4lf_math.a(arm_rfft_f32.o)
                0x000000000800530c                arm_split_rfft_f32
 .text.arm_rfft_f32
                0x00000000080053e4       0xfc Drivers/CMSIS/Lib/GCC/libarm_cortexM4lf_math.a(arm_rfft_f32.o)
                0x00000000080053e4                arm_rfft_f32
 .text.arm_cfft_radix4_init_f32
                0x00000000080054e0       0xcc Drivers/CMSIS/Lib/GCC/libarm_cortexM4lf_math.a(arm_cfft_radix4_init_f32.o)
                0x00000000080054e0                arm_cfft_radix4_init_f32
 .text.arm_radix4_butterfly_f32
                0x00000000080055ac      0x394 Drivers/CMSIS/Lib/GCC/libarm_cortexM4lf_math.a(arm_cfft_radix4_f32.o)
                0x00000000080055ac                arm_radix4_butterfly_f32
 .text.arm_radix4_butterfly_inverse_f32
                0x0000000008005940      0x3b0 Drivers/CMSIS/Lib/GCC/libarm_cortexM4lf_math.a(arm_cfft_radix4_f32.o)
                0x0000000008005940                arm_radix4_butterfly_inverse_f32
 .text.arm_cmplx_mag_f32
                0x0000000008005cf0      0x1d0 Drivers/CMSIS/Lib/GCC/libarm_cortexM4lf_math.a(arm_cmplx_mag_f32.o)
                0x0000000008005cf0                arm_cmplx_mag_f32
 .text.arm_bitreversal_f32
                0x0000000008005ec0       0xe0 Drivers/CMSIS/Lib/GCC/libarm_cortexM4lf_math.a(arm_bitreversal.o)
                0x0000000008005ec0                arm_bitreversal_f32
 .text.__errno  0x0000000008005fa0        0xc /usr/bin/../lib/gcc/arm-none-eabi/7.3.1/../../../../arm-none-eabi/lib/thumb/v7e-m/fpv4-sp/hard/libc_nano.a(lib_a-errno.o)
                0x0000000008005fa0                __errno
 .text.sqrtf    0x0000000008005fac       0xac /usr/bin/../lib/gcc/arm-none-eabi/7.3.1/../../../../arm-none-eabi/lib/thumb/v7e-m/fpv4-sp/hard/libm.a(lib_a-wf_sqrt.o)
                0x0000000008005fac                sqrtf
 *(.glue_7)
 .glue_7        0x0000000008006058        0x0 linker stubs
 *(.glue_7t)
 .glue_7t       0x0000000008006058        0x0 linker stubs
 *(.eh_frame)
 .eh_frame      0x0000000008006058        0x0 /usr/bin/../lib/gcc/arm-none-eabi/7.3.1/thumb/v7e-m/fpv4-sp/hard/crtbegin.o
 *(.init)
 .init          0x0000000008006058        0x4 /usr/bin/../lib/gcc/arm-none-eabi/7.3.1/thumb/v7e-m/fpv4-sp/hard/crti.o
                0x0000000008006058                _init
 .init          0x000000000800605c        0x8 /usr/bin/../lib/gcc/arm-none-eabi/7.3.1/thumb/v7e-m/fpv4-sp/hard/crtn.o
 *(.fini)
 .fini          0x0000000008006064        0x4 /usr/bin/../lib/gcc/arm-none-eabi/7.3.1/thumb/v7e-m/fpv4-sp/hard/crti.o
                0x0000000008006064                _fini
 .fini          0x0000000008006068        0x8 /usr/bin/../lib/gcc/arm-none-eabi/7.3.1/thumb/v7e-m/fpv4-sp/hard/crtn.o
                0x0000000008006070                . = ALIGN (0x4)
                0x0000000008006070                _etext = .

.vfp11_veneer   0x0000000008006070        0x0
 .vfp11_veneer  0x0000000008006070        0x0 linker stubs

.v4_bx          0x0000000008006070        0x0
 .v4_bx         0x0000000008006070        0x0 linker stubs

.iplt           0x0000000008006070        0x0
 .iplt          0x0000000008006070        0x0 /usr/bin/../lib/gcc/arm-none-eabi/7.3.1/thumb/v7e-m/fpv4-sp/hard/crtbegin.o

.rodata         0x0000000008006070    0x18868
                0x0000000008006070                . = ALIGN (0x4)
 *(.rodata)
 .rodata        0x0000000008006070       0x38 Middlewares/ST/STM32_Audio/Addons/PDM/Lib/libPDMFilter_CM4_GCC.a(pdm_filter.o)
 *(.rodata*)
 .rodata.AHBPrescTable
                0x00000000080060a8       0x10 build/system_stm32f4xx.o
                0x00000000080060a8                AHBPrescTable
 .rodata.APBPrescTable
                0x00000000080060b8        0x8 build/system_stm32f4xx.o
                0x00000000080060b8                APBPrescTable
 .rodata.powf.str1.4
                0x00000000080060c0        0x5 /usr/bin/../lib/gcc/arm-none-eabi/7.3.1/../../../../arm-none-eabi/lib/thumb/v7e-m/fpv4-sp/hard/libm.a(lib_a-wf_pow.o)
 .rodata.__ieee754_powf.str1.4
                0x00000000080060c5        0x5 /usr/bin/../lib/gcc/arm-none-eabi/7.3.1/../../../../arm-none-eabi/lib/thumb/v7e-m/fpv4-sp/hard/libm.a(lib_a-ef_pow.o)
                                          0x1 (size before relaxing)
 *fill*         0x00000000080060c5        0x3 
 .rodata.TWO23  0x00000000080060c8        0x8 /usr/bin/../lib/gcc/arm-none-eabi/7.3.1/../../../../arm-none-eabi/lib/thumb/v7e-m/fpv4-sp/hard/libm.a(lib_a-sf_rint.o)
 .rodata.realCoefA
                0x00000000080060d0     0x8000 Drivers/CMSIS/Lib/GCC/libarm_cortexM4lf_math.a(arm_rfft_init_f32.o)
 .rodata.realCoefB
                0x000000000800e0d0     0x8000 Drivers/CMSIS/Lib/GCC/libarm_cortexM4lf_math.a(arm_rfft_init_f32.o)
 .rodata.armBitRevTable
                0x00000000080160d0      0x800 Drivers/CMSIS/Lib/GCC/libarm_cortexM4lf_math.a(arm_common_tables.o)
                0x00000000080160d0                armBitRevTable
 .rodata.twiddleCoef_4096
                0x00000000080168d0     0x8000 Drivers/CMSIS/Lib/GCC/libarm_cortexM4lf_math.a(arm_common_tables.o)
                0x00000000080168d0                twiddleCoef_4096
 .rodata.sqrtf.str1.4
                0x000000000801e8d0        0x8 /usr/bin/../lib/gcc/arm-none-eabi/7.3.1/../../../../arm-none-eabi/lib/thumb/v7e-m/fpv4-sp/hard/libm.a(lib_a-wf_sqrt.o)
                                          0x6 (size before relaxing)
                0x000000000801e8d8                . = ALIGN (0x4)

.ARM.extab
 *(.ARM.extab* .gnu.linkonce.armextab.*)

.ARM            0x000000000801e8d8        0x8
                0x000000000801e8d8                __exidx_start = .
 *(.ARM.exidx*)
 .ARM.exidx     0x000000000801e8d8        0x8 /usr/bin/../lib/gcc/arm-none-eabi/7.3.1/thumb/v7e-m/fpv4-sp/hard/libgcc.a(_udivmoddi4.o)
                0x000000000801e8e0                __exidx_end = .

.rel.dyn        0x000000000801e8e0        0x0
 .rel.iplt      0x000000000801e8e0        0x0 /usr/bin/../lib/gcc/arm-none-eabi/7.3.1/thumb/v7e-m/fpv4-sp/hard/crtbegin.o

.preinit_array  0x000000000801e8e0        0x0
                0x000000000801e8e0                PROVIDE (__preinit_array_start = .)
 *(.preinit_array*)
                0x000000000801e8e0                PROVIDE (__preinit_array_end = .)

.init_array     0x000000000801e8e0        0x4
                0x000000000801e8e0                PROVIDE (__init_array_start = .)
 *(SORT_BY_NAME(.init_array.*))
 *(.init_array*)
 .init_array    0x000000000801e8e0        0x4 /usr/bin/../lib/gcc/arm-none-eabi/7.3.1/thumb/v7e-m/fpv4-sp/hard/crtbegin.o
                0x000000000801e8e4                PROVIDE (__init_array_end = .)

.fini_array     0x000000000801e8e4        0x4
                [!provide]                        PROVIDE (__fini_array_start = .)
 *(SORT_BY_NAME(.fini_array.*))
 *(.fini_array*)
 .fini_array    0x000000000801e8e4        0x4 /usr/bin/../lib/gcc/arm-none-eabi/7.3.1/thumb/v7e-m/fpv4-sp/hard/crtbegin.o
                [!provide]                        PROVIDE (__fini_array_end = .)
                0x000000000801e8e8                _sidata = LOADADDR (.data)

.data           0x0000000020000000      0x474 load address 0x000000000801e8e8
                0x0000000020000000                . = ALIGN (0x4)
                0x0000000020000000                _sdata = .
 *(.data)
 .data          0x0000000020000000      0x400 Middlewares/ST/STM32_Audio/Addons/PDM/Lib/libPDMFilter_CM4_GCC.a(pdm_filter.o)
 *(.data*)
 .data.uwTickFreq
                0x0000000020000400        0x1 build/stm32f4xx_hal.o
                0x0000000020000400                uwTickFreq
 *fill*         0x0000000020000401        0x3 
 .data.uwTickPrio
                0x0000000020000404        0x4 build/stm32f4xx_hal.o
                0x0000000020000404                uwTickPrio
 .data.SystemCoreClock
                0x0000000020000408        0x4 build/system_stm32f4xx.o
                0x0000000020000408                SystemCoreClock
 .data._impure_ptr
                0x000000002000040c        0x4 /usr/bin/../lib/gcc/arm-none-eabi/7.3.1/../../../../arm-none-eabi/lib/thumb/v7e-m/fpv4-sp/hard/libc_nano.a(lib_a-impure.o)
                0x000000002000040c                _impure_ptr
 .data.impure_data
                0x0000000020000410       0x60 /usr/bin/../lib/gcc/arm-none-eabi/7.3.1/../../../../arm-none-eabi/lib/thumb/v7e-m/fpv4-sp/hard/libc_nano.a(lib_a-impure.o)
 .data.__fdlib_version
                0x0000000020000470        0x1 /usr/bin/../lib/gcc/arm-none-eabi/7.3.1/../../../../arm-none-eabi/lib/thumb/v7e-m/fpv4-sp/hard/libm.a(lib_a-s_lib_ver.o)
                0x0000000020000470                __fdlib_version
                0x0000000020000474                . = ALIGN (0x4)
 *fill*         0x0000000020000471        0x3 
                0x0000000020000474                _edata = .
                0x000000000801ed5c                _siccmram = LOADADDR (.ccmram)

.igot.plt       0x0000000020000474        0x0 load address 0x000000000801ed5c
 .igot.plt      0x0000000020000474        0x0 /usr/bin/../lib/gcc/arm-none-eabi/7.3.1/thumb/v7e-m/fpv4-sp/hard/crtbegin.o

.ccmram         0x0000000010000000        0x0 load address 0x000000000801ed5c
                0x0000000010000000                . = ALIGN (0x4)
                0x0000000010000000                _sccmram = .
 *(.ccmram)
 *(.ccmram*)
                0x0000000010000000                . = ALIGN (0x4)
                0x0000000010000000                _eccmram = .
                0x0000000010000000                . = ALIGN (0x4)

.bss            0x0000000020000474     0xa29c
                0x0000000020000474                _sbss = .
                0x0000000020000474                __bss_start__ = _sbss
 *(.bss)
 .bss           0x0000000020000474       0x1c /usr/bin/../lib/gcc/arm-none-eabi/7.3.1/thumb/v7e-m/fpv4-sp/hard/crtbegin.o
 .bss           0x0000000020000490        0x1 Middlewares/ST/STM32_Audio/Addons/PDM/Lib/libPDMFilter_CM4_GCC.a(pdm_filter.o)
 *(.bss*)
 .bss.PCM_switch_flag
                0x0000000020000491        0x1 build/main.o
                0x0000000020000491                PCM_switch_flag
 .bss.PDM_complete_flag
                0x0000000020000492        0x1 build/main.o
                0x0000000020000492                PDM_complete_flag
 .bss.RECORD_ENABLE
                0x0000000020000493        0x1 build/main.o
                0x0000000020000493                RECORD_ENABLE
 .bss.local_pcm_pointer
                0x0000000020000494        0x4 build/main.o
                0x0000000020000494                local_pcm_pointer
 *(COMMON)
 COMMON         0x0000000020000498     0xa21c build/main.o
                0x0000000020000498                PDM_BUF_1
                0x0000000020000518                current_PDM_buffer
                0x000000002000051c                hcrc
                0x0000000020000524                PCM_BUF_1
                0x0000000020001524                S
                0x000000002000153c                PCM_BUF_2
                0x000000002000253c                PDM_BUF_2
                0x00000000200025bc                current_PCM_buffer
                0x00000000200025c0                fft_mag_buffer
                0x00000000200065c0                hspi1
                0x0000000020006618                S_CFFT
                0x000000002000662c                huart2
                0x000000002000666c                fft_buffer
                0x000000002000a66c                hi2s2
 COMMON         0x000000002000a6b4        0x4 build/stm32f4xx_it.o
                0x000000002000a6b4                local_pdm_pointer
 COMMON         0x000000002000a6b8        0x4 build/stm32f4xx_hal.o
                0x000000002000a6b8                uwTick
 COMMON         0x000000002000a6bc       0x54 build/pdm2pcm.o
                0x000000002000a6bc                PDM1_filter_config
                0x000000002000a6c4                PDM1_filter_handler
                0x000000002000a710                . = ALIGN (0x4)
                0x000000002000a710                _ebss = .
                0x000000002000a710                __bss_end__ = _ebss

._user_heap_stack
                0x000000002000a710      0x600
                0x000000002000a710                . = ALIGN (0x8)
                [!provide]                        PROVIDE (end = .)
                [!provide]                        PROVIDE (_end = .)
                0x000000002000a910                . = (. + _Min_Heap_Size)
 *fill*         0x000000002000a710      0x200 
                0x000000002000ad10                . = (. + _Min_Stack_Size)
 *fill*         0x000000002000a910      0x400 
                0x000000002000ad10                . = ALIGN (0x8)

/DISCARD/
 libc.a(*)
 libm.a(*)
 libgcc.a(*)

.ARM.attributes
                0x0000000000000000       0x30
 *(.ARM.attributes)
 .ARM.attributes
                0x0000000000000000       0x22 /usr/bin/../lib/gcc/arm-none-eabi/7.3.1/thumb/v7e-m/fpv4-sp/hard/crti.o
 .ARM.attributes
                0x0000000000000022       0x34 /usr/bin/../lib/gcc/arm-none-eabi/7.3.1/thumb/v7e-m/fpv4-sp/hard/crtbegin.o
 .ARM.attributes
                0x0000000000000056       0x39 build/main.o
 .ARM.attributes
                0x000000000000008f       0x39 build/stm32f4xx_it.o
 .ARM.attributes
                0x00000000000000c8       0x39 build/stm32f4xx_hal_msp.o
 .ARM.attributes
                0x0000000000000101       0x39 build/stm32f4xx_hal_i2s.o
 .ARM.attributes
                0x000000000000013a       0x39 build/stm32f4xx_hal_i2s_ex.o
 .ARM.attributes
                0x0000000000000173       0x39 build/stm32f4xx_hal_spi.o
 .ARM.attributes
                0x00000000000001ac       0x39 build/stm32f4xx_hal_uart.o
 .ARM.attributes
                0x00000000000001e5       0x39 build/stm32f4xx_hal_rcc.o
 .ARM.attributes
                0x000000000000021e       0x39 build/stm32f4xx_hal_rcc_ex.o
 .ARM.attributes
                0x0000000000000257       0x39 build/stm32f4xx_hal_gpio.o
 .ARM.attributes
                0x0000000000000290       0x39 build/stm32f4xx_hal_cortex.o
 .ARM.attributes
                0x00000000000002c9       0x39 build/stm32f4xx_hal.o
 .ARM.attributes
                0x0000000000000302       0x39 build/stm32f4xx_hal_crc.o
 .ARM.attributes
                0x000000000000033b       0x39 build/system_stm32f4xx.o
 .ARM.attributes
                0x0000000000000374       0x39 build/pdm2pcm.o
 .ARM.attributes
                0x00000000000003ad       0x21 build/startup_stm32f407xx.o
 .ARM.attributes
                0x00000000000003ce       0x39 Middlewares/ST/STM32_Audio/Addons/PDM/Lib/libPDMFilter_CM4_GCC.a(pdm_filter.o)
 .ARM.attributes
                0x0000000000000407       0x34 /usr/bin/../lib/gcc/arm-none-eabi/7.3.1/../../../../arm-none-eabi/lib/thumb/v7e-m/fpv4-sp/hard/libc_nano.a(lib_a-impure.o)
 .ARM.attributes
                0x000000000000043b       0x34 /usr/bin/../lib/gcc/arm-none-eabi/7.3.1/../../../../arm-none-eabi/lib/thumb/v7e-m/fpv4-sp/hard/libc_nano.a(lib_a-init.o)
 .ARM.attributes
                0x000000000000046f       0x34 /usr/bin/../lib/gcc/arm-none-eabi/7.3.1/../../../../arm-none-eabi/lib/thumb/v7e-m/fpv4-sp/hard/libc_nano.a(lib_a-memset.o)
 .ARM.attributes
                0x00000000000004a3       0x34 /usr/bin/../lib/gcc/arm-none-eabi/7.3.1/../../../../arm-none-eabi/lib/thumb/v7e-m/fpv4-sp/hard/libm.a(lib_a-s_round.o)
 .ARM.attributes
                0x00000000000004d7       0x34 /usr/bin/../lib/gcc/arm-none-eabi/7.3.1/../../../../arm-none-eabi/lib/thumb/v7e-m/fpv4-sp/hard/libm.a(lib_a-wf_pow.o)
 .ARM.attributes
                0x000000000000050b       0x34 /usr/bin/../lib/gcc/arm-none-eabi/7.3.1/../../../../arm-none-eabi/lib/thumb/v7e-m/fpv4-sp/hard/libm.a(lib_a-ef_pow.o)
 .ARM.attributes
                0x000000000000053f       0x34 /usr/bin/../lib/gcc/arm-none-eabi/7.3.1/../../../../arm-none-eabi/lib/thumb/v7e-m/fpv4-sp/hard/libm.a(lib_a-ef_sqrt.o)
 .ARM.attributes
                0x0000000000000573       0x34 /usr/bin/../lib/gcc/arm-none-eabi/7.3.1/../../../../arm-none-eabi/lib/thumb/v7e-m/fpv4-sp/hard/libm.a(lib_a-s_lib_ver.o)
 .ARM.attributes
                0x00000000000005a7       0x34 /usr/bin/../lib/gcc/arm-none-eabi/7.3.1/../../../../arm-none-eabi/lib/thumb/v7e-m/fpv4-sp/hard/libm.a(lib_a-s_matherr.o)
 .ARM.attributes
                0x00000000000005db       0x34 /usr/bin/../lib/gcc/arm-none-eabi/7.3.1/../../../../arm-none-eabi/lib/thumb/v7e-m/fpv4-sp/hard/libm.a(lib_a-sf_fabs.o)
 .ARM.attributes
                0x000000000000060f       0x34 /usr/bin/../lib/gcc/arm-none-eabi/7.3.1/../../../../arm-none-eabi/lib/thumb/v7e-m/fpv4-sp/hard/libm.a(lib_a-sf_finite.o)
 .ARM.attributes
                0x0000000000000643       0x34 /usr/bin/../lib/gcc/arm-none-eabi/7.3.1/../../../../arm-none-eabi/lib/thumb/v7e-m/fpv4-sp/hard/libm.a(lib_a-sf_nan.o)
 .ARM.attributes
                0x0000000000000677       0x34 /usr/bin/../lib/gcc/arm-none-eabi/7.3.1/../../../../arm-none-eabi/lib/thumb/v7e-m/fpv4-sp/hard/libm.a(lib_a-sf_rint.o)
 .ARM.attributes
                0x00000000000006ab       0x34 /usr/bin/../lib/gcc/arm-none-eabi/7.3.1/../../../../arm-none-eabi/lib/thumb/v7e-m/fpv4-sp/hard/libm.a(lib_a-sf_scalbn.o)
 .ARM.attributes
                0x00000000000006df       0x34 /usr/bin/../lib/gcc/arm-none-eabi/7.3.1/../../../../arm-none-eabi/lib/thumb/v7e-m/fpv4-sp/hard/libm.a(lib_a-sf_copysign.o)
 .ARM.attributes
                0x0000000000000713       0x39 Drivers/CMSIS/Lib/GCC/libarm_cortexM4lf_math.a(arm_max_f32.o)
 .ARM.attributes
                0x000000000000074c       0x39 Drivers/CMSIS/Lib/GCC/libarm_cortexM4lf_math.a(arm_rfft_init_f32.o)
 .ARM.attributes
                0x0000000000000785       0x39 Drivers/CMSIS/Lib/GCC/libarm_cortexM4lf_math.a(arm_rfft_f32.o)
 .ARM.attributes
                0x00000000000007be       0x39 Drivers/CMSIS/Lib/GCC/libarm_cortexM4lf_math.a(arm_cfft_radix4_init_f32.o)
 .ARM.attributes
                0x00000000000007f7       0x39 Drivers/CMSIS/Lib/GCC/libarm_cortexM4lf_math.a(arm_cfft_radix4_f32.o)
 .ARM.attributes
                0x0000000000000830       0x39 Drivers/CMSIS/Lib/GCC/libarm_cortexM4lf_math.a(arm_cmplx_mag_f32.o)
 .ARM.attributes
                0x0000000000000869       0x39 Drivers/CMSIS/Lib/GCC/libarm_cortexM4lf_math.a(arm_common_tables.o)
 .ARM.attributes
                0x00000000000008a2       0x39 Drivers/CMSIS/Lib/GCC/libarm_cortexM4lf_math.a(arm_bitreversal.o)
 .ARM.attributes
                0x00000000000008db       0x22 /usr/bin/../lib/gcc/arm-none-eabi/7.3.1/thumb/v7e-m/fpv4-sp/hard/libgcc.a(_arm_addsubdf3.o)
 .ARM.attributes
                0x00000000000008fd       0x22 /usr/bin/../lib/gcc/arm-none-eabi/7.3.1/thumb/v7e-m/fpv4-sp/hard/libgcc.a(_arm_fixunsdfsi.o)
 .ARM.attributes
                0x000000000000091f       0x22 /usr/bin/../lib/gcc/arm-none-eabi/7.3.1/thumb/v7e-m/fpv4-sp/hard/libgcc.a(_arm_truncdfsf2.o)
 .ARM.attributes
                0x0000000000000941       0x22 /usr/bin/../lib/gcc/arm-none-eabi/7.3.1/thumb/v7e-m/fpv4-sp/hard/libgcc.a(_aeabi_uldivmod.o)
 .ARM.attributes
                0x0000000000000963       0x34 /usr/bin/../lib/gcc/arm-none-eabi/7.3.1/thumb/v7e-m/fpv4-sp/hard/libgcc.a(_udivmoddi4.o)
 .ARM.attributes
                0x0000000000000997       0x22 /usr/bin/../lib/gcc/arm-none-eabi/7.3.1/thumb/v7e-m/fpv4-sp/hard/libgcc.a(_dvmd_tls.o)
 .ARM.attributes
                0x00000000000009b9       0x34 /usr/bin/../lib/gcc/arm-none-eabi/7.3.1/../../../../arm-none-eabi/lib/thumb/v7e-m/fpv4-sp/hard/libc_nano.a(lib_a-errno.o)
 .ARM.attributes
                0x00000000000009ed       0x22 /usr/bin/../lib/gcc/arm-none-eabi/7.3.1/thumb/v7e-m/fpv4-sp/hard/crtn.o
OUTPUT(build/ToneLock_Discovery.elf elf32-littlearm)

.debug_info     0x0000000000000000    0x17695
 .debug_info    0x0000000000000000     0x2791 build/main.o
 .debug_info    0x0000000000002791     0x12e7 build/stm32f4xx_it.o
 .debug_info    0x0000000000003a78     0x1df9 build/stm32f4xx_hal_msp.o
 .debug_info    0x0000000000005871     0x199e build/stm32f4xx_hal_i2s.o
 .debug_info    0x000000000000720f     0x1750 build/stm32f4xx_hal_i2s_ex.o
 .debug_info    0x000000000000895f     0x2568 build/stm32f4xx_hal_spi.o
 .debug_info    0x000000000000aec7     0x2102 build/stm32f4xx_hal_uart.o
 .debug_info    0x000000000000cfc9     0x1434 build/stm32f4xx_hal_rcc.o
 .debug_info    0x000000000000e3fd      0xfd7 build/stm32f4xx_hal_rcc_ex.o
 .debug_info    0x000000000000f3d4     0x1114 build/stm32f4xx_hal_gpio.o
 .debug_info    0x00000000000104e8     0x1912 build/stm32f4xx_hal_cortex.o
 .debug_info    0x0000000000011dfa     0x13b5 build/stm32f4xx_hal.o
 .debug_info    0x00000000000131af      0xd37 build/stm32f4xx_hal_crc.o
 .debug_info    0x0000000000013ee6      0xe83 build/system_stm32f4xx.o
 .debug_info    0x0000000000014d69      0x267 build/pdm2pcm.o
 .debug_info    0x0000000000014fd0       0x22 build/startup_stm32f407xx.o
 .debug_info    0x0000000000014ff2      0x164 Drivers/CMSIS/Lib/GCC/libarm_cortexM4lf_math.a(arm_max_f32.o)
 .debug_info    0x0000000000015156      0x365 Drivers/CMSIS/Lib/GCC/libarm_cortexM4lf_math.a(arm_rfft_init_f32.o)
 .debug_info    0x00000000000154bb      0x67c Drivers/CMSIS/Lib/GCC/libarm_cortexM4lf_math.a(arm_rfft_f32.o)
 .debug_info    0x0000000000015b37      0x257 Drivers/CMSIS/Lib/GCC/libarm_cortexM4lf_math.a(arm_cfft_radix4_init_f32.o)
 .debug_info    0x0000000000015d8e      0x9da Drivers/CMSIS/Lib/GCC/libarm_cortexM4lf_math.a(arm_cfft_radix4_f32.o)
 .debug_info    0x0000000000016768      0x299 Drivers/CMSIS/Lib/GCC/libarm_cortexM4lf_math.a(arm_cmplx_mag_f32.o)
 .debug_info    0x0000000000016a01      0x99d Drivers/CMSIS/Lib/GCC/libarm_cortexM4lf_math.a(arm_common_tables.o)
 .debug_info    0x000000000001739e      0x2f7 Drivers/CMSIS/Lib/GCC/libarm_cortexM4lf_math.a(arm_bitreversal.o)

.debug_abbrev   0x0000000000000000     0x36f3
 .debug_abbrev  0x0000000000000000      0x3c1 build/main.o
 .debug_abbrev  0x00000000000003c1      0x280 build/stm32f4xx_it.o
 .debug_abbrev  0x0000000000000641      0x2b8 build/stm32f4xx_hal_msp.o
 .debug_abbrev  0x00000000000008f9      0x3c9 build/stm32f4xx_hal_i2s.o
 .debug_abbrev  0x0000000000000cc2      0x3d3 build/stm32f4xx_hal_i2s_ex.o
 .debug_abbrev  0x0000000000001095      0x444 build/stm32f4xx_hal_spi.o
 .debug_abbrev  0x00000000000014d9      0x40e build/stm32f4xx_hal_uart.o
 .debug_abbrev  0x00000000000018e7      0x38c build/stm32f4xx_hal_rcc.o
 .debug_abbrev  0x0000000000001c73      0x260 build/stm32f4xx_hal_rcc_ex.o
 .debug_abbrev  0x0000000000001ed3      0x2bc build/stm32f4xx_hal_gpio.o
 .debug_abbrev  0x000000000000218f      0x3dc build/stm32f4xx_hal_cortex.o
 .debug_abbrev  0x000000000000256b      0x343 build/stm32f4xx_hal.o
 .debug_abbrev  0x00000000000028ae      0x294 build/stm32f4xx_hal_crc.o
 .debug_abbrev  0x0000000000002b42      0x1e6 build/system_stm32f4xx.o
 .debug_abbrev  0x0000000000002d28      0x12e build/pdm2pcm.o
 .debug_abbrev  0x0000000000002e56       0x12 build/startup_stm32f407xx.o
 .debug_abbrev  0x0000000000002e68       0xb2 Drivers/CMSIS/Lib/GCC/libarm_cortexM4lf_math.a(arm_max_f32.o)
 .debug_abbrev  0x0000000000002f1a      0x13f Drivers/CMSIS/Lib/GCC/libarm_cortexM4lf_math.a(arm_rfft_init_f32.o)
 .debug_abbrev  0x0000000000003059      0x1aa Drivers/CMSIS/Lib/GCC/libarm_cortexM4lf_math.a(arm_rfft_f32.o)
 .debug_abbrev  0x0000000000003203      0x103 Drivers/CMSIS/Lib/GCC/libarm_cortexM4lf_math.a(arm_cfft_radix4_init_f32.o)
 .debug_abbrev  0x0000000000003306      0x182 Drivers/CMSIS/Lib/GCC/libarm_cortexM4lf_math.a(arm_cfft_radix4_f32.o)
 .debug_abbrev  0x0000000000003488      0x11b Drivers/CMSIS/Lib/GCC/libarm_cortexM4lf_math.a(arm_cmplx_mag_f32.o)
 .debug_abbrev  0x00000000000035a3       0x84 Drivers/CMSIS/Lib/GCC/libarm_cortexM4lf_math.a(arm_common_tables.o)
 .debug_abbrev  0x0000000000003627       0xcc Drivers/CMSIS/Lib/GCC/libarm_cortexM4lf_math.a(arm_bitreversal.o)

.debug_loc      0x0000000000000000     0xa314
 .debug_loc     0x0000000000000000      0x119 build/main.o
 .debug_loc     0x0000000000000119       0x6c build/stm32f4xx_it.o
 .debug_loc     0x0000000000000185      0x213 build/stm32f4xx_hal_msp.o
 .debug_loc     0x0000000000000398      0xdc5 build/stm32f4xx_hal_i2s.o
 .debug_loc     0x000000000000115d      0x903 build/stm32f4xx_hal_i2s_ex.o
 .debug_loc     0x0000000000001a60     0x1b89 build/stm32f4xx_hal_spi.o
 .debug_loc     0x00000000000035e9     0x176a build/stm32f4xx_hal_uart.o
 .debug_loc     0x0000000000004d53      0x402 build/stm32f4xx_hal_rcc.o
 .debug_loc     0x0000000000005155      0x354 build/stm32f4xx_hal_rcc_ex.o
 .debug_loc     0x00000000000054a9      0x47d build/stm32f4xx_hal_gpio.o
 .debug_loc     0x0000000000005926      0x51b build/stm32f4xx_hal_cortex.o
 .debug_loc     0x0000000000005e41      0x1a2 build/stm32f4xx_hal.o
 .debug_loc     0x0000000000005fe3      0x26d build/stm32f4xx_hal_crc.o
 .debug_loc     0x0000000000006250      0x13c build/system_stm32f4xx.o
 .debug_loc     0x000000000000638c       0x4d build/pdm2pcm.o
 .debug_loc     0x00000000000063d9      0x178 Drivers/CMSIS/Lib/GCC/libarm_cortexM4lf_math.a(arm_max_f32.o)
 .debug_loc     0x0000000000006551      0x164 Drivers/CMSIS/Lib/GCC/libarm_cortexM4lf_math.a(arm_rfft_init_f32.o)
 .debug_loc     0x00000000000066b5      0x9d6 Drivers/CMSIS/Lib/GCC/libarm_cortexM4lf_math.a(arm_rfft_f32.o)
 .debug_loc     0x000000000000708b      0x360 Drivers/CMSIS/Lib/GCC/libarm_cortexM4lf_math.a(arm_cfft_radix4_init_f32.o)
 .debug_loc     0x00000000000073eb     0x244c Drivers/CMSIS/Lib/GCC/libarm_cortexM4lf_math.a(arm_cfft_radix4_f32.o)
 .debug_loc     0x0000000000009837      0x787 Drivers/CMSIS/Lib/GCC/libarm_cortexM4lf_math.a(arm_cmplx_mag_f32.o)
 .debug_loc     0x0000000000009fbe      0x356 Drivers/CMSIS/Lib/GCC/libarm_cortexM4lf_math.a(arm_bitreversal.o)

.debug_aranges  0x0000000000000000      0x990
 .debug_aranges
                0x0000000000000000       0x38 build/main.o
 .debug_aranges
                0x0000000000000038       0x50 build/stm32f4xx_it.o
 .debug_aranges
                0x0000000000000088       0x60 build/stm32f4xx_hal_msp.o
 .debug_aranges
                0x00000000000000e8       0xc8 build/stm32f4xx_hal_i2s.o
 .debug_aranges
                0x00000000000001b0       0x60 build/stm32f4xx_hal_i2s_ex.o
 .debug_aranges
                0x0000000000000210      0x180 build/stm32f4xx_hal_spi.o
 .debug_aranges
                0x0000000000000390      0x170 build/stm32f4xx_hal_uart.o
 .debug_aranges
                0x0000000000000500       0x88 build/stm32f4xx_hal_rcc.o
 .debug_aranges
                0x0000000000000588       0x48 build/stm32f4xx_hal_rcc_ex.o
 .debug_aranges
                0x00000000000005d0       0x58 build/stm32f4xx_hal_gpio.o
 .debug_aranges
                0x0000000000000628       0xa8 build/stm32f4xx_hal_cortex.o
 .debug_aranges
                0x00000000000006d0       0xd8 build/stm32f4xx_hal.o
 .debug_aranges
                0x00000000000007a8       0x48 build/stm32f4xx_hal_crc.o
 .debug_aranges
                0x00000000000007f0       0x28 build/system_stm32f4xx.o
 .debug_aranges
                0x0000000000000818       0x28 build/pdm2pcm.o
 .debug_aranges
                0x0000000000000840       0x28 build/startup_stm32f407xx.o
 .debug_aranges
                0x0000000000000868       0x20 Drivers/CMSIS/Lib/GCC/libarm_cortexM4lf_math.a(arm_max_f32.o)
 .debug_aranges
                0x0000000000000888       0x20 Drivers/CMSIS/Lib/GCC/libarm_cortexM4lf_math.a(arm_rfft_init_f32.o)
 .debug_aranges
                0x00000000000008a8       0x30 Drivers/CMSIS/Lib/GCC/libarm_cortexM4lf_math.a(arm_rfft_f32.o)
 .debug_aranges
                0x00000000000008d8       0x20 Drivers/CMSIS/Lib/GCC/libarm_cortexM4lf_math.a(arm_cfft_radix4_init_f32.o)
 .debug_aranges
                0x00000000000008f8       0x30 Drivers/CMSIS/Lib/GCC/libarm_cortexM4lf_math.a(arm_cfft_radix4_f32.o)
 .debug_aranges
                0x0000000000000928       0x20 Drivers/CMSIS/Lib/GCC/libarm_cortexM4lf_math.a(arm_cmplx_mag_f32.o)
 .debug_aranges
                0x0000000000000948       0x18 Drivers/CMSIS/Lib/GCC/libarm_cortexM4lf_math.a(arm_common_tables.o)
 .debug_aranges
                0x0000000000000960       0x30 Drivers/CMSIS/Lib/GCC/libarm_cortexM4lf_math.a(arm_bitreversal.o)

.debug_ranges   0x0000000000000000      0xbf8
 .debug_ranges  0x0000000000000000      0x118 build/main.o
 .debug_ranges  0x0000000000000118       0x40 build/stm32f4xx_it.o
 .debug_ranges  0x0000000000000158       0xb8 build/stm32f4xx_hal_msp.o
 .debug_ranges  0x0000000000000210       0xe8 build/stm32f4xx_hal_i2s.o
 .debug_ranges  0x00000000000002f8       0x80 build/stm32f4xx_hal_i2s_ex.o
 .debug_ranges  0x0000000000000378      0x1d0 build/stm32f4xx_hal_spi.o
 .debug_ranges  0x0000000000000548      0x160 build/stm32f4xx_hal_uart.o
 .debug_ranges  0x00000000000006a8       0xb0 build/stm32f4xx_hal_rcc.o
 .debug_ranges  0x0000000000000758       0x50 build/stm32f4xx_hal_rcc_ex.o
 .debug_ranges  0x00000000000007a8       0x68 build/stm32f4xx_hal_gpio.o
 .debug_ranges  0x0000000000000810      0x138 build/stm32f4xx_hal_cortex.o
 .debug_ranges  0x0000000000000948       0xc8 build/stm32f4xx_hal.o
 .debug_ranges  0x0000000000000a10       0x38 build/stm32f4xx_hal_crc.o
 .debug_ranges  0x0000000000000a48       0x18 build/system_stm32f4xx.o
 .debug_ranges  0x0000000000000a60       0x18 build/pdm2pcm.o
 .debug_ranges  0x0000000000000a78       0x20 build/startup_stm32f407xx.o
 .debug_ranges  0x0000000000000a98       0x10 Drivers/CMSIS/Lib/GCC/libarm_cortexM4lf_math.a(arm_max_f32.o)
 .debug_ranges  0x0000000000000aa8       0x10 Drivers/CMSIS/Lib/GCC/libarm_cortexM4lf_math.a(arm_rfft_init_f32.o)
 .debug_ranges  0x0000000000000ab8       0x20 Drivers/CMSIS/Lib/GCC/libarm_cortexM4lf_math.a(arm_rfft_f32.o)
 .debug_ranges  0x0000000000000ad8       0x10 Drivers/CMSIS/Lib/GCC/libarm_cortexM4lf_math.a(arm_cfft_radix4_init_f32.o)
 .debug_ranges  0x0000000000000ae8       0x20 Drivers/CMSIS/Lib/GCC/libarm_cortexM4lf_math.a(arm_cfft_radix4_f32.o)
 .debug_ranges  0x0000000000000b08       0xd0 Drivers/CMSIS/Lib/GCC/libarm_cortexM4lf_math.a(arm_cmplx_mag_f32.o)
 .debug_ranges  0x0000000000000bd8       0x20 Drivers/CMSIS/Lib/GCC/libarm_cortexM4lf_math.a(arm_bitreversal.o)

.debug_line     0x0000000000000000     0x5dd3
 .debug_line    0x0000000000000000      0x43a build/main.o
 .debug_line    0x000000000000043a      0x306 build/stm32f4xx_it.o
 .debug_line    0x0000000000000740      0x344 build/stm32f4xx_hal_msp.o
 .debug_line    0x0000000000000a84      0x70f build/stm32f4xx_hal_i2s.o
 .debug_line    0x0000000000001193      0x5cd build/stm32f4xx_hal_i2s_ex.o
 .debug_line    0x0000000000001760      0xb35 build/stm32f4xx_hal_spi.o
 .debug_line    0x0000000000002295      0xb21 build/stm32f4xx_hal_uart.o
 .debug_line    0x0000000000002db6      0x4c2 build/stm32f4xx_hal_rcc.o
 .debug_line    0x0000000000003278      0x360 build/stm32f4xx_hal_rcc_ex.o
 .debug_line    0x00000000000035d8      0x3af build/stm32f4xx_hal_gpio.o
 .debug_line    0x0000000000003987      0x441 build/stm32f4xx_hal_cortex.o
 .debug_line    0x0000000000003dc8      0x3ce build/stm32f4xx_hal.o
 .debug_line    0x0000000000004196      0x29f build/stm32f4xx_hal_crc.o
 .debug_line    0x0000000000004435      0x1ac build/system_stm32f4xx.o
 .debug_line    0x00000000000045e1      0x10e build/pdm2pcm.o
 .debug_line    0x00000000000046ef       0x74 build/startup_stm32f407xx.o
 .debug_line    0x0000000000004763      0x16d Drivers/CMSIS/Lib/GCC/libarm_cortexM4lf_math.a(arm_max_f32.o)
 .debug_line    0x00000000000048d0      0x193 Drivers/CMSIS/Lib/GCC/libarm_cortexM4lf_math.a(arm_rfft_init_f32.o)
 .debug_line    0x0000000000004a63      0x22a Drivers/CMSIS/Lib/GCC/libarm_cortexM4lf_math.a(arm_rfft_f32.o)
 .debug_line    0x0000000000004c8d      0x1b9 Drivers/CMSIS/Lib/GCC/libarm_cortexM4lf_math.a(arm_cfft_radix4_init_f32.o)
 .debug_line    0x0000000000004e46      0x8f8 Drivers/CMSIS/Lib/GCC/libarm_cortexM4lf_math.a(arm_cfft_radix4_f32.o)
 .debug_line    0x000000000000573e      0x20f Drivers/CMSIS/Lib/GCC/libarm_cortexM4lf_math.a(arm_cmplx_mag_f32.o)
 .debug_line    0x000000000000594d      0x12e Drivers/CMSIS/Lib/GCC/libarm_cortexM4lf_math.a(arm_common_tables.o)
 .debug_line    0x0000000000005a7b      0x358 Drivers/CMSIS/Lib/GCC/libarm_cortexM4lf_math.a(arm_bitreversal.o)

.debug_str      0x0000000000000000     0x3f35
 .debug_str     0x0000000000000000     0x19d3 build/main.o
                                       0x1ad1 (size before relaxing)
 .debug_str     0x00000000000019d3       0xe8 build/stm32f4xx_it.o
                                        0xca8 (size before relaxing)
 .debug_str     0x0000000000001abb      0x10d build/stm32f4xx_hal_msp.o
                                       0x14bd (size before relaxing)
 .debug_str     0x0000000000001bc8      0x272 build/stm32f4xx_hal_i2s.o
                                        0xd44 (size before relaxing)
 .debug_str     0x0000000000001e3a      0x1ce build/stm32f4xx_hal_i2s_ex.o
                                        0xc78 (size before relaxing)
 .debug_str     0x0000000000002008      0x4b0 build/stm32f4xx_hal_spi.o
                                        0xf9e (size before relaxing)
 .debug_str     0x00000000000024b8      0x51a build/stm32f4xx_hal_uart.o
                                       0x1016 (size before relaxing)
 .debug_str     0x00000000000029d2      0x185 build/stm32f4xx_hal_rcc.o
                                        0xae7 (size before relaxing)
 .debug_str     0x0000000000002b57       0xdb build/stm32f4xx_hal_rcc_ex.o
                                        0x8e0 (size before relaxing)
 .debug_str     0x0000000000002c32      0x112 build/stm32f4xx_hal_gpio.o
                                        0x914 (size before relaxing)
 .debug_str     0x0000000000002d44      0x38a build/stm32f4xx_hal_cortex.o
                                       0x103e (size before relaxing)
 .debug_str     0x00000000000030ce      0x277 build/stm32f4xx_hal.o
                                        0xf67 (size before relaxing)
 .debug_str     0x0000000000003345       0x8f build/stm32f4xx_hal_crc.o
                                        0x7d2 (size before relaxing)
 .debug_str     0x00000000000033d4       0x42 build/system_stm32f4xx.o
                                        0x778 (size before relaxing)
 .debug_str     0x0000000000003416       0x54 build/pdm2pcm.o
                                        0x303 (size before relaxing)
 .debug_str     0x000000000000346a       0x24 build/startup_stm32f407xx.o
                                         0x5e (size before relaxing)
 .debug_str     0x000000000000348e      0x17d Drivers/CMSIS/Lib/GCC/libarm_cortexM4lf_math.a(arm_max_f32.o)
                                        0x24f (size before relaxing)
 .debug_str     0x000000000000360b       0xf0 Drivers/CMSIS/Lib/GCC/libarm_cortexM4lf_math.a(arm_rfft_init_f32.o)
                                        0x405 (size before relaxing)
 .debug_str     0x00000000000036fb       0xfd Drivers/CMSIS/Lib/GCC/libarm_cortexM4lf_math.a(arm_rfft_f32.o)
                                        0x40b (size before relaxing)
 .debug_str     0x00000000000037f8       0x51 Drivers/CMSIS/Lib/GCC/libarm_cortexM4lf_math.a(arm_cfft_radix4_init_f32.o)
                                        0x372 (size before relaxing)
 .debug_str     0x0000000000003849      0x129 Drivers/CMSIS/Lib/GCC/libarm_cortexM4lf_math.a(arm_cfft_radix4_f32.o)
                                        0x3f8 (size before relaxing)
 .debug_str     0x0000000000003972       0x67 Drivers/CMSIS/Lib/GCC/libarm_cortexM4lf_math.a(arm_cmplx_mag_f32.o)
                                        0x303 (size before relaxing)
 .debug_str     0x00000000000039d9      0x4e6 Drivers/CMSIS/Lib/GCC/libarm_cortexM4lf_math.a(arm_common_tables.o)
                                        0x704 (size before relaxing)
 .debug_str     0x0000000000003ebf       0x76 Drivers/CMSIS/Lib/GCC/libarm_cortexM4lf_math.a(arm_bitreversal.o)
                                        0x2d8 (size before relaxing)

.comment        0x0000000000000000      0x15d
 .comment       0x0000000000000000       0x7f build/main.o
                                         0x80 (size before relaxing)
 .comment       0x000000000000007f       0x80 build/stm32f4xx_it.o
 .comment       0x000000000000007f       0x80 build/stm32f4xx_hal_msp.o
 .comment       0x000000000000007f       0x80 build/stm32f4xx_hal_i2s.o
 .comment       0x000000000000007f       0x80 build/stm32f4xx_hal_i2s_ex.o
 .comment       0x000000000000007f       0x80 build/stm32f4xx_hal_spi.o
 .comment       0x000000000000007f       0x80 build/stm32f4xx_hal_uart.o
 .comment       0x000000000000007f       0x80 build/stm32f4xx_hal_rcc.o
 .comment       0x000000000000007f       0x80 build/stm32f4xx_hal_rcc_ex.o
 .comment       0x000000000000007f       0x80 build/stm32f4xx_hal_gpio.o
 .comment       0x000000000000007f       0x80 build/stm32f4xx_hal_cortex.o
 .comment       0x000000000000007f       0x80 build/stm32f4xx_hal.o
 .comment       0x000000000000007f       0x80 build/stm32f4xx_hal_crc.o
 .comment       0x000000000000007f       0x80 build/system_stm32f4xx.o
 .comment       0x000000000000007f       0x80 build/pdm2pcm.o
 .comment       0x000000000000007f       0x6e Middlewares/ST/STM32_Audio/Addons/PDM/Lib/libPDMFilter_CM4_GCC.a(pdm_filter.o)
                                         0x6f (size before relaxing)
 .comment       0x00000000000000ed       0x70 Drivers/CMSIS/Lib/GCC/libarm_cortexM4lf_math.a(arm_max_f32.o)
                                         0x71 (size before relaxing)
 .comment       0x000000000000015d       0x71 Drivers/CMSIS/Lib/GCC/libarm_cortexM4lf_math.a(arm_rfft_init_f32.o)
 .comment       0x000000000000015d       0x71 Drivers/CMSIS/Lib/GCC/libarm_cortexM4lf_math.a(arm_rfft_f32.o)
 .comment       0x000000000000015d       0x71 Drivers/CMSIS/Lib/GCC/libarm_cortexM4lf_math.a(arm_cfft_radix4_init_f32.o)
 .comment       0x000000000000015d       0x71 Drivers/CMSIS/Lib/GCC/libarm_cortexM4lf_math.a(arm_cfft_radix4_f32.o)
 .comment       0x000000000000015d       0x71 Drivers/CMSIS/Lib/GCC/libarm_cortexM4lf_math.a(arm_cmplx_mag_f32.o)
 .comment       0x000000000000015d       0x71 Drivers/CMSIS/Lib/GCC/libarm_cortexM4lf_math.a(arm_common_tables.o)
 .comment       0x000000000000015d       0x71 Drivers/CMSIS/Lib/GCC/libarm_cortexM4lf_math.a(arm_bitreversal.o)

.debug_frame    0x0000000000000000     0x2050
 .debug_frame   0x0000000000000000       0xa8 build/main.o
 .debug_frame   0x00000000000000a8       0xe4 build/stm32f4xx_it.o
 .debug_frame   0x000000000000018c      0x100 build/stm32f4xx_hal_msp.o
 .debug_frame   0x000000000000028c      0x2b8 build/stm32f4xx_hal_i2s.o
 .debug_frame   0x0000000000000544      0x158 build/stm32f4xx_hal_i2s_ex.o
 .debug_frame   0x000000000000069c      0x610 build/stm32f4xx_hal_spi.o
 .debug_frame   0x0000000000000cac      0x534 build/stm32f4xx_hal_uart.o
 .debug_frame   0x00000000000011e0      0x158 build/stm32f4xx_hal_rcc.o
 .debug_frame   0x0000000000001338       0xc4 build/stm32f4xx_hal_rcc_ex.o
 .debug_frame   0x00000000000013fc       0xf0 build/stm32f4xx_hal_gpio.o
 .debug_frame   0x00000000000014ec      0x168 build/stm32f4xx_hal_cortex.o
 .debug_frame   0x0000000000001654      0x1e4 build/stm32f4xx_hal.o
 .debug_frame   0x0000000000001838       0xb0 build/stm32f4xx_hal_crc.o
 .debug_frame   0x00000000000018e8       0x3c build/system_stm32f4xx.o
 .debug_frame   0x0000000000001924       0x3c build/pdm2pcm.o
 .debug_frame   0x0000000000001960       0x2c /usr/bin/../lib/gcc/arm-none-eabi/7.3.1/../../../../arm-none-eabi/lib/thumb/v7e-m/fpv4-sp/hard/libc_nano.a(lib_a-init.o)
 .debug_frame   0x000000000000198c       0x20 /usr/bin/../lib/gcc/arm-none-eabi/7.3.1/../../../../arm-none-eabi/lib/thumb/v7e-m/fpv4-sp/hard/libc_nano.a(lib_a-memset.o)
 .debug_frame   0x00000000000019ac       0x2c /usr/bin/../lib/gcc/arm-none-eabi/7.3.1/../../../../arm-none-eabi/lib/thumb/v7e-m/fpv4-sp/hard/libm.a(lib_a-s_round.o)
 .debug_frame   0x00000000000019d8       0x68 /usr/bin/../lib/gcc/arm-none-eabi/7.3.1/../../../../arm-none-eabi/lib/thumb/v7e-m/fpv4-sp/hard/libm.a(lib_a-wf_pow.o)
 .debug_frame   0x0000000000001a40       0x80 /usr/bin/../lib/gcc/arm-none-eabi/7.3.1/../../../../arm-none-eabi/lib/thumb/v7e-m/fpv4-sp/hard/libm.a(lib_a-ef_pow.o)
 .debug_frame   0x0000000000001ac0       0x20 /usr/bin/../lib/gcc/arm-none-eabi/7.3.1/../../../../arm-none-eabi/lib/thumb/v7e-m/fpv4-sp/hard/libm.a(lib_a-ef_sqrt.o)
 .debug_frame   0x0000000000001ae0       0x20 /usr/bin/../lib/gcc/arm-none-eabi/7.3.1/../../../../arm-none-eabi/lib/thumb/v7e-m/fpv4-sp/hard/libm.a(lib_a-s_matherr.o)
 .debug_frame   0x0000000000001b00       0x20 /usr/bin/../lib/gcc/arm-none-eabi/7.3.1/../../../../arm-none-eabi/lib/thumb/v7e-m/fpv4-sp/hard/libm.a(lib_a-sf_fabs.o)
 .debug_frame   0x0000000000001b20       0x20 /usr/bin/../lib/gcc/arm-none-eabi/7.3.1/../../../../arm-none-eabi/lib/thumb/v7e-m/fpv4-sp/hard/libm.a(lib_a-sf_finite.o)
 .debug_frame   0x0000000000001b40       0x20 /usr/bin/../lib/gcc/arm-none-eabi/7.3.1/../../../../arm-none-eabi/lib/thumb/v7e-m/fpv4-sp/hard/libm.a(lib_a-sf_nan.o)
 .debug_frame   0x0000000000001b60       0x38 /usr/bin/../lib/gcc/arm-none-eabi/7.3.1/../../../../arm-none-eabi/lib/thumb/v7e-m/fpv4-sp/hard/libm.a(lib_a-sf_rint.o)
 .debug_frame   0x0000000000001b98       0x44 /usr/bin/../lib/gcc/arm-none-eabi/7.3.1/../../../../arm-none-eabi/lib/thumb/v7e-m/fpv4-sp/hard/libm.a(lib_a-sf_scalbn.o)
 .debug_frame   0x0000000000001bdc       0x20 /usr/bin/../lib/gcc/arm-none-eabi/7.3.1/../../../../arm-none-eabi/lib/thumb/v7e-m/fpv4-sp/hard/libm.a(lib_a-sf_copysign.o)
 .debug_frame   0x0000000000001bfc       0x30 Drivers/CMSIS/Lib/GCC/libarm_cortexM4lf_math.a(arm_max_f32.o)
 .debug_frame   0x0000000000001c2c       0x30 Drivers/CMSIS/Lib/GCC/libarm_cortexM4lf_math.a(arm_rfft_init_f32.o)
 .debug_frame   0x0000000000001c5c       0x88 Drivers/CMSIS/Lib/GCC/libarm_cortexM4lf_math.a(arm_rfft_f32.o)
 .debug_frame   0x0000000000001ce4       0x4c Drivers/CMSIS/Lib/GCC/libarm_cortexM4lf_math.a(arm_cfft_radix4_init_f32.o)
 .debug_frame   0x0000000000001d30       0xe4 Drivers/CMSIS/Lib/GCC/libarm_cortexM4lf_math.a(arm_cfft_radix4_f32.o)
 .debug_frame   0x0000000000001e14       0x3c Drivers/CMSIS/Lib/GCC/libarm_cortexM4lf_math.a(arm_cmplx_mag_f32.o)
 .debug_frame   0x0000000000001e50       0x8c Drivers/CMSIS/Lib/GCC/libarm_cortexM4lf_math.a(arm_bitreversal.o)
 .debug_frame   0x0000000000001edc       0xac /usr/bin/../lib/gcc/arm-none-eabi/7.3.1/thumb/v7e-m/fpv4-sp/hard/libgcc.a(_arm_addsubdf3.o)
 .debug_frame   0x0000000000001f88       0x24 /usr/bin/../lib/gcc/arm-none-eabi/7.3.1/thumb/v7e-m/fpv4-sp/hard/libgcc.a(_arm_fixunsdfsi.o)
 .debug_frame   0x0000000000001fac       0x24 /usr/bin/../lib/gcc/arm-none-eabi/7.3.1/thumb/v7e-m/fpv4-sp/hard/libgcc.a(_arm_truncdfsf2.o)
 .debug_frame   0x0000000000001fd0       0x2c /usr/bin/../lib/gcc/arm-none-eabi/7.3.1/thumb/v7e-m/fpv4-sp/hard/libgcc.a(_aeabi_uldivmod.o)
 .debug_frame   0x0000000000001ffc       0x34 /usr/bin/../lib/gcc/arm-none-eabi/7.3.1/thumb/v7e-m/fpv4-sp/hard/libgcc.a(_udivmoddi4.o)
 .debug_frame   0x0000000000002030       0x20 /usr/bin/../lib/gcc/arm-none-eabi/7.3.1/../../../../arm-none-eabi/lib/thumb/v7e-m/fpv4-sp/hard/libc_nano.a(lib_a-errno.o)

Cross Reference Table

Symbol                                            File
ADC_IRQHandler                                    build/startup_stm32f407xx.o
AHBPrescTable                                     build/system_stm32f4xx.o
                                                  build/stm32f4xx_hal_rcc.o
APBPrescTable                                     build/system_stm32f4xx.o
                                                  build/stm32f4xx_hal_rcc.o
BusFault_Handler                                  build/stm32f4xx_it.o
CAN1_RX0_IRQHandler                               build/startup_stm32f407xx.o
CAN1_RX1_IRQHandler                               build/startup_stm32f407xx.o
CAN1_SCE_IRQHandler                               build/startup_stm32f407xx.o
CAN1_TX_IRQHandler                                build/startup_stm32f407xx.o
CAN2_RX0_IRQHandler                               build/startup_stm32f407xx.o
CAN2_RX1_IRQHandler                               build/startup_stm32f407xx.o
CAN2_SCE_IRQHandler                               build/startup_stm32f407xx.o
CAN2_TX_IRQHandler                                build/startup_stm32f407xx.o
DCMI_IRQHandler                                   build/startup_stm32f407xx.o
DMA1_Stream0_IRQHandler                           build/startup_stm32f407xx.o
DMA1_Stream1_IRQHandler                           build/startup_stm32f407xx.o
DMA1_Stream2_IRQHandler                           build/startup_stm32f407xx.o
DMA1_Stream3_IRQHandler                           build/startup_stm32f407xx.o
DMA1_Stream4_IRQHandler                           build/startup_stm32f407xx.o
DMA1_Stream5_IRQHandler                           build/startup_stm32f407xx.o
DMA1_Stream6_IRQHandler                           build/startup_stm32f407xx.o
DMA1_Stream7_IRQHandler                           build/startup_stm32f407xx.o
DMA2_Stream0_IRQHandler                           build/startup_stm32f407xx.o
DMA2_Stream1_IRQHandler                           build/startup_stm32f407xx.o
DMA2_Stream2_IRQHandler                           build/startup_stm32f407xx.o
DMA2_Stream3_IRQHandler                           build/startup_stm32f407xx.o
DMA2_Stream4_IRQHandler                           build/startup_stm32f407xx.o
DMA2_Stream5_IRQHandler                           build/startup_stm32f407xx.o
DMA2_Stream6_IRQHandler                           build/startup_stm32f407xx.o
DMA2_Stream7_IRQHandler                           build/startup_stm32f407xx.o
DebugMon_Handler                                  build/stm32f4xx_it.o
Default_Handler                                   build/startup_stm32f407xx.o
ETH_IRQHandler                                    build/startup_stm32f407xx.o
ETH_WKUP_IRQHandler                               build/startup_stm32f407xx.o
EXTI0_IRQHandler                                  build/startup_stm32f407xx.o
EXTI15_10_IRQHandler                              build/startup_stm32f407xx.o
EXTI1_IRQHandler                                  build/startup_stm32f407xx.o
EXTI2_IRQHandler                                  build/startup_stm32f407xx.o
EXTI3_IRQHandler                                  build/startup_stm32f407xx.o
EXTI4_IRQHandler                                  build/startup_stm32f407xx.o
EXTI9_5_IRQHandler                                build/startup_stm32f407xx.o
FLASH_Erase_Sector                                build/stm32f4xx_hal_flash_ex.o
                                                  build/stm32f4xx_hal_flash.o
FLASH_FlushCaches                                 build/stm32f4xx_hal_flash_ex.o
                                                  build/stm32f4xx_hal_flash.o
FLASH_IRQHandler                                  build/startup_stm32f407xx.o
FLASH_WaitForLastOperation                        build/stm32f4xx_hal_flash.o
                                                  build/stm32f4xx_hal_flash_ex.o
FPU_IRQHandler                                    build/startup_stm32f407xx.o
FSMC_IRQHandler                                   build/startup_stm32f407xx.o
HAL_CRC_Accumulate                                build/stm32f4xx_hal_crc.o
HAL_CRC_Calculate                                 build/stm32f4xx_hal_crc.o
HAL_CRC_DeInit                                    build/stm32f4xx_hal_crc.o
HAL_CRC_GetState                                  build/stm32f4xx_hal_crc.o
HAL_CRC_Init                                      build/stm32f4xx_hal_crc.o
                                                  build/main.o
HAL_CRC_MspDeInit                                 build/stm32f4xx_hal_msp.o
HAL_CRC_MspInit                                   build/stm32f4xx_hal_msp.o
HAL_DBGMCU_DisableDBGSleepMode                    build/stm32f4xx_hal.o
HAL_DBGMCU_DisableDBGStandbyMode                  build/stm32f4xx_hal.o
HAL_DBGMCU_DisableDBGStopMode                     build/stm32f4xx_hal.o
HAL_DBGMCU_EnableDBGSleepMode                     build/stm32f4xx_hal.o
HAL_DBGMCU_EnableDBGStandbyMode                   build/stm32f4xx_hal.o
HAL_DBGMCU_EnableDBGStopMode                      build/stm32f4xx_hal.o
HAL_DMAEx_ChangeMemory                            build/stm32f4xx_hal_dma_ex.o
HAL_DMAEx_MultiBufferStart                        build/stm32f4xx_hal_dma_ex.o
HAL_DMAEx_MultiBufferStart_IT                     build/stm32f4xx_hal_dma_ex.o
HAL_DMA_Abort                                     build/stm32f4xx_hal_dma.o
                                                  build/stm32f4xx_hal_uart.o
                                                  build/stm32f4xx_hal_spi.o
                                                  build/stm32f4xx_hal_i2s.o
HAL_DMA_Abort_IT                                  build/stm32f4xx_hal_dma.o
                                                  build/stm32f4xx_hal_uart.o
                                                  build/stm32f4xx_hal_spi.o
HAL_DMA_DeInit                                    build/stm32f4xx_hal_dma.o
HAL_DMA_GetError                                  build/stm32f4xx_hal_dma.o
HAL_DMA_GetState                                  build/stm32f4xx_hal_dma.o
HAL_DMA_IRQHandler                                build/stm32f4xx_hal_dma.o
HAL_DMA_Init                                      build/stm32f4xx_hal_dma.o
HAL_DMA_PollForTransfer                           build/stm32f4xx_hal_dma.o
HAL_DMA_RegisterCallback                          build/stm32f4xx_hal_dma.o
HAL_DMA_Start                                     build/stm32f4xx_hal_dma.o
HAL_DMA_Start_IT                                  build/stm32f4xx_hal_dma.o
                                                  build/stm32f4xx_hal_uart.o
                                                  build/stm32f4xx_hal_spi.o
                                                  build/stm32f4xx_hal_i2s_ex.o
                                                  build/stm32f4xx_hal_i2s.o
HAL_DMA_UnRegisterCallback                        build/stm32f4xx_hal_dma.o
HAL_DeInit                                        build/stm32f4xx_hal.o
HAL_Delay                                         build/stm32f4xx_hal.o
                                                  build/main.o
HAL_DisableCompensationCell                       build/stm32f4xx_hal.o
HAL_EnableCompensationCell                        build/stm32f4xx_hal.o
HAL_FLASHEx_Erase                                 build/stm32f4xx_hal_flash_ex.o
HAL_FLASHEx_Erase_IT                              build/stm32f4xx_hal_flash_ex.o
HAL_FLASHEx_OBGetConfig                           build/stm32f4xx_hal_flash_ex.o
HAL_FLASHEx_OBProgram                             build/stm32f4xx_hal_flash_ex.o
HAL_FLASH_EndOfOperationCallback                  build/stm32f4xx_hal_flash.o
HAL_FLASH_GetError                                build/stm32f4xx_hal_flash.o
HAL_FLASH_IRQHandler                              build/stm32f4xx_hal_flash.o
HAL_FLASH_Lock                                    build/stm32f4xx_hal_flash.o
HAL_FLASH_OB_Launch                               build/stm32f4xx_hal_flash.o
HAL_FLASH_OB_Lock                                 build/stm32f4xx_hal_flash.o
HAL_FLASH_OB_Unlock                               build/stm32f4xx_hal_flash.o
HAL_FLASH_OperationErrorCallback                  build/stm32f4xx_hal_flash.o
HAL_FLASH_Program                                 build/stm32f4xx_hal_flash.o
HAL_FLASH_Program_IT                              build/stm32f4xx_hal_flash.o
HAL_FLASH_Unlock                                  build/stm32f4xx_hal_flash.o
HAL_GPIO_DeInit                                   build/stm32f4xx_hal_gpio.o
                                                  build/stm32f4xx_hal_msp.o
HAL_GPIO_EXTI_Callback                            build/stm32f4xx_hal_gpio.o
HAL_GPIO_EXTI_IRQHandler                          build/stm32f4xx_hal_gpio.o
HAL_GPIO_Init                                     build/stm32f4xx_hal_gpio.o
                                                  build/stm32f4xx_hal_rcc.o
                                                  build/stm32f4xx_hal_msp.o
                                                  build/main.o
HAL_GPIO_LockPin                                  build/stm32f4xx_hal_gpio.o
HAL_GPIO_ReadPin                                  build/stm32f4xx_hal_gpio.o
HAL_GPIO_TogglePin                                build/stm32f4xx_hal_gpio.o
                                                  build/main.o
HAL_GPIO_WritePin                                 build/stm32f4xx_hal_gpio.o
                                                  build/stm32f4xx_it.o
                                                  build/main.o
HAL_GetDEVID                                      build/stm32f4xx_hal.o
HAL_GetHalVersion                                 build/stm32f4xx_hal.o
HAL_GetREVID                                      build/stm32f4xx_hal.o
HAL_GetTick                                       build/stm32f4xx_hal.o
                                                  build/stm32f4xx_hal_pwr_ex.o
                                                  build/stm32f4xx_hal_dma.o
                                                  build/stm32f4xx_hal_flash.o
                                                  build/stm32f4xx_hal_rcc_ex.o
                                                  build/stm32f4xx_hal_rcc.o
                                                  build/stm32f4xx_hal_uart.o
                                                  build/stm32f4xx_hal_spi.o
                                                  build/stm32f4xx_hal_i2s_ex.o
                                                  build/stm32f4xx_hal_i2s.o
HAL_GetTickFreq                                   build/stm32f4xx_hal.o
HAL_GetTickPrio                                   build/stm32f4xx_hal.o
HAL_GetUID                                        build/stm32f4xx_hal.o
HAL_HalfDuplex_EnableReceiver                     build/stm32f4xx_hal_uart.o
HAL_HalfDuplex_EnableTransmitter                  build/stm32f4xx_hal_uart.o
HAL_HalfDuplex_Init                               build/stm32f4xx_hal_uart.o
HAL_I2SEx_FullDuplex_IRQHandler                   build/stm32f4xx_hal_i2s_ex.o
                                                  build/stm32f4xx_hal_i2s.o
HAL_I2SEx_TransmitReceive                         build/stm32f4xx_hal_i2s_ex.o
HAL_I2SEx_TransmitReceive_DMA                     build/stm32f4xx_hal_i2s_ex.o
HAL_I2SEx_TransmitReceive_IT                      build/stm32f4xx_hal_i2s_ex.o
HAL_I2SEx_TxRxCpltCallback                        build/stm32f4xx_hal_i2s_ex.o
HAL_I2SEx_TxRxHalfCpltCallback                    build/stm32f4xx_hal_i2s_ex.o
HAL_I2S_DMAPause                                  build/stm32f4xx_hal_i2s.o
HAL_I2S_DMAResume                                 build/stm32f4xx_hal_i2s.o
HAL_I2S_DMAStop                                   build/stm32f4xx_hal_i2s.o
HAL_I2S_DeInit                                    build/stm32f4xx_hal_i2s.o
HAL_I2S_ErrorCallback                             build/stm32f4xx_hal_i2s.o
                                                  build/stm32f4xx_hal_i2s_ex.o
HAL_I2S_GetError                                  build/stm32f4xx_hal_i2s.o
HAL_I2S_GetState                                  build/stm32f4xx_hal_i2s.o
HAL_I2S_IRQHandler                                build/stm32f4xx_hal_i2s.o
HAL_I2S_Init                                      build/stm32f4xx_hal_i2s.o
                                                  build/main.o
HAL_I2S_MspDeInit                                 build/stm32f4xx_hal_msp.o
HAL_I2S_MspInit                                   build/stm32f4xx_hal_msp.o
HAL_I2S_Receive                                   build/stm32f4xx_hal_i2s.o
HAL_I2S_Receive_DMA                               build/stm32f4xx_hal_i2s.o
HAL_I2S_Receive_IT                                build/stm32f4xx_hal_i2s.o
                                                  build/main.o
HAL_I2S_RxCpltCallback                            build/main.o
HAL_I2S_RxHalfCpltCallback                        build/stm32f4xx_hal_i2s.o
HAL_I2S_Transmit                                  build/stm32f4xx_hal_i2s.o
HAL_I2S_Transmit_DMA                              build/stm32f4xx_hal_i2s.o
HAL_I2S_Transmit_IT                               build/stm32f4xx_hal_i2s.o
HAL_I2S_TxCpltCallback                            build/stm32f4xx_hal_i2s.o
HAL_I2S_TxHalfCpltCallback                        build/stm32f4xx_hal_i2s.o
HAL_IncTick                                       build/stm32f4xx_hal.o
                                                  build/stm32f4xx_it.o
HAL_Init                                          build/stm32f4xx_hal.o
                                                  build/main.o
HAL_InitTick                                      build/stm32f4xx_hal.o
                                                  build/stm32f4xx_hal_rcc_ex.o
                                                  build/stm32f4xx_hal_rcc.o
HAL_LIN_Init                                      build/stm32f4xx_hal_uart.o
HAL_LIN_SendBreak                                 build/stm32f4xx_hal_uart.o
HAL_MPU_ConfigRegion                              build/stm32f4xx_hal_cortex.o
HAL_MPU_Disable                                   build/stm32f4xx_hal_cortex.o
HAL_MPU_Enable                                    build/stm32f4xx_hal_cortex.o
HAL_MspDeInit                                     build/stm32f4xx_hal.o
HAL_MspInit                                       build/stm32f4xx_hal_msp.o
HAL_MultiProcessor_EnterMuteMode                  build/stm32f4xx_hal_uart.o
HAL_MultiProcessor_ExitMuteMode                   build/stm32f4xx_hal_uart.o
HAL_MultiProcessor_Init                           build/stm32f4xx_hal_uart.o
HAL_NVIC_ClearPendingIRQ                          build/stm32f4xx_hal_cortex.o
HAL_NVIC_DisableIRQ                               build/stm32f4xx_hal_cortex.o
                                                  build/stm32f4xx_hal_msp.o
HAL_NVIC_EnableIRQ                                build/stm32f4xx_hal_cortex.o
                                                  build/stm32f4xx_hal_msp.o
HAL_NVIC_GetActive                                build/stm32f4xx_hal_cortex.o
HAL_NVIC_GetPendingIRQ                            build/stm32f4xx_hal_cortex.o
HAL_NVIC_GetPriority                              build/stm32f4xx_hal_cortex.o
HAL_NVIC_GetPriorityGrouping                      build/stm32f4xx_hal_cortex.o
HAL_NVIC_SetPendingIRQ                            build/stm32f4xx_hal_cortex.o
HAL_NVIC_SetPriority                              build/stm32f4xx_hal_cortex.o
                                                  build/stm32f4xx_hal.o
                                                  build/stm32f4xx_hal_msp.o
                                                  build/main.o
HAL_NVIC_SetPriorityGrouping                      build/stm32f4xx_hal_cortex.o
                                                  build/stm32f4xx_hal.o
                                                  build/stm32f4xx_hal_msp.o
HAL_NVIC_SystemReset                              build/stm32f4xx_hal_cortex.o
HAL_PWREx_ControlVoltageScaling                   build/stm32f4xx_hal_pwr_ex.o
HAL_PWREx_DisableBkUpReg                          build/stm32f4xx_hal_pwr_ex.o
HAL_PWREx_DisableFlashPowerDown                   build/stm32f4xx_hal_pwr_ex.o
HAL_PWREx_EnableBkUpReg                           build/stm32f4xx_hal_pwr_ex.o
HAL_PWREx_EnableFlashPowerDown                    build/stm32f4xx_hal_pwr_ex.o
HAL_PWREx_GetVoltageRange                         build/stm32f4xx_hal_pwr_ex.o
HAL_PWR_ConfigPVD                                 build/stm32f4xx_hal_pwr.o
HAL_PWR_DeInit                                    build/stm32f4xx_hal_pwr.o
HAL_PWR_DisableBkUpAccess                         build/stm32f4xx_hal_pwr.o
HAL_PWR_DisablePVD                                build/stm32f4xx_hal_pwr.o
HAL_PWR_DisableSEVOnPend                          build/stm32f4xx_hal_pwr.o
HAL_PWR_DisableSleepOnExit                        build/stm32f4xx_hal_pwr.o
HAL_PWR_DisableWakeUpPin                          build/stm32f4xx_hal_pwr.o
HAL_PWR_EnableBkUpAccess                          build/stm32f4xx_hal_pwr.o
HAL_PWR_EnablePVD                                 build/stm32f4xx_hal_pwr.o
HAL_PWR_EnableSEVOnPend                           build/stm32f4xx_hal_pwr.o
HAL_PWR_EnableSleepOnExit                         build/stm32f4xx_hal_pwr.o
HAL_PWR_EnableWakeUpPin                           build/stm32f4xx_hal_pwr.o
HAL_PWR_EnterSLEEPMode                            build/stm32f4xx_hal_pwr.o
HAL_PWR_EnterSTANDBYMode                          build/stm32f4xx_hal_pwr.o
HAL_PWR_EnterSTOPMode                             build/stm32f4xx_hal_pwr.o
HAL_PWR_PVDCallback                               build/stm32f4xx_hal_pwr.o
HAL_PWR_PVD_IRQHandler                            build/stm32f4xx_hal_pwr.o
HAL_RCCEx_DisablePLLI2S                           build/stm32f4xx_hal_rcc_ex.o
HAL_RCCEx_EnablePLLI2S                            build/stm32f4xx_hal_rcc_ex.o
HAL_RCCEx_GetPeriphCLKConfig                      build/stm32f4xx_hal_rcc_ex.o
HAL_RCCEx_GetPeriphCLKFreq                        build/stm32f4xx_hal_rcc_ex.o
                                                  build/stm32f4xx_hal_i2s.o
HAL_RCCEx_PeriphCLKConfig                         build/stm32f4xx_hal_rcc_ex.o
                                                  build/main.o
HAL_RCC_CSSCallback                               build/stm32f4xx_hal_rcc.o
HAL_RCC_ClockConfig                               build/stm32f4xx_hal_rcc.o
                                                  build/main.o
HAL_RCC_DeInit                                    build/stm32f4xx_hal_rcc_ex.o
                                                  build/stm32f4xx_hal_rcc.o
HAL_RCC_DisableCSS                                build/stm32f4xx_hal_rcc.o
HAL_RCC_EnableCSS                                 build/stm32f4xx_hal_rcc.o
HAL_RCC_GetClockConfig                            build/stm32f4xx_hal_rcc.o
HAL_RCC_GetHCLKFreq                               build/stm32f4xx_hal_rcc.o
                                                  build/main.o
HAL_RCC_GetOscConfig                              build/stm32f4xx_hal_rcc.o
HAL_RCC_GetPCLK1Freq                              build/stm32f4xx_hal_rcc.o
                                                  build/stm32f4xx_hal_uart.o
HAL_RCC_GetPCLK2Freq                              build/stm32f4xx_hal_rcc.o
                                                  build/stm32f4xx_hal_uart.o
HAL_RCC_GetSysClockFreq                           build/stm32f4xx_hal_rcc.o
HAL_RCC_MCOConfig                                 build/stm32f4xx_hal_rcc.o
HAL_RCC_NMI_IRQHandler                            build/stm32f4xx_hal_rcc.o
HAL_RCC_OscConfig                                 build/stm32f4xx_hal_rcc.o
                                                  build/main.o
HAL_ResumeTick                                    build/stm32f4xx_hal.o
HAL_SPI_Abort                                     build/stm32f4xx_hal_spi.o
HAL_SPI_AbortCpltCallback                         build/stm32f4xx_hal_spi.o
HAL_SPI_Abort_IT                                  build/stm32f4xx_hal_spi.o
HAL_SPI_DMAPause                                  build/stm32f4xx_hal_spi.o
HAL_SPI_DMAResume                                 build/stm32f4xx_hal_spi.o
HAL_SPI_DMAStop                                   build/stm32f4xx_hal_spi.o
HAL_SPI_DeInit                                    build/stm32f4xx_hal_spi.o
HAL_SPI_ErrorCallback                             build/stm32f4xx_hal_spi.o
HAL_SPI_GetError                                  build/stm32f4xx_hal_spi.o
HAL_SPI_GetState                                  build/stm32f4xx_hal_spi.o
HAL_SPI_IRQHandler                                build/stm32f4xx_hal_spi.o
HAL_SPI_Init                                      build/stm32f4xx_hal_spi.o
                                                  build/main.o
HAL_SPI_MspDeInit                                 build/stm32f4xx_hal_msp.o
HAL_SPI_MspInit                                   build/stm32f4xx_hal_msp.o
HAL_SPI_Receive                                   build/stm32f4xx_hal_spi.o
HAL_SPI_Receive_DMA                               build/stm32f4xx_hal_spi.o
HAL_SPI_Receive_IT                                build/stm32f4xx_hal_spi.o
HAL_SPI_RxCpltCallback                            build/stm32f4xx_hal_spi.o
HAL_SPI_RxHalfCpltCallback                        build/stm32f4xx_hal_spi.o
HAL_SPI_Transmit                                  build/stm32f4xx_hal_spi.o
HAL_SPI_TransmitReceive                           build/stm32f4xx_hal_spi.o
HAL_SPI_TransmitReceive_DMA                       build/stm32f4xx_hal_spi.o
HAL_SPI_TransmitReceive_IT                        build/stm32f4xx_hal_spi.o
HAL_SPI_Transmit_DMA                              build/stm32f4xx_hal_spi.o
HAL_SPI_Transmit_IT                               build/stm32f4xx_hal_spi.o
HAL_SPI_TxCpltCallback                            build/stm32f4xx_hal_spi.o
HAL_SPI_TxHalfCpltCallback                        build/stm32f4xx_hal_spi.o
HAL_SPI_TxRxCpltCallback                          build/stm32f4xx_hal_spi.o
HAL_SPI_TxRxHalfCpltCallback                      build/stm32f4xx_hal_spi.o
HAL_SYSTICK_CLKSourceConfig                       build/stm32f4xx_hal_cortex.o
                                                  build/main.o
HAL_SYSTICK_Callback                              build/stm32f4xx_hal_cortex.o
HAL_SYSTICK_Config                                build/stm32f4xx_hal_cortex.o
                                                  build/stm32f4xx_hal.o
                                                  build/main.o
HAL_SYSTICK_IRQHandler                            build/stm32f4xx_hal_cortex.o
                                                  build/stm32f4xx_it.o
HAL_SetTickFreq                                   build/stm32f4xx_hal.o
HAL_SuspendTick                                   build/stm32f4xx_hal.o
HAL_UART_Abort                                    build/stm32f4xx_hal_uart.o
HAL_UART_AbortCpltCallback                        build/stm32f4xx_hal_uart.o
HAL_UART_AbortReceive                             build/stm32f4xx_hal_uart.o
HAL_UART_AbortReceiveCpltCallback                 build/stm32f4xx_hal_uart.o
HAL_UART_AbortReceive_IT                          build/stm32f4xx_hal_uart.o
HAL_UART_AbortTransmit                            build/stm32f4xx_hal_uart.o
HAL_UART_AbortTransmitCpltCallback                build/stm32f4xx_hal_uart.o
HAL_UART_AbortTransmit_IT                         build/stm32f4xx_hal_uart.o
HAL_UART_Abort_IT                                 build/stm32f4xx_hal_uart.o
HAL_UART_DMAPause                                 build/stm32f4xx_hal_uart.o
HAL_UART_DMAResume                                build/stm32f4xx_hal_uart.o
HAL_UART_DMAStop                                  build/stm32f4xx_hal_uart.o
HAL_UART_DeInit                                   build/stm32f4xx_hal_uart.o
HAL_UART_ErrorCallback                            build/stm32f4xx_hal_uart.o
HAL_UART_GetError                                 build/stm32f4xx_hal_uart.o
HAL_UART_GetState                                 build/stm32f4xx_hal_uart.o
HAL_UART_IRQHandler                               build/stm32f4xx_hal_uart.o
HAL_UART_Init                                     build/stm32f4xx_hal_uart.o